Archive member included to satisfy reference by file (symbol)

/home/arielo/Ac6/SystemWorkbench/plugins/fr.ac6.mcu.externaltools.arm-none.linux64_1.17.0.201812190825/tools/compiler/bin/../lib/gcc/arm-none-eabi/7.3.1/thumb/v6-m/libgcc.a(_udivsi3.o)
                              Drivers/STM32F0xx_HAL_Driver/Src/stm32f0xx_hal.o (__aeabi_uidiv)
/home/arielo/Ac6/SystemWorkbench/plugins/fr.ac6.mcu.externaltools.arm-none.linux64_1.17.0.201812190825/tools/compiler/bin/../lib/gcc/arm-none-eabi/7.3.1/thumb/v6-m/libgcc.a(_divsi3.o)
                              Src/main.o (__aeabi_idiv)
/home/arielo/Ac6/SystemWorkbench/plugins/fr.ac6.mcu.externaltools.arm-none.linux64_1.17.0.201812190825/tools/compiler/bin/../lib/gcc/arm-none-eabi/7.3.1/thumb/v6-m/libgcc.a(_dvmd_tls.o)
                              /home/arielo/Ac6/SystemWorkbench/plugins/fr.ac6.mcu.externaltools.arm-none.linux64_1.17.0.201812190825/tools/compiler/bin/../lib/gcc/arm-none-eabi/7.3.1/thumb/v6-m/libgcc.a(_udivsi3.o) (__aeabi_idiv0)
/home/arielo/Ac6/SystemWorkbench/plugins/fr.ac6.mcu.externaltools.arm-none.linux64_1.17.0.201812190825/tools/compiler/bin/../lib/gcc/arm-none-eabi/7.3.1/thumb/v6-m/libgcc.a(_arm_cmpsf2.o)
                              Src/main.o (__aeabi_fcmpeq)
/home/arielo/Ac6/SystemWorkbench/plugins/fr.ac6.mcu.externaltools.arm-none.linux64_1.17.0.201812190825/tools/compiler/bin/../lib/gcc/arm-none-eabi/7.3.1/thumb/v6-m/libgcc.a(addsf3.o)
                              Src/main.o (__aeabi_fadd)
/home/arielo/Ac6/SystemWorkbench/plugins/fr.ac6.mcu.externaltools.arm-none.linux64_1.17.0.201812190825/tools/compiler/bin/../lib/gcc/arm-none-eabi/7.3.1/thumb/v6-m/libgcc.a(divsf3.o)
                              Src/main.o (__aeabi_fdiv)
/home/arielo/Ac6/SystemWorkbench/plugins/fr.ac6.mcu.externaltools.arm-none.linux64_1.17.0.201812190825/tools/compiler/bin/../lib/gcc/arm-none-eabi/7.3.1/thumb/v6-m/libgcc.a(eqsf2.o)
                              /home/arielo/Ac6/SystemWorkbench/plugins/fr.ac6.mcu.externaltools.arm-none.linux64_1.17.0.201812190825/tools/compiler/bin/../lib/gcc/arm-none-eabi/7.3.1/thumb/v6-m/libgcc.a(_arm_cmpsf2.o) (__eqsf2)
/home/arielo/Ac6/SystemWorkbench/plugins/fr.ac6.mcu.externaltools.arm-none.linux64_1.17.0.201812190825/tools/compiler/bin/../lib/gcc/arm-none-eabi/7.3.1/thumb/v6-m/libgcc.a(gesf2.o)
                              /home/arielo/Ac6/SystemWorkbench/plugins/fr.ac6.mcu.externaltools.arm-none.linux64_1.17.0.201812190825/tools/compiler/bin/../lib/gcc/arm-none-eabi/7.3.1/thumb/v6-m/libgcc.a(_arm_cmpsf2.o) (__gesf2)
/home/arielo/Ac6/SystemWorkbench/plugins/fr.ac6.mcu.externaltools.arm-none.linux64_1.17.0.201812190825/tools/compiler/bin/../lib/gcc/arm-none-eabi/7.3.1/thumb/v6-m/libgcc.a(lesf2.o)
                              /home/arielo/Ac6/SystemWorkbench/plugins/fr.ac6.mcu.externaltools.arm-none.linux64_1.17.0.201812190825/tools/compiler/bin/../lib/gcc/arm-none-eabi/7.3.1/thumb/v6-m/libgcc.a(_arm_cmpsf2.o) (__lesf2)
/home/arielo/Ac6/SystemWorkbench/plugins/fr.ac6.mcu.externaltools.arm-none.linux64_1.17.0.201812190825/tools/compiler/bin/../lib/gcc/arm-none-eabi/7.3.1/thumb/v6-m/libgcc.a(mulsf3.o)
                              Src/main.o (__aeabi_fmul)
/home/arielo/Ac6/SystemWorkbench/plugins/fr.ac6.mcu.externaltools.arm-none.linux64_1.17.0.201812190825/tools/compiler/bin/../lib/gcc/arm-none-eabi/7.3.1/thumb/v6-m/libgcc.a(subsf3.o)
                              Src/main.o (__aeabi_fsub)
/home/arielo/Ac6/SystemWorkbench/plugins/fr.ac6.mcu.externaltools.arm-none.linux64_1.17.0.201812190825/tools/compiler/bin/../lib/gcc/arm-none-eabi/7.3.1/thumb/v6-m/libgcc.a(fixsfsi.o)
                              Src/main.o (__aeabi_f2iz)
/home/arielo/Ac6/SystemWorkbench/plugins/fr.ac6.mcu.externaltools.arm-none.linux64_1.17.0.201812190825/tools/compiler/bin/../lib/gcc/arm-none-eabi/7.3.1/thumb/v6-m/libgcc.a(floatsisf.o)
                              Src/main.o (__aeabi_i2f)
/home/arielo/Ac6/SystemWorkbench/plugins/fr.ac6.mcu.externaltools.arm-none.linux64_1.17.0.201812190825/tools/compiler/bin/../lib/gcc/arm-none-eabi/7.3.1/thumb/v6-m/libgcc.a(floatunsisf.o)
                              Src/main.o (__aeabi_ui2f)
/home/arielo/Ac6/SystemWorkbench/plugins/fr.ac6.mcu.externaltools.arm-none.linux64_1.17.0.201812190825/tools/compiler/bin/../lib/gcc/arm-none-eabi/7.3.1/thumb/v6-m/libgcc.a(_clzsi2.o)
                              /home/arielo/Ac6/SystemWorkbench/plugins/fr.ac6.mcu.externaltools.arm-none.linux64_1.17.0.201812190825/tools/compiler/bin/../lib/gcc/arm-none-eabi/7.3.1/thumb/v6-m/libgcc.a(addsf3.o) (__clzsi2)
/home/arielo/Ac6/SystemWorkbench/plugins/fr.ac6.mcu.externaltools.arm-none.linux64_1.17.0.201812190825/tools/compiler/bin/../lib/gcc/arm-none-eabi/7.3.1/../../../../arm-none-eabi/lib/thumb/v6-m/libc_nano.a(lib_a-atol.o)
                              Src/main.o (atol)
[...]
Memory Configuration

Name             Origin             Length             Attributes
RAM              0x0000000020000000 0x0000000000004000 xrw
FLASH            0x0000000008000000 0x0000000000020000 xr
*default*        0x0000000000000000 0xffffffffffffffff

Linker script and memory map

LOAD /home/arielo/Ac6/SystemWorkbench/plugins/fr.ac6.mcu.externaltools.arm-none.linux64_1.17.0.201812190825/tools/compiler/bin/../lib/gcc/arm-none-eabi/7.3.1/thumb/v6-m/crti.o
LOAD /home/arielo/Ac6/SystemWorkbench/plugins/fr.ac6.mcu.externaltools.arm-none.linux64_1.17.0.201812190825/tools/compiler/bin/../lib/gcc/arm-none-eabi/7.3.1/thumb/v6-m/crtbegin.o
LOAD /home/arielo/Ac6/SystemWorkbench/plugins/fr.ac6.mcu.externaltools.arm-none.linux64_1.17.0.201812190825/tools/compiler/bin/../lib/gcc/arm-none-eabi/7.3.1/../../../../arm-none-eabi/lib/thumb/v6-m/crt0.o
LOAD Drivers/STM32F0xx_HAL_Driver/Src/stm32f0xx_hal.o
LOAD Drivers/STM32F0xx_HAL_Driver/Src/stm32f0xx_hal_adc.o
LOAD Drivers/STM32F0xx_HAL_Driver/Src/stm32f0xx_hal_adc_ex.o
LOAD Drivers/STM32F0xx_HAL_Driver/Src/stm32f0xx_hal_cortex.o
LOAD Drivers/STM32F0xx_HAL_Driver/Src/stm32f0xx_hal_dma.o
LOAD Drivers/STM32F0xx_HAL_Driver/Src/stm32f0xx_hal_flash.o
LOAD Drivers/STM32F0xx_HAL_Driver/Src/stm32f0xx_hal_flash_ex.o
LOAD Drivers/STM32F0xx_HAL_Driver/Src/stm32f0xx_hal_gpio.o
LOAD Drivers/STM32F0xx_HAL_Driver/Src/stm32f0xx_hal_i2c.o
LOAD Drivers/STM32F0xx_HAL_Driver/Src/stm32f0xx_hal_i2c_ex.o
LOAD Drivers/STM32F0xx_HAL_Driver/Src/stm32f0xx_hal_pcd.o
LOAD Drivers/STM32F0xx_HAL_Driver/Src/stm32f0xx_hal_pcd_ex.o
LOAD Drivers/STM32F0xx_HAL_Driver/Src/stm32f0xx_hal_pwr.o
LOAD Drivers/STM32F0xx_HAL_Driver/Src/stm32f0xx_hal_pwr_ex.o
LOAD Drivers/STM32F0xx_HAL_Driver/Src/stm32f0xx_hal_rcc.o
LOAD Drivers/STM32F0xx_HAL_Driver/Src/stm32f0xx_hal_rcc_ex.o
LOAD Drivers/STM32F0xx_HAL_Driver/Src/stm32f0xx_hal_spi.o
LOAD Drivers/STM32F0xx_HAL_Driver/Src/stm32f0xx_hal_spi_ex.o
LOAD Drivers/STM32F0xx_HAL_Driver/Src/stm32f0xx_hal_tim.o
LOAD Drivers/STM32F0xx_HAL_Driver/Src/stm32f0xx_hal_tim_ex.o
LOAD Drivers/STM32F0xx_HAL_Driver/Src/stm32f0xx_hal_uart.o
LOAD Drivers/STM32F0xx_HAL_Driver/Src/stm32f0xx_hal_uart_ex.o
LOAD Middlewares/ST/STM32_USB_Device_Library/Class/CDC/Src/usbd_cdc.o
LOAD Middlewares/ST/STM32_USB_Device_Library/Core/Src/usbd_core.o
LOAD Middlewares/ST/STM32_USB_Device_Library/Core/Src/usbd_ctlreq.o
LOAD Middlewares/ST/STM32_USB_Device_Library/Core/Src/usbd_ioreq.o
LOAD Src/eeprom.o
LOAD Src/main.o
LOAD Src/stm32f0xx_hal_msp.o
LOAD Src/stm32f0xx_it.o
LOAD Src/syscalls.o
LOAD Src/system_stm32f0xx.o
LOAD Src/usb_device.o
LOAD Src/usbd_cdc_if.o
LOAD Src/usbd_conf.o
LOAD Src/usbd_desc.o
LOAD startup/startup_stm32f072xb.o
LOAD /home/arielo/Ac6/SystemWorkbench/plugins/fr.ac6.mcu.externaltools.arm-none.linux64_1.17.0.201812190825/tools/compiler/bin/../lib/gcc/arm-none-eabi/7.3.1/../../../../arm-none-eabi/lib/thumb/v6-m/libm.a
START GROUP
LOAD /home/arielo/Ac6/SystemWorkbench/plugins/fr.ac6.mcu.externaltools.arm-none.linux64_1.17.0.201812190825/tools/compiler/bin/../lib/gcc/arm-none-eabi/7.3.1/thumb/v6-m/libgcc.a
LOAD /home/arielo/Ac6/SystemWorkbench/plugins/fr.ac6.mcu.externaltools.arm-none.linux64_1.17.0.201812190825/tools/compiler/bin/../lib/gcc/arm-none-eabi/7.3.1/../../../../arm-none-eabi/lib/thumb/v6-m/libc_nano.a
END GROUP
START GROUP
LOAD /home/arielo/Ac6/SystemWorkbench/plugins/fr.ac6.mcu.externaltools.arm-none.linux64_1.17.0.201812190825/tools/compiler/bin/../lib/gcc/arm-none-eabi/7.3.1/thumb/v6-m/libgcc.a
LOAD /home/arielo/Ac6/SystemWorkbench/plugins/fr.ac6.mcu.externaltools.arm-none.linux64_1.17.0.201812190825/tools/compiler/bin/../lib/gcc/arm-none-eabi/7.3.1/../../../../arm-none-eabi/lib/thumb/v6-m/libc_nano.a
LOAD /home/arielo/Ac6/SystemWorkbench/plugins/fr.ac6.mcu.externaltools.arm-none.linux64_1.17.0.201812190825/tools/compiler/bin/../lib/gcc/arm-none-eabi/7.3.1/../../../../arm-none-eabi/lib/thumb/v6-m/libnosys.a
END GROUP
START GROUP
LOAD /home/arielo/Ac6/SystemWorkbench/plugins/fr.ac6.mcu.externaltools.arm-none.linux64_1.17.0.201812190825/tools/compiler/bin/../lib/gcc/arm-none-eabi/7.3.1/thumb/v6-m/libgcc.a
LOAD /home/arielo/Ac6/SystemWorkbench/plugins/fr.ac6.mcu.externaltools.arm-none.linux64_1.17.0.201812190825/tools/compiler/bin/../lib/gcc/arm-none-eabi/7.3.1/../../../../arm-none-eabi/lib/thumb/v6-m/libc_nano.a
LOAD /home/arielo/Ac6/SystemWorkbench/plugins/fr.ac6.mcu.externaltools.arm-none.linux64_1.17.0.201812190825/tools/compiler/bin/../lib/gcc/arm-none-eabi/7.3.1/../../../../arm-none-eabi/lib/thumb/v6-m/libnosys.a
END GROUP
LOAD /home/arielo/Ac6/SystemWorkbench/plugins/fr.ac6.mcu.externaltools.arm-none.linux64_1.17.0.201812190825/tools/compiler/bin/../lib/gcc/arm-none-eabi/7.3.1/thumb/v6-m/crtend.o
LOAD /home/arielo/Ac6/SystemWorkbench/plugins/fr.ac6.mcu.externaltools.arm-none.linux64_1.17.0.201812190825/tools/compiler/bin/../lib/gcc/arm-none-eabi/7.3.1/thumb/v6-m/crtn.o
                0x0000000020004000                _estack = 0x20004000
                0x0000000000000200                _Min_Heap_Size = 0x200
                0x0000000000000400                _Min_Stack_Size = 0x400

.isr_vector     0x0000000008000000       0xc0
                0x0000000008000000                . = ALIGN (0x4)
 *(.isr_vector)
 .isr_vector    0x0000000008000000       0xc0 startup/startup_stm32f072xb.o
                0x0000000008000000                g_pfnVectors
                0x00000000080000c0                . = ALIGN (0x4)

.text           0x00000000080000c0     0x90cc
                0x00000000080000c0                . = ALIGN (0x4)
 *(.text)
 .text          0x00000000080000c0       0x48 /home/arielo/Ac6/SystemWorkbench/plugins/fr.ac6.mcu.externaltools.arm-none.linux64_1.17.0.201812190825/tools/compiler/bin/../lib/gcc/arm-none-eabi/7.3.1/thumb/v6-m/crtbegin.o
 .text          0x0000000008000108      0x114 /home/arielo/Ac6/SystemWorkbench/plugins/fr.ac6.mcu.externaltools.arm-none.linux64_1.17.0.201812190825/tools/compiler/bin/../lib/gcc/arm-none-eabi/7.3.1/thumb/v6-m/libgcc.a(_udivsi3.o)
                0x0000000008000108                __udivsi3
                0x0000000008000108                __aeabi_uidiv
                0x0000000008000214                __aeabi_uidivmod
 .text          0x000000000800021c      0x1d4 /home/arielo/Ac6/SystemWorkbench/plugins/fr.ac6.mcu.externaltools.arm-none.linux64_1.17.0.201812190825/tools/compiler/bin/../lib/gcc/arm-none-eabi/7.3.1/thumb/v6-m/libgcc.a(_divsi3.o)
                0x000000000800021c                __aeabi_idiv
                0x000000000800021c                __divsi3
                0x00000000080003e8                __aeabi_idivmod
 .text          0x00000000080003f0        0x4 /home/arielo/Ac6/SystemWorkbench/plugins/fr.ac6.mcu.externaltools.arm-none.linux64_1.17.0.201812190825/tools/compiler/bin/../lib/gcc/arm-none-eabi/7.3.1/thumb/v6-m/libgcc.a(_dvmd_tls.o)
                0x00000000080003f0                __aeabi_ldiv0
                0x00000000080003f0                __aeabi_idiv0
 .text          0x00000000080003f4       0x74 /home/arielo/Ac6/SystemWorkbench/plugins/fr.ac6.mcu.externaltools.arm-none.linux64_1.17.0.201812190825/tools/compiler/bin/../lib/gcc/arm-none-eabi/7.3.1/thumb/v6-m/libgcc.a(_arm_cmpsf2.o)
                0x00000000080003f4                __aeabi_cfrcmple
                0x00000000080003fc                __aeabi_cfcmple
                0x00000000080003fc                __aeabi_cfcmpeq
                0x000000000800040c                __aeabi_fcmpeq
                0x0000000008000418                __aeabi_fcmplt
                0x000000000800042c                __aeabi_fcmple
                0x0000000008000440                __aeabi_fcmpgt
                0x0000000008000454                __aeabi_fcmpge
 .text          0x0000000008000468      0x334 /home/arielo/Ac6/SystemWorkbench/plugins/fr.ac6.mcu.externaltools.arm-none.linux64_1.17.0.201812190825/tools/compiler/bin/../lib/gcc/arm-none-eabi/7.3.1/thumb/v6-m/libgcc.a(addsf3.o)
                0x0000000008000468                __aeabi_fadd
 .text          0x000000000800079c      0x224 /home/arielo/Ac6/SystemWorkbench/plugins/fr.ac6.mcu.externaltools.arm-none.linux64_1.17.0.201812190825/tools/compiler/bin/../lib/gcc/arm-none-eabi/7.3.1/thumb/v6-m/libgcc.a(divsf3.o)
                0x000000000800079c                __aeabi_fdiv
 .text          0x00000000080009c0       0x50 /home/arielo/Ac6/SystemWorkbench/plugins/fr.ac6.mcu.externaltools.arm-none.linux64_1.17.0.201812190825/tools/compiler/bin/../lib/gcc/arm-none-eabi/7.3.1/thumb/v6-m/libgcc.a(eqsf2.o)
                0x00000000080009c0                __nesf2
                0x00000000080009c0                __eqsf2
 .text          0x0000000008000a10       0x9c /home/arielo/Ac6/SystemWorkbench/plugins/fr.ac6.mcu.externaltools.arm-none.linux64_1.17.0.201812190825/tools/compiler/bin/../lib/gcc/arm-none-eabi/7.3.1/thumb/v6-m/libgcc.a(gesf2.o)
                0x0000000008000a10                __gtsf2
                0x0000000008000a10                __gesf2
 .text          0x0000000008000aac       0xa0 /home/arielo/Ac6/SystemWorkbench/plugins/fr.ac6.mcu.externaltools.arm-none.linux64_1.17.0.201812190825/tools/compiler/bin/../lib/gcc/arm-none-eabi/7.3.1/thumb/v6-m/libgcc.a(lesf2.o)
                0x0000000008000aac                __lesf2
                0x0000000008000aac                __ltsf2
 .text          0x0000000008000b4c      0x264 /home/arielo/Ac6/SystemWorkbench/plugins/fr.ac6.mcu.externaltools.arm-none.linux64_1.17.0.201812190825/tools/compiler/bin/../lib/gcc/arm-none-eabi/7.3.1/thumb/v6-m/libgcc.a(mulsf3.o)
                0x0000000008000b4c                __aeabi_fmul
 .text          0x0000000008000db0      0x388 /home/arielo/Ac6/SystemWorkbench/plugins/fr.ac6.mcu.externaltools.arm-none.linux64_1.17.0.201812190825/tools/compiler/bin/../lib/gcc/arm-none-eabi/7.3.1/thumb/v6-m/libgcc.a(subsf3.o)
                0x0000000008000db0                __aeabi_fsub
 .text          0x0000000008001138       0x40 /home/arielo/Ac6/SystemWorkbench/plugins/fr.ac6.mcu.externaltools.arm-none.linux64_1.17.0.201812190825/tools/compiler/bin/../lib/gcc/arm-none-eabi/7.3.1/thumb/v6-m/libgcc.a(fixsfsi.o)
                0x0000000008001138                __aeabi_f2iz
 .text          0x0000000008001178       0x94 /home/arielo/Ac6/SystemWorkbench/plugins/fr.ac6.mcu.externaltools.arm-none.linux64_1.17.0.201812190825/tools/compiler/bin/../lib/gcc/arm-none-eabi/7.3.1/thumb/v6-m/libgcc.a(floatsisf.o)
                0x0000000008001178                __aeabi_i2f
 .text          0x000000000800120c       0x80 /home/arielo/Ac6/SystemWorkbench/plugins/fr.ac6.mcu.externaltools.arm-none.linux64_1.17.0.201812190825/tools/compiler/bin/../lib/gcc/arm-none-eabi/7.3.1/thumb/v6-m/libgcc.a(floatunsisf.o)
                0x000000000800120c                __aeabi_ui2f
 .text          0x000000000800128c       0x3c /home/arielo/Ac6/SystemWorkbench/plugins/fr.ac6.mcu.externaltools.arm-none.linux64_1.17.0.201812190825/tools/compiler/bin/../lib/gcc/arm-none-eabi/7.3.1/thumb/v6-m/libgcc.a(_clzsi2.o)
                0x000000000800128c                __clzsi2
 *(.text*)
 .text.HAL_InitTick
                0x00000000080012c8       0x24 Drivers/STM32F0xx_HAL_Driver/Src/stm32f0xx_hal.o
                0x00000000080012c8                HAL_InitTick
 .text.HAL_Init
                0x00000000080012ec       0x20 Drivers/STM32F0xx_HAL_Driver/Src/stm32f0xx_hal.o
                0x00000000080012ec                HAL_Init
 .text.HAL_GetTick
                0x000000000800130c        0xc Drivers/STM32F0xx_HAL_Driver/Src/stm32f0xx_hal.o
                0x000000000800130c                HAL_GetTick
 .text.ADC_Enable
                0x0000000008001318       0xa8 Drivers/STM32F0xx_HAL_Driver/Src/stm32f0xx_hal_adc.o
 .text.HAL_ADC_Init
                0x00000000080013c0      0x164 Drivers/STM32F0xx_HAL_Driver/Src/stm32f0xx_hal_adc.o
                0x00000000080013c0                HAL_ADC_Init
 .text.HAL_ADC_Start_DMA
                0x0000000008001524       0xa4 Drivers/STM32F0xx_HAL_Driver/Src/stm32f0xx_hal_adc.o
                0x0000000008001524                HAL_ADC_Start_DMA
 .text.ADC_DMAConvCplt
                0x00000000080015c8       0x70 Drivers/STM32F0xx_HAL_Driver/Src/stm32f0xx_hal_adc.o
 .text.HAL_ADC_ConvHalfCpltCallback
                0x0000000008001638        0x2 Drivers/STM32F0xx_HAL_Driver/Src/stm32f0xx_hal_adc.o
                0x0000000008001638                HAL_ADC_ConvHalfCpltCallback
 .text.ADC_DMAHalfConvCplt
                0x000000000800163a        0xa Drivers/STM32F0xx_HAL_Driver/Src/stm32f0xx_hal_adc.o
 .text.HAL_ADC_LevelOutOfWindowCallback
                0x0000000008001644        0x2 Drivers/STM32F0xx_HAL_Driver/Src/stm32f0xx_hal_adc.o
                0x0000000008001644                HAL_ADC_LevelOutOfWindowCallback
 .text.HAL_ADC_ErrorCallback
                0x0000000008001646        0x2 Drivers/STM32F0xx_HAL_Driver/Src/stm32f0xx_hal_adc.o
                0x0000000008001646                HAL_ADC_ErrorCallback
 .text.ADC_DMAError
                0x0000000008001648       0x1a Drivers/STM32F0xx_HAL_Driver/Src/stm32f0xx_hal_adc.o
 *fill*         0x0000000008001662        0x2 
 .text.HAL_ADC_IRQHandler
                0x0000000008001664       0xdc Drivers/STM32F0xx_HAL_Driver/Src/stm32f0xx_hal_adc.o
                0x0000000008001664                HAL_ADC_IRQHandler
 .text.HAL_ADC_ConfigChannel
                0x0000000008001740      0x148 Drivers/STM32F0xx_HAL_Driver/Src/stm32f0xx_hal_adc.o
                0x0000000008001740                HAL_ADC_ConfigChannel
 .text.HAL_NVIC_SetPriority
                0x0000000008001888       0x68 Drivers/STM32F0xx_HAL_Driver/Src/stm32f0xx_hal_cortex.o
                0x0000000008001888                HAL_NVIC_SetPriority
 .text.HAL_NVIC_EnableIRQ
                0x00000000080018f0       0x14 Drivers/STM32F0xx_HAL_Driver/Src/stm32f0xx_hal_cortex.o
                0x00000000080018f0                HAL_NVIC_EnableIRQ
 .text.HAL_SYSTICK_Config
                0x0000000008001904       0x38 Drivers/STM32F0xx_HAL_Driver/Src/stm32f0xx_hal_cortex.o
                0x0000000008001904                HAL_SYSTICK_Config
 .text.HAL_DMA_Init
                0x000000000800193c       0x74 Drivers/STM32F0xx_HAL_Driver/Src/stm32f0xx_hal_dma.o
                0x000000000800193c                HAL_DMA_Init
 .text.HAL_DMA_Start_IT
                0x00000000080019b0       0x92 Drivers/STM32F0xx_HAL_Driver/Src/stm32f0xx_hal_dma.o
                0x00000000080019b0                HAL_DMA_Start_IT
 .text.HAL_DMA_Abort_IT
                0x0000000008001a42       0x4a Drivers/STM32F0xx_HAL_Driver/Src/stm32f0xx_hal_dma.o
                0x0000000008001a42                HAL_DMA_Abort_IT
 .text.HAL_DMA_IRQHandler
                0x0000000008001a8c       0xaa Drivers/STM32F0xx_HAL_Driver/Src/stm32f0xx_hal_dma.o
                0x0000000008001a8c                HAL_DMA_IRQHandler
 *fill*         0x0000000008001b36        0x2 
 .text.FLASH_SetErrorCode
                0x0000000008001b38       0x3c Drivers/STM32F0xx_HAL_Driver/Src/stm32f0xx_hal_flash.o
 .text.HAL_FLASH_Unlock
                0x0000000008001b74       0x24 Drivers/STM32F0xx_HAL_Driver/Src/stm32f0xx_hal_flash.o
                0x0000000008001b74                HAL_FLASH_Unlock
 .text.HAL_FLASH_Lock
                0x0000000008001b98       0x14 Drivers/STM32F0xx_HAL_Driver/Src/stm32f0xx_hal_flash.o
                0x0000000008001b98                HAL_FLASH_Lock
 .text.FLASH_WaitForLastOperation
                0x0000000008001bac       0x5c Drivers/STM32F0xx_HAL_Driver/Src/stm32f0xx_hal_flash.o
                0x0000000008001bac                FLASH_WaitForLastOperation
 .text.HAL_FLASH_Program
                0x0000000008001c08       0xcc Drivers/STM32F0xx_HAL_Driver/Src/stm32f0xx_hal_flash.o
                0x0000000008001c08                HAL_FLASH_Program
 .text.FLASH_MassErase
                0x0000000008001cd4       0x24 Drivers/STM32F0xx_HAL_Driver/Src/stm32f0xx_hal_flash_ex.o
 .text.FLASH_PageErase
                0x0000000008001cf8       0x24 Drivers/STM32F0xx_HAL_Driver/Src/stm32f0xx_hal_flash_ex.o
                0x0000000008001cf8                FLASH_PageErase
 .text.HAL_FLASHEx_Erase
                0x0000000008001d1c       0xc0 Drivers/STM32F0xx_HAL_Driver/Src/stm32f0xx_hal_flash_ex.o
                0x0000000008001d1c                HAL_FLASHEx_Erase
 .text.HAL_GPIO_Init
                0x0000000008001ddc      0x1bc Drivers/STM32F0xx_HAL_Driver/Src/stm32f0xx_hal_gpio.o
                0x0000000008001ddc                HAL_GPIO_Init
 .text.HAL_GPIO_ReadPin
                0x0000000008001f98        0xc Drivers/STM32F0xx_HAL_Driver/Src/stm32f0xx_hal_gpio.o
                0x0000000008001f98                HAL_GPIO_ReadPin
 .text.HAL_GPIO_WritePin
                0x0000000008001fa4        0xc Drivers/STM32F0xx_HAL_Driver/Src/stm32f0xx_hal_gpio.o
                0x0000000008001fa4                HAL_GPIO_WritePin
 .text.HAL_GPIO_EXTI_IRQHandler
                0x0000000008001fb0       0x1c Drivers/STM32F0xx_HAL_Driver/Src/stm32f0xx_hal_gpio.o
                0x0000000008001fb0                HAL_GPIO_EXTI_IRQHandler
 .text.HAL_PCD_Init
                0x0000000008001fcc       0xa4 Drivers/STM32F0xx_HAL_Driver/Src/stm32f0xx_hal_pcd.o
                0x0000000008001fcc                HAL_PCD_Init
 .text.HAL_PCD_Start
                0x0000000008002070       0x12 Drivers/STM32F0xx_HAL_Driver/Src/stm32f0xx_hal_pcd.o
                0x0000000008002070                HAL_PCD_Start
 .text.HAL_PCD_SetAddress
                0x0000000008002082       0x36 Drivers/STM32F0xx_HAL_Driver/Src/stm32f0xx_hal_pcd.o
                0x0000000008002082                HAL_PCD_SetAddress
 .text.HAL_PCD_EP_Open
                0x00000000080020b8      0x350 Drivers/STM32F0xx_HAL_Driver/Src/stm32f0xx_hal_pcd.o
                0x00000000080020b8                HAL_PCD_EP_Open
 .text.HAL_PCD_EP_Close
                0x0000000008002408      0x1d0 Drivers/STM32F0xx_HAL_Driver/Src/stm32f0xx_hal_pcd.o
                0x0000000008002408                HAL_PCD_EP_Close
 .text.HAL_PCD_EP_Receive
                0x00000000080025d8      0x264 Drivers/STM32F0xx_HAL_Driver/Src/stm32f0xx_hal_pcd.o
                0x00000000080025d8                HAL_PCD_EP_Receive
 .text.HAL_PCD_EP_GetRxCount
                0x000000000800283c       0x16 Drivers/STM32F0xx_HAL_Driver/Src/stm32f0xx_hal_pcd.o
                0x000000000800283c                HAL_PCD_EP_GetRxCount
 *fill*         0x0000000008002852        0x2 
 .text.HAL_PCD_EP_SetStall
                0x0000000008002854       0xd4 Drivers/STM32F0xx_HAL_Driver/Src/stm32f0xx_hal_pcd.o
                0x0000000008002854                HAL_PCD_EP_SetStall
 .text.HAL_PCD_EP_ClrStall
                0x0000000008002928       0xe0 Drivers/STM32F0xx_HAL_Driver/Src/stm32f0xx_hal_pcd.o
                0x0000000008002928                HAL_PCD_EP_ClrStall
 .text.PCD_WritePMA
                0x0000000008002a08       0x2c Drivers/STM32F0xx_HAL_Driver/Src/stm32f0xx_hal_pcd.o
                0x0000000008002a08                PCD_WritePMA
 .text.HAL_PCD_EP_Transmit
                0x0000000008002a34      0x218 Drivers/STM32F0xx_HAL_Driver/Src/stm32f0xx_hal_pcd.o
                0x0000000008002a34                HAL_PCD_EP_Transmit
 .text.PCD_ReadPMA
                0x0000000008002c4c       0x3a Drivers/STM32F0xx_HAL_Driver/Src/stm32f0xx_hal_pcd.o
                0x0000000008002c4c                PCD_ReadPMA
 *fill*         0x0000000008002c86        0x2 
 .text.HAL_PCD_IRQHandler
                0x0000000008002c88      0x5cc Drivers/STM32F0xx_HAL_Driver/Src/stm32f0xx_hal_pcd.o
                0x0000000008002c88                HAL_PCD_IRQHandler
 .text.HAL_PCDEx_PMAConfig
                0x0000000008003254       0x3a Drivers/STM32F0xx_HAL_Driver/Src/stm32f0xx_hal_pcd_ex.o
                0x0000000008003254                HAL_PCDEx_PMAConfig
 *fill*         0x000000000800328e        0x2 
 .text.HAL_RCC_OscConfig
                0x0000000008003290      0x540 Drivers/STM32F0xx_HAL_Driver/Src/stm32f0xx_hal_rcc.o
                0x0000000008003290                HAL_RCC_OscConfig
 .text.HAL_RCC_GetSysClockFreq
                0x00000000080037d0       0xa0 Drivers/STM32F0xx_HAL_Driver/Src/stm32f0xx_hal_rcc.o
                0x00000000080037d0                HAL_RCC_GetSysClockFreq
 .text.HAL_RCC_ClockConfig
                0x0000000008003870      0x1a4 Drivers/STM32F0xx_HAL_Driver/Src/stm32f0xx_hal_rcc.o
                0x0000000008003870                HAL_RCC_ClockConfig
 .text.HAL_RCC_GetHCLKFreq
                0x0000000008003a14        0xc Drivers/STM32F0xx_HAL_Driver/Src/stm32f0xx_hal_rcc.o
                0x0000000008003a14                HAL_RCC_GetHCLKFreq
 .text.HAL_RCC_GetPCLK1Freq
                0x0000000008003a20       0x20 Drivers/STM32F0xx_HAL_Driver/Src/stm32f0xx_hal_rcc.o
                0x0000000008003a20                HAL_RCC_GetPCLK1Freq
 .text.HAL_RCCEx_PeriphCLKConfig
                0x0000000008003a40      0x168 Drivers/STM32F0xx_HAL_Driver/Src/stm32f0xx_hal_rcc_ex.o
                0x0000000008003a40                HAL_RCCEx_PeriphCLKConfig
 .text.HAL_RCCEx_CRSConfig
                0x0000000008003ba8       0x54 Drivers/STM32F0xx_HAL_Driver/Src/stm32f0xx_hal_rcc_ex.o
                0x0000000008003ba8                HAL_RCCEx_CRSConfig
 .text.SPI_WaitFlagStateUntilTimeout
                0x0000000008003bfc       0x9c Drivers/STM32F0xx_HAL_Driver/Src/stm32f0xx_hal_spi.o
 .text.SPI_WaitFifoStateUntilTimeout
                0x0000000008003c98       0xd0 Drivers/STM32F0xx_HAL_Driver/Src/stm32f0xx_hal_spi.o
 .text.SPI_EndRxTxTransaction
                0x0000000008003d68       0x68 Drivers/STM32F0xx_HAL_Driver/Src/stm32f0xx_hal_spi.o
 .text.HAL_SPI_Init
                0x0000000008003dd0      0x100 Drivers/STM32F0xx_HAL_Driver/Src/stm32f0xx_hal_spi.o
                0x0000000008003dd0                HAL_SPI_Init
 .text.HAL_SPI_Transmit
                0x0000000008003ed0      0x1c0 Drivers/STM32F0xx_HAL_Driver/Src/stm32f0xx_hal_spi.o
                0x0000000008003ed0                HAL_SPI_Transmit
 .text.TIM_OC1_SetConfig
                0x0000000008004090       0x9c Drivers/STM32F0xx_HAL_Driver/Src/stm32f0xx_hal_tim.o
 .text.TIM_OC3_SetConfig
                0x000000000800412c       0x88 Drivers/STM32F0xx_HAL_Driver/Src/stm32f0xx_hal_tim.o
 .text.TIM_OC4_SetConfig
                0x00000000080041b4       0x74 Drivers/STM32F0xx_HAL_Driver/Src/stm32f0xx_hal_tim.o
 .text.TIM_Base_SetConfig
                0x0000000008004228      0x128 Drivers/STM32F0xx_HAL_Driver/Src/stm32f0xx_hal_tim.o
                0x0000000008004228                TIM_Base_SetConfig
 .text.HAL_TIM_Base_Init
                0x0000000008004350       0x34 Drivers/STM32F0xx_HAL_Driver/Src/stm32f0xx_hal_tim.o
                0x0000000008004350                HAL_TIM_Base_Init
 .text.HAL_TIM_PWM_Init
                0x0000000008004384       0x34 Drivers/STM32F0xx_HAL_Driver/Src/stm32f0xx_hal_tim.o
                0x0000000008004384                HAL_TIM_PWM_Init
 .text.HAL_TIM_Encoder_Init
                0x00000000080043b8       0xa4 Drivers/STM32F0xx_HAL_Driver/Src/stm32f0xx_hal_tim.o
                0x00000000080043b8                HAL_TIM_Encoder_Init
 .text.TIM_OC2_SetConfig
                0x000000000800445c       0x80 Drivers/STM32F0xx_HAL_Driver/Src/stm32f0xx_hal_tim.o
                0x000000000800445c                TIM_OC2_SetConfig
 .text.HAL_TIM_PWM_ConfigChannel
                0x00000000080044dc       0xec Drivers/STM32F0xx_HAL_Driver/Src/stm32f0xx_hal_tim.o
                0x00000000080044dc                HAL_TIM_PWM_ConfigChannel
 .text.TIM_ETR_SetConfig
                0x00000000080045c8       0x18 Drivers/STM32F0xx_HAL_Driver/Src/stm32f0xx_hal_tim.o
                0x00000000080045c8                TIM_ETR_SetConfig
 .text.HAL_TIM_ConfigClockSource
                0x00000000080045e0      0x198 Drivers/STM32F0xx_HAL_Driver/Src/stm32f0xx_hal_tim.o
                0x00000000080045e0                HAL_TIM_ConfigClockSource
 .text.TIM_CCxChannelCmd
                0x0000000008004778       0x16 Drivers/STM32F0xx_HAL_Driver/Src/stm32f0xx_hal_tim.o
                0x0000000008004778                TIM_CCxChannelCmd
 *fill*         0x000000000800478e        0x2 
 .text.HAL_TIM_PWM_Start
                0x0000000008004790       0x50 Drivers/STM32F0xx_HAL_Driver/Src/stm32f0xx_hal_tim.o
                0x0000000008004790                HAL_TIM_PWM_Start
 .text.HAL_TIM_Encoder_Start_IT
                0x00000000080047e0       0x6e Drivers/STM32F0xx_HAL_Driver/Src/stm32f0xx_hal_tim.o
                0x00000000080047e0                HAL_TIM_Encoder_Start_IT
 .text.HAL_TIMEx_MasterConfigSynchronization
                0x000000000800484e       0x4c Drivers/STM32F0xx_HAL_Driver/Src/stm32f0xx_hal_tim_ex.o
                0x000000000800484e                HAL_TIMEx_MasterConfigSynchronization
 *fill*         0x000000000800489a        0x2 
 .text.HAL_TIMEx_ConfigBreakDeadTime
                0x000000000800489c       0x7c Drivers/STM32F0xx_HAL_Driver/Src/stm32f0xx_hal_tim_ex.o
                0x000000000800489c                HAL_TIMEx_ConfigBreakDeadTime
 .text.UART_EndRxTransfer
                0x0000000008004918       0x24 Drivers/STM32F0xx_HAL_Driver/Src/stm32f0xx_hal_uart.o
 .text.HAL_UART_Receive_IT
                0x000000000800493c       0xec Drivers/STM32F0xx_HAL_Driver/Src/stm32f0xx_hal_uart.o
                0x000000000800493c                HAL_UART_Receive_IT
 .text.HAL_UART_Transmit_DMA
                0x0000000008004a28       0xa4 Drivers/STM32F0xx_HAL_Driver/Src/stm32f0xx_hal_uart.o
                0x0000000008004a28                HAL_UART_Transmit_DMA
 .text.HAL_UART_TxCpltCallback
                0x0000000008004acc        0x2 Drivers/STM32F0xx_HAL_Driver/Src/stm32f0xx_hal_uart.o
                0x0000000008004acc                HAL_UART_TxCpltCallback
 .text.UART_DMATransmitCplt
                0x0000000008004ace       0x30 Drivers/STM32F0xx_HAL_Driver/Src/stm32f0xx_hal_uart.o
 .text.HAL_UART_TxHalfCpltCallback
                0x0000000008004afe        0x2 Drivers/STM32F0xx_HAL_Driver/Src/stm32f0xx_hal_uart.o
                0x0000000008004afe                HAL_UART_TxHalfCpltCallback
 .text.UART_DMATxHalfCplt
                0x0000000008004b00        0xa Drivers/STM32F0xx_HAL_Driver/Src/stm32f0xx_hal_uart.o
 .text.HAL_UART_ErrorCallback
                0x0000000008004b0a        0x2 Drivers/STM32F0xx_HAL_Driver/Src/stm32f0xx_hal_uart.o
                0x0000000008004b0a                HAL_UART_ErrorCallback
 .text.UART_DMAError
                0x0000000008004b0c       0x58 Drivers/STM32F0xx_HAL_Driver/Src/stm32f0xx_hal_uart.o
 .text.UART_DMAAbortOnError
                0x0000000008004b64       0x14 Drivers/STM32F0xx_HAL_Driver/Src/stm32f0xx_hal_uart.o
 .text.UART_SetConfig
                0x0000000008004b78      0x218 Drivers/STM32F0xx_HAL_Driver/Src/stm32f0xx_hal_uart.o
                0x0000000008004b78                UART_SetConfig
 .text.UART_AdvFeatureConfig
                0x0000000008004d90       0xe0 Drivers/STM32F0xx_HAL_Driver/Src/stm32f0xx_hal_uart.o
                0x0000000008004d90                UART_AdvFeatureConfig
 .text.UART_WaitOnFlagUntilTimeout
                0x0000000008004e70       0x6c Drivers/STM32F0xx_HAL_Driver/Src/stm32f0xx_hal_uart.o
                0x0000000008004e70                UART_WaitOnFlagUntilTimeout
 .text.HAL_UART_Transmit
                0x0000000008004edc       0xe4 Drivers/STM32F0xx_HAL_Driver/Src/stm32f0xx_hal_uart.o
                0x0000000008004edc                HAL_UART_Transmit
 .text.UART_CheckIdleState
                0x0000000008004fc0       0x84 Drivers/STM32F0xx_HAL_Driver/Src/stm32f0xx_hal_uart.o
                0x0000000008004fc0                UART_CheckIdleState
 .text.HAL_UART_Init
                0x0000000008005044       0x70 Drivers/STM32F0xx_HAL_Driver/Src/stm32f0xx_hal_uart.o
                0x0000000008005044                HAL_UART_Init
 .text.UART_Transmit_IT
                0x00000000080050b4       0x6c Drivers/STM32F0xx_HAL_Driver/Src/stm32f0xx_hal_uart.o
                0x00000000080050b4                UART_Transmit_IT
 .text.UART_EndTransmit_IT
                0x0000000008005120       0x1a Drivers/STM32F0xx_HAL_Driver/Src/stm32f0xx_hal_uart.o
                0x0000000008005120                UART_EndTransmit_IT
 *fill*         0x000000000800513a        0x2 
 .text.UART_Receive_IT
                0x000000000800513c       0x84 Drivers/STM32F0xx_HAL_Driver/Src/stm32f0xx_hal_uart.o
                0x000000000800513c                UART_Receive_IT
 .text.HAL_UART_IRQHandler
                0x00000000080051c0      0x148 Drivers/STM32F0xx_HAL_Driver/Src/stm32f0xx_hal_uart.o
                0x00000000080051c0                HAL_UART_IRQHandler
 .text.HAL_UARTEx_WakeupCallback
                0x0000000008005308        0x2 Drivers/STM32F0xx_HAL_Driver/Src/stm32f0xx_hal_uart_ex.o
                0x0000000008005308                HAL_UARTEx_WakeupCallback
 .text.USBD_CDC_DataIn
                0x000000000800530a       0x1a Middlewares/ST/STM32_USB_Device_Library/Class/CDC/Src/usbd_cdc.o
 .text.USBD_CDC_EP0_RxReady
                0x0000000008005324       0x34 Middlewares/ST/STM32_USB_Device_Library/Class/CDC/Src/usbd_cdc.o
 .text.USBD_CDC_GetFSCfgDesc
                0x0000000008005358        0xc Middlewares/ST/STM32_USB_Device_Library/Class/CDC/Src/usbd_cdc.o
 .text.USBD_CDC_GetHSCfgDesc
                0x0000000008005364       0x10 Middlewares/ST/STM32_USB_Device_Library/Class/CDC/Src/usbd_cdc.o
 .text.USBD_CDC_GetOtherSpeedCfgDesc
                0x0000000008005374       0x10 Middlewares/ST/STM32_USB_Device_Library/Class/CDC/Src/usbd_cdc.o
 .text.USBD_CDC_GetDeviceQualifierDescriptor
                0x0000000008005384       0x10 Middlewares/ST/STM32_USB_Device_Library/Class/CDC/Src/usbd_cdc.o
                0x0000000008005384                USBD_CDC_GetDeviceQualifierDescriptor
 .text.USBD_CDC_DataOut
                0x0000000008005394       0x34 Middlewares/ST/STM32_USB_Device_Library/Class/CDC/Src/usbd_cdc.o
 .text.USBD_CDC_Setup
                0x00000000080053c8       0x80 Middlewares/ST/STM32_USB_Device_Library/Class/CDC/Src/usbd_cdc.o
 .text.USBD_CDC_DeInit
                0x0000000008005448       0x40 Middlewares/ST/STM32_USB_Device_Library/Class/CDC/Src/usbd_cdc.o
 .text.USBD_CDC_Init
                0x0000000008005488       0xa4 Middlewares/ST/STM32_USB_Device_Library/Class/CDC/Src/usbd_cdc.o
 .text.USBD_CDC_RegisterInterface
                0x000000000800552c       0x12 Middlewares/ST/STM32_USB_Device_Library/Class/CDC/Src/usbd_cdc.o
                0x000000000800552c                USBD_CDC_RegisterInterface
 .text.USBD_CDC_SetTxBuffer
                0x000000000800553e       0x16 Middlewares/ST/STM32_USB_Device_Library/Class/CDC/Src/usbd_cdc.o
                0x000000000800553e                USBD_CDC_SetTxBuffer
 .text.USBD_CDC_SetRxBuffer
                0x0000000008005554        0xe Middlewares/ST/STM32_USB_Device_Library/Class/CDC/Src/usbd_cdc.o
                0x0000000008005554                USBD_CDC_SetRxBuffer
 .text.USBD_CDC_ReceivePacket
                0x0000000008005562       0x3e Middlewares/ST/STM32_USB_Device_Library/Class/CDC/Src/usbd_cdc.o
                0x0000000008005562                USBD_CDC_ReceivePacket
 .text.USBD_Init
                0x00000000080055a0       0x38 Middlewares/ST/STM32_USB_Device_Library/Core/Src/usbd_core.o
                0x00000000080055a0                USBD_Init
 .text.USBD_RegisterClass
                0x00000000080055d8       0x12 Middlewares/ST/STM32_USB_Device_Library/Core/Src/usbd_core.o
                0x00000000080055d8                USBD_RegisterClass
 .text.USBD_Start
                0x00000000080055ea        0xa Middlewares/ST/STM32_USB_Device_Library/Core/Src/usbd_core.o
                0x00000000080055ea                USBD_Start
 .text.USBD_SetClassConfig
                0x00000000080055f4       0x1c Middlewares/ST/STM32_USB_Device_Library/Core/Src/usbd_core.o
                0x00000000080055f4                USBD_SetClassConfig
 .text.USBD_ClrClassConfig
                0x0000000008005610       0x10 Middlewares/ST/STM32_USB_Device_Library/Core/Src/usbd_core.o
                0x0000000008005610                USBD_ClrClassConfig
 .text.USBD_LL_SetupStage
                0x0000000008005620       0x68 Middlewares/ST/STM32_USB_Device_Library/Core/Src/usbd_core.o
                0x0000000008005620                USBD_LL_SetupStage
 .text.USBD_LL_DataOutStage
                0x0000000008005688       0x78 Middlewares/ST/STM32_USB_Device_Library/Core/Src/usbd_core.o
                0x0000000008005688                USBD_LL_DataOutStage
 .text.USBD_LL_DataInStage
                0x0000000008005700       0xc2 Middlewares/ST/STM32_USB_Device_Library/Core/Src/usbd_core.o
                0x0000000008005700                USBD_LL_DataInStage
 .text.USBD_LL_Reset
                0x00000000080057c2       0x46 Middlewares/ST/STM32_USB_Device_Library/Core/Src/usbd_core.o
                0x00000000080057c2                USBD_LL_Reset
 .text.USBD_LL_SetSpeed
                0x0000000008005808        0x6 Middlewares/ST/STM32_USB_Device_Library/Core/Src/usbd_core.o
                0x0000000008005808                USBD_LL_SetSpeed
 .text.USBD_LL_Suspend
                0x000000000800580e       0x16 Middlewares/ST/STM32_USB_Device_Library/Core/Src/usbd_core.o
                0x000000000800580e                USBD_LL_Suspend
 .text.USBD_LL_Resume
                0x0000000008005824        0xe Middlewares/ST/STM32_USB_Device_Library/Core/Src/usbd_core.o
                0x0000000008005824                USBD_LL_Resume
 .text.USBD_LL_SOF
                0x0000000008005832       0x20 Middlewares/ST/STM32_USB_Device_Library/Core/Src/usbd_core.o
                0x0000000008005832                USBD_LL_SOF
 .text.USBD_ParseSetupRequest
                0x0000000008005852       0x28 Middlewares/ST/STM32_USB_Device_Library/Core/Src/usbd_ctlreq.o
                0x0000000008005852                USBD_ParseSetupRequest
 .text.USBD_CtlError
                0x000000000800587a       0x14 Middlewares/ST/STM32_USB_Device_Library/Core/Src/usbd_ctlreq.o
                0x000000000800587a                USBD_CtlError
 *fill*         0x000000000800588e        0x2 
 .text.USBD_StdDevReq
                0x0000000008005890      0x338 Middlewares/ST/STM32_USB_Device_Library/Core/Src/usbd_ctlreq.o
                0x0000000008005890                USBD_StdDevReq
 .text.USBD_StdItfReq
                0x0000000008005bc8       0x3e Middlewares/ST/STM32_USB_Device_Library/Core/Src/usbd_ctlreq.o
                0x0000000008005bc8                USBD_StdItfReq
 .text.USBD_StdEPReq
                0x0000000008005c06      0x116 Middlewares/ST/STM32_USB_Device_Library/Core/Src/usbd_ctlreq.o
                0x0000000008005c06                USBD_StdEPReq
 .text.USBD_GetString
                0x0000000008005d1c       0x48 Middlewares/ST/STM32_USB_Device_Library/Core/Src/usbd_ctlreq.o
                0x0000000008005d1c                USBD_GetString
 .text.USBD_CtlSendData
                0x0000000008005d64       0x1c Middlewares/ST/STM32_USB_Device_Library/Core/Src/usbd_ioreq.o
                0x0000000008005d64                USBD_CtlSendData
 .text.USBD_CtlContinueSendData
                0x0000000008005d80       0x10 Middlewares/ST/STM32_USB_Device_Library/Core/Src/usbd_ioreq.o
                0x0000000008005d80                USBD_CtlContinueSendData
 .text.USBD_CtlPrepareRx
                0x0000000008005d90       0x20 Middlewares/ST/STM32_USB_Device_Library/Core/Src/usbd_ioreq.o
                0x0000000008005d90                USBD_CtlPrepareRx
 .text.USBD_CtlContinueRx
                0x0000000008005db0       0x10 Middlewares/ST/STM32_USB_Device_Library/Core/Src/usbd_ioreq.o
                0x0000000008005db0                USBD_CtlContinueRx
 .text.USBD_CtlSendStatus
                0x0000000008005dc0       0x18 Middlewares/ST/STM32_USB_Device_Library/Core/Src/usbd_ioreq.o
                0x0000000008005dc0                USBD_CtlSendStatus
 .text.USBD_CtlReceiveStatus
                0x0000000008005dd8       0x18 Middlewares/ST/STM32_USB_Device_Library/Core/Src/usbd_ioreq.o
                0x0000000008005dd8                USBD_CtlReceiveStatus
 .text.EE_VerifyPageFullyErased
                0x0000000008005df0       0x3c Src/eeprom.o
 .text.EE_VerifyPageFullWriteVariable
                0x0000000008005e2c       0x90 Src/eeprom.o
 .text.EE_Format
                0x0000000008005ebc       0x5c Src/eeprom.o
 .text.EE_ReadVariable
                0x0000000008005f18       0x60 Src/eeprom.o
                0x0000000008005f18                EE_ReadVariable
 .text.EE_Init  0x0000000008005f78      0x270 Src/eeprom.o
                0x0000000008005f78                EE_Init
 .text.EE_WriteVariable
                0x00000000080061e8       0xe0 Src/eeprom.o
                0x00000000080061e8                EE_WriteVariable
 .text.Refresh_digits
                0x00000000080062c8       0xa8 Src/main.o
                0x00000000080062c8                Refresh_digits
 .text.Decode_7seg
                0x0000000008006370       0x3c Src/main.o
                0x0000000008006370                Decode_7seg
 .text.Process_number
                0x00000000080063ac       0x74 Src/main.o
                0x00000000080063ac                Process_number
 .text.SystemClock_Config
                0x0000000008006420       0xa4 Src/main.o
                0x0000000008006420                SystemClock_Config
 .text.HAL_GPIO_EXTI_Callback
                0x00000000080064c4       0xb8 Src/main.o
                0x00000000080064c4                HAL_GPIO_EXTI_Callback
 .text.HAL_IncTick
                0x000000000800657c      0x14c Src/main.o
                0x000000000800657c                HAL_IncTick
 .text.HAL_ADC_ConvCpltCallback
                0x00000000080066c8       0xb4 Src/main.o
                0x00000000080066c8                HAL_ADC_ConvCpltCallback
 .text.CalV_MultiPoints
                0x000000000800677c      0x570 Src/main.o
                0x000000000800677c                CalV_MultiPoints
 .text.ProcessMsj
                0x0000000008006cec      0x1b0 Src/main.o
                0x0000000008006cec                ProcessMsj
 .text.CheckEEPROM
                0x0000000008006e9c      0x2e4 Src/main.o
                0x0000000008006e9c                CheckEEPROM
 .text.main     0x0000000008007180      0xa70 Src/main.o
                0x0000000008007180                main
 .text.HAL_UART_RxCpltCallback
                0x0000000008007bf0       0x54 Src/main.o
                0x0000000008007bf0                HAL_UART_RxCpltCallback
 .text.Error_Handler
                0x0000000008007c44        0x2 Src/main.o
                0x0000000008007c44                Error_Handler
 *fill*         0x0000000008007c46        0x2 
 .text.HAL_MspInit
                0x0000000008007c48       0x30 Src/stm32f0xx_hal_msp.o
                0x0000000008007c48                HAL_MspInit
 .text.HAL_ADC_MspInit
                0x0000000008007c78       0xd0 Src/stm32f0xx_hal_msp.o
                0x0000000008007c78                HAL_ADC_MspInit
 .text.HAL_SPI_MspInit
                0x0000000008007d48       0x64 Src/stm32f0xx_hal_msp.o
                0x0000000008007d48                HAL_SPI_MspInit
 .text.HAL_TIM_Encoder_MspInit
                0x0000000008007dac       0x68 Src/stm32f0xx_hal_msp.o
                0x0000000008007dac                HAL_TIM_Encoder_MspInit
 .text.HAL_TIM_Base_MspInit
                0x0000000008007e14       0x88 Src/stm32f0xx_hal_msp.o
                0x0000000008007e14                HAL_TIM_Base_MspInit
 .text.HAL_TIM_PWM_MspInit
                0x0000000008007e9c       0x4c Src/stm32f0xx_hal_msp.o
                0x0000000008007e9c                HAL_TIM_PWM_MspInit
 .text.HAL_TIM_MspPostInit
                0x0000000008007ee8      0x190 Src/stm32f0xx_hal_msp.o
                0x0000000008007ee8                HAL_TIM_MspPostInit
 .text.HAL_UART_MspInit
                0x0000000008008078       0xa8 Src/stm32f0xx_hal_msp.o
                0x0000000008008078                HAL_UART_MspInit
 .text.NMI_Handler
                0x0000000008008120        0x2 Src/stm32f0xx_it.o
                0x0000000008008120                NMI_Handler
 .text.HardFault_Handler
                0x0000000008008122        0x2 Src/stm32f0xx_it.o
                0x0000000008008122                HardFault_Handler
 .text.SVC_Handler
                0x0000000008008124        0x2 Src/stm32f0xx_it.o
                0x0000000008008124                SVC_Handler
 .text.PendSV_Handler
                0x0000000008008126        0x2 Src/stm32f0xx_it.o
                0x0000000008008126                PendSV_Handler
 .text.SysTick_Handler
                0x0000000008008128        0x8 Src/stm32f0xx_it.o
                0x0000000008008128                SysTick_Handler
 .text.EXTI4_15_IRQHandler
                0x0000000008008130       0x18 Src/stm32f0xx_it.o
                0x0000000008008130                EXTI4_15_IRQHandler
 .text.DMA1_Channel1_IRQHandler
                0x0000000008008148       0x10 Src/stm32f0xx_it.o
                0x0000000008008148                DMA1_Channel1_IRQHandler
 .text.DMA1_Channel4_5_6_7_IRQHandler
                0x0000000008008158       0x10 Src/stm32f0xx_it.o
                0x0000000008008158                DMA1_Channel4_5_6_7_IRQHandler
 .text.ADC1_COMP_IRQHandler
                0x0000000008008168       0x10 Src/stm32f0xx_it.o
                0x0000000008008168                ADC1_COMP_IRQHandler
 .text.USART2_IRQHandler
                0x0000000008008178       0x10 Src/stm32f0xx_it.o
                0x0000000008008178                USART2_IRQHandler
 .text.USB_IRQHandler
                0x0000000008008188       0x10 Src/stm32f0xx_it.o
                0x0000000008008188                USB_IRQHandler
 .text._sbrk    0x0000000008008198       0x3c Src/syscalls.o
                0x0000000008008198                _sbrk
 .text.SystemInit
                0x00000000080081d4       0x60 Src/system_stm32f0xx.o
                0x00000000080081d4                SystemInit
 .text.MX_USB_DEVICE_Init
                0x0000000008008234       0x5c Src/usb_device.o
                0x0000000008008234                MX_USB_DEVICE_Init
 .text.CDC_DeInit_FS
                0x0000000008008290        0x4 Src/usbd_cdc_if.o
 .text.CDC_Control_FS
                0x0000000008008294        0x4 Src/usbd_cdc_if.o
 .text.CDC_Receive_FS
                0x0000000008008298       0x1c Src/usbd_cdc_if.o
 .text.CDC_Init_FS
                0x00000000080082b4       0x28 Src/usbd_cdc_if.o
 .text.USBD_Get_USB_Status
                0x00000000080082dc       0x12 Src/usbd_conf.o
 *fill*         0x00000000080082ee        0x2 
 .text.HAL_PCD_MspInit
                0x00000000080082f0       0x40 Src/usbd_conf.o
                0x00000000080082f0                HAL_PCD_MspInit
 .text.HAL_PCD_SetupStageCallback
                0x0000000008008330       0x14 Src/usbd_conf.o
                0x0000000008008330                HAL_PCD_SetupStageCallback
 .text.HAL_PCD_DataOutStageCallback
                0x0000000008008344       0x1c Src/usbd_conf.o
                0x0000000008008344                HAL_PCD_DataOutStageCallback
 .text.HAL_PCD_DataInStageCallback
                0x0000000008008360       0x18 Src/usbd_conf.o
                0x0000000008008360                HAL_PCD_DataInStageCallback
 .text.HAL_PCD_SOFCallback
                0x0000000008008378        0xe Src/usbd_conf.o
                0x0000000008008378                HAL_PCD_SOFCallback
 .text.HAL_PCD_ResetCallback
                0x0000000008008386       0x22 Src/usbd_conf.o
                0x0000000008008386                HAL_PCD_ResetCallback
 .text.HAL_PCD_SuspendCallback
                0x00000000080083a8       0x24 Src/usbd_conf.o
                0x00000000080083a8                HAL_PCD_SuspendCallback
 .text.HAL_PCD_ResumeCallback
                0x00000000080083cc       0x2c Src/usbd_conf.o
                0x00000000080083cc                HAL_PCD_ResumeCallback
 .text.USBD_LL_Init
                0x00000000080083f8       0x84 Src/usbd_conf.o
                0x00000000080083f8                USBD_LL_Init
 .text.USBD_LL_Start
                0x000000000800847c       0x12 Src/usbd_conf.o
                0x000000000800847c                USBD_LL_Start
 .text.USBD_LL_OpenEP
                0x000000000800848e       0x18 Src/usbd_conf.o
                0x000000000800848e                USBD_LL_OpenEP
 .text.USBD_LL_CloseEP
                0x00000000080084a6       0x12 Src/usbd_conf.o
                0x00000000080084a6                USBD_LL_CloseEP
 .text.USBD_LL_StallEP
                0x00000000080084b8       0x12 Src/usbd_conf.o
                0x00000000080084b8                USBD_LL_StallEP
 .text.USBD_LL_ClearStallEP
                0x00000000080084ca       0x12 Src/usbd_conf.o
                0x00000000080084ca                USBD_LL_ClearStallEP
 .text.USBD_LL_IsStallEP
                0x00000000080084dc       0x34 Src/usbd_conf.o
                0x00000000080084dc                USBD_LL_IsStallEP
 .text.USBD_LL_SetUSBAddress
                0x0000000008008510       0x12 Src/usbd_conf.o
                0x0000000008008510                USBD_LL_SetUSBAddress
 .text.USBD_LL_Transmit
                0x0000000008008522       0x12 Src/usbd_conf.o
                0x0000000008008522                USBD_LL_Transmit
 .text.USBD_LL_PrepareReceive
                0x0000000008008534       0x12 Src/usbd_conf.o
                0x0000000008008534                USBD_LL_PrepareReceive
 .text.USBD_LL_GetRxDataSize
                0x0000000008008546        0xe Src/usbd_conf.o
                0x0000000008008546                USBD_LL_GetRxDataSize
 .text.USBD_static_malloc
                0x0000000008008554        0x8 Src/usbd_conf.o
                0x0000000008008554                USBD_static_malloc
 .text.USBD_static_free
                0x000000000800855c        0x2 Src/usbd_conf.o
                0x000000000800855c                USBD_static_free
 *fill*         0x000000000800855e        0x2 
 .text.USBD_FS_DeviceDescriptor
                0x0000000008008560        0xc Src/usbd_desc.o
                0x0000000008008560                USBD_FS_DeviceDescriptor
 .text.USBD_FS_LangIDStrDescriptor
                0x000000000800856c       0x10 Src/usbd_desc.o
                0x000000000800856c                USBD_FS_LangIDStrDescriptor
 .text.IntToUnicode
                0x000000000800857c       0x32 Src/usbd_desc.o
 *fill*         0x00000000080085ae        0x2 
 .text.USBD_FS_SerialStrDescriptor
                0x00000000080085b0       0x48 Src/usbd_desc.o
                0x00000000080085b0                USBD_FS_SerialStrDescriptor
 .text.USBD_FS_ProductStrDescriptor
                0x00000000080085f8       0x28 Src/usbd_desc.o
                0x00000000080085f8                USBD_FS_ProductStrDescriptor
 .text.USBD_FS_ManufacturerStrDescriptor
                0x0000000008008620       0x1c Src/usbd_desc.o
                0x0000000008008620                USBD_FS_ManufacturerStrDescriptor
 .text.USBD_FS_ConfigStrDescriptor
                0x000000000800863c       0x28 Src/usbd_desc.o
                0x000000000800863c                USBD_FS_ConfigStrDescriptor
 .text.USBD_FS_InterfaceStrDescriptor
                0x0000000008008664       0x28 Src/usbd_desc.o
                0x0000000008008664                USBD_FS_InterfaceStrDescriptor
 .text.Reset_Handler
                0x000000000800868c       0x50 startup/startup_stm32f072xb.o
                0x000000000800868c                Reset_Handler
 .text.Default_Handler
                0x00000000080086dc        0x2 startup/startup_stm32f072xb.o
                0x00000000080086dc                TIM1_CC_IRQHandler
                0x00000000080086dc                TSC_IRQHandler
                0x00000000080086dc                I2C1_IRQHandler
                0x00000000080086dc                RCC_CRS_IRQHandler
                0x00000000080086dc                SPI1_IRQHandler
                0x00000000080086dc                TIM6_DAC_IRQHandler
                0x00000000080086dc                USART3_4_IRQHandler
                0x00000000080086dc                EXTI2_3_IRQHandler
                0x00000000080086dc                I2C2_IRQHandler
                0x00000000080086dc                TIM17_IRQHandler
                0x00000000080086dc                CEC_CAN_IRQHandler
                0x00000000080086dc                RTC_IRQHandler
                0x00000000080086dc                PVD_VDDIO2_IRQHandler
                0x00000000080086dc                TIM16_IRQHandler
                0x00000000080086dc                TIM3_IRQHandler
                0x00000000080086dc                Default_Handler
                0x00000000080086dc                TIM14_IRQHandler
                0x00000000080086dc                TIM7_IRQHandler
                0x00000000080086dc                TIM15_IRQHandler
                0x00000000080086dc                EXTI0_1_IRQHandler
                0x00000000080086dc                SPI2_IRQHandler
                0x00000000080086dc                WWDG_IRQHandler
                0x00000000080086dc                TIM2_IRQHandler
                0x00000000080086dc                DMA1_Channel2_3_IRQHandler
                0x00000000080086dc                FLASH_IRQHandler
                0x00000000080086dc                USART1_IRQHandler
                0x00000000080086dc                TIM1_BRK_UP_TRG_COM_IRQHandler
 .text.atol     0x00000000080086de        0xc /home/arielo/Ac6/SystemWorkbench/plugins/fr.ac6.mcu.externaltools.arm-none.linux64_1.17.0.201812190825/tools/compiler/bin/../lib/gcc/arm-none-eabi/7.3.1/../../../../arm-none-eabi/lib/thumb/v6-m/libc_nano.a(lib_a-atol.o)
                0x00000000080086de                atol
 *fill*         0x00000000080086ea        0x2 
 .text.__errno  0x00000000080086ec        0xc /home/arielo/Ac6/SystemWorkbench/plugins/fr.ac6.mcu.externaltools.arm-none.linux64_1.17.0.201812190825/tools/compiler/bin/../lib/gcc/arm-none-eabi/7.3.1/../../../../arm-none-eabi/lib/thumb/v6-m/libc_nano.a(lib_a-errno.o)
                0x00000000080086ec                __errno
 .text.__libc_init_array
                0x00000000080086f8       0x48 /home/arielo/Ac6/SystemWorkbench/plugins/fr.ac6.mcu.externaltools.arm-none.linux64_1.17.0.201812190825/tools/compiler/bin/../lib/gcc/arm-none-eabi/7.3.1/../../../../arm-none-eabi/lib/thumb/v6-m/libc_nano.a(lib_a-init.o)
                0x00000000080086f8                __libc_init_array
 .text.memset   0x0000000008008740       0x10 /home/arielo/Ac6/SystemWorkbench/plugins/fr.ac6.mcu.externaltools.arm-none.linux64_1.17.0.201812190825/tools/compiler/bin/../lib/gcc/arm-none-eabi/7.3.1/../../../../arm-none-eabi/lib/thumb/v6-m/libc_nano.a(lib_a-memset.o)
                0x0000000008008740                memset
 .text.sprintf  0x0000000008008750       0x40 /home/arielo/Ac6/SystemWorkbench/plugins/fr.ac6.mcu.externaltools.arm-none.linux64_1.17.0.201812190825/tools/compiler/bin/../lib/gcc/arm-none-eabi/7.3.1/../../../../arm-none-eabi/lib/thumb/v6-m/libc_nano.a(lib_a-sprintf.o)
                0x0000000008008750                sprintf
                0x0000000008008750                siprintf
 .text.strcat   0x0000000008008790       0x1c /home/arielo/Ac6/SystemWorkbench/plugins/fr.ac6.mcu.externaltools.arm-none.linux64_1.17.0.201812190825/tools/compiler/bin/../lib/gcc/arm-none-eabi/7.3.1/../../../../arm-none-eabi/lib/thumb/v6-m/libc_nano.a(lib_a-strcat.o)
                0x0000000008008790                strcat
 .text.strchr   0x00000000080087ac       0x1c /home/arielo/Ac6/SystemWorkbench/plugins/fr.ac6.mcu.externaltools.arm-none.linux64_1.17.0.201812190825/tools/compiler/bin/../lib/gcc/arm-none-eabi/7.3.1/../../../../arm-none-eabi/lib/thumb/v6-m/libc_nano.a(lib_a-strchr.o)
                0x00000000080087ac                strchr
 .text.strcpy   0x00000000080087c8       0x10 /home/arielo/Ac6/SystemWorkbench/plugins/fr.ac6.mcu.externaltools.arm-none.linux64_1.17.0.201812190825/tools/compiler/bin/../lib/gcc/arm-none-eabi/7.3.1/../../../../arm-none-eabi/lib/thumb/v6-m/libc_nano.a(lib_a-strcpy.o)
                0x00000000080087c8                strcpy
 .text.strncpy  0x00000000080087d8       0x28 /home/arielo/Ac6/SystemWorkbench/plugins/fr.ac6.mcu.externaltools.arm-none.linux64_1.17.0.201812190825/tools/compiler/bin/../lib/gcc/arm-none-eabi/7.3.1/../../../../arm-none-eabi/lib/thumb/v6-m/libc_nano.a(lib_a-strncpy.o)
                0x00000000080087d8                strncpy
 .text.strstr   0x0000000008008800       0x32 /home/arielo/Ac6/SystemWorkbench/plugins/fr.ac6.mcu.externaltools.arm-none.linux64_1.17.0.201812190825/tools/compiler/bin/../lib/gcc/arm-none-eabi/7.3.1/../../../../arm-none-eabi/lib/thumb/v6-m/libc_nano.a(lib_a-strstr.o)
                0x0000000008008800                strstr
 *fill*         0x0000000008008832        0x2 
 .text._strtol_l.isra.0
                0x0000000008008834      0x104 /home/arielo/Ac6/SystemWorkbench/plugins/fr.ac6.mcu.externaltools.arm-none.linux64_1.17.0.201812190825/tools/compiler/bin/../lib/gcc/arm-none-eabi/7.3.1/../../../../arm-none-eabi/lib/thumb/v6-m/libc_nano.a(lib_a-strtol.o)
 .text.strtol   0x0000000008008938       0x28 /home/arielo/Ac6/SystemWorkbench/plugins/fr.ac6.mcu.externaltools.arm-none.linux64_1.17.0.201812190825/tools/compiler/bin/../lib/gcc/arm-none-eabi/7.3.1/../../../../arm-none-eabi/lib/thumb/v6-m/libc_nano.a(lib_a-strtol.o)
                0x0000000008008938                strtol
 .text.__locale_ctype_ptr_l
                0x0000000008008960        0x6 /home/arielo/Ac6/SystemWorkbench/plugins/fr.ac6.mcu.externaltools.arm-none.linux64_1.17.0.201812190825/tools/compiler/bin/../lib/gcc/arm-none-eabi/7.3.1/../../../../arm-none-eabi/lib/thumb/v6-m/libc_nano.a(lib_a-locale.o)
                0x0000000008008960                __locale_ctype_ptr_l
 .text.__ascii_mbtowc
                0x0000000008008966       0x24 /home/arielo/Ac6/SystemWorkbench/plugins/fr.ac6.mcu.externaltools.arm-none.linux64_1.17.0.201812190825/tools/compiler/bin/../lib/gcc/arm-none-eabi/7.3.1/../../../../arm-none-eabi/lib/thumb/v6-m/libc_nano.a(lib_a-mbtowc_r.o)
                0x0000000008008966                __ascii_mbtowc
 *fill*         0x000000000800898a        0x2 
 .text.__ssputs_r
                0x000000000800898c       0xc4 /home/arielo/Ac6/SystemWorkbench/plugins/fr.ac6.mcu.externaltools.arm-none.linux64_1.17.0.201812190825/tools/compiler/bin/../lib/gcc/arm-none-eabi/7.3.1/../../../../arm-none-eabi/lib/thumb/v6-m/libc_nano.a(lib_a-nano-svfprintf.o)
                0x000000000800898c                __ssputs_r
 .text._svfprintf_r
                0x0000000008008a50      0x1fc /home/arielo/Ac6/SystemWorkbench/plugins/fr.ac6.mcu.externaltools.arm-none.linux64_1.17.0.201812190825/tools/compiler/bin/../lib/gcc/arm-none-eabi/7.3.1/../../../../arm-none-eabi/lib/thumb/v6-m/libc_nano.a(lib_a-nano-svfprintf.o)
                0x0000000008008a50                _svfprintf_r
                0x0000000008008a50                _svfiprintf_r
 .text._printf_common
                0x0000000008008c4c       0xda /home/arielo/Ac6/SystemWorkbench/plugins/fr.ac6.mcu.externaltools.arm-none.linux64_1.17.0.201812190825/tools/compiler/bin/../lib/gcc/arm-none-eabi/7.3.1/../../../../arm-none-eabi/lib/thumb/v6-m/libc_nano.a(lib_a-nano-vfprintf_i.o)
                0x0000000008008c4c                _printf_common
 *fill*         0x0000000008008d26        0x2 
 .text._printf_i
                0x0000000008008d28      0x210 /home/arielo/Ac6/SystemWorkbench/plugins/fr.ac6.mcu.externaltools.arm-none.linux64_1.17.0.201812190825/tools/compiler/bin/../lib/gcc/arm-none-eabi/7.3.1/../../../../arm-none-eabi/lib/thumb/v6-m/libc_nano.a(lib_a-nano-vfprintf_i.o)
                0x0000000008008d28                _printf_i
 .text.__ascii_wctomb
                0x0000000008008f38       0x18 /home/arielo/Ac6/SystemWorkbench/plugins/fr.ac6.mcu.externaltools.arm-none.linux64_1.17.0.201812190825/tools/compiler/bin/../lib/gcc/arm-none-eabi/7.3.1/../../../../arm-none-eabi/lib/thumb/v6-m/libc_nano.a(lib_a-wctomb_r.o)
                0x0000000008008f38                __ascii_wctomb
 .text.memchr   0x0000000008008f50       0x16 /home/arielo/Ac6/SystemWorkbench/plugins/fr.ac6.mcu.externaltools.arm-none.linux64_1.17.0.201812190825/tools/compiler/bin/../lib/gcc/arm-none-eabi/7.3.1/../../../../arm-none-eabi/lib/thumb/v6-m/libc_nano.a(lib_a-memchr-stub.o)
                0x0000000008008f50                memchr
 .text.memcpy   0x0000000008008f66       0x12 /home/arielo/Ac6/SystemWorkbench/plugins/fr.ac6.mcu.externaltools.arm-none.linux64_1.17.0.201812190825/tools/compiler/bin/../lib/gcc/arm-none-eabi/7.3.1/../../../../arm-none-eabi/lib/thumb/v6-m/libc_nano.a(lib_a-memcpy-stub.o)
                0x0000000008008f66                memcpy
 .text.memmove  0x0000000008008f78       0x26 /home/arielo/Ac6/SystemWorkbench/plugins/fr.ac6.mcu.externaltools.arm-none.linux64_1.17.0.201812190825/tools/compiler/bin/../lib/gcc/arm-none-eabi/7.3.1/../../../../arm-none-eabi/lib/thumb/v6-m/libc_nano.a(lib_a-memmove.o)
                0x0000000008008f78                memmove
 *fill*         0x0000000008008f9e        0x2 
 .text._free_r  0x0000000008008fa0       0x94 /home/arielo/Ac6/SystemWorkbench/plugins/fr.ac6.mcu.externaltools.arm-none.linux64_1.17.0.201812190825/tools/compiler/bin/../lib/gcc/arm-none-eabi/7.3.1/../../../../arm-none-eabi/lib/thumb/v6-m/libc_nano.a(lib_a-nano-freer.o)
                0x0000000008008fa0                _free_r
 .text._malloc_r
                0x0000000008009034       0xbc /home/arielo/Ac6/SystemWorkbench/plugins/fr.ac6.mcu.externaltools.arm-none.linux64_1.17.0.201812190825/tools/compiler/bin/../lib/gcc/arm-none-eabi/7.3.1/../../../../arm-none-eabi/lib/thumb/v6-m/libc_nano.a(lib_a-nano-mallocr.o)
                0x0000000008009034                _malloc_r
 .text._realloc_r
                0x00000000080090f0       0x4c /home/arielo/Ac6/SystemWorkbench/plugins/fr.ac6.mcu.externaltools.arm-none.linux64_1.17.0.201812190825/tools/compiler/bin/../lib/gcc/arm-none-eabi/7.3.1/../../../../arm-none-eabi/lib/thumb/v6-m/libc_nano.a(lib_a-nano-reallocr.o)
                0x00000000080090f0                _realloc_r
 .text._sbrk_r  0x000000000800913c       0x24 /home/arielo/Ac6/SystemWorkbench/plugins/fr.ac6.mcu.externaltools.arm-none.linux64_1.17.0.201812190825/tools/compiler/bin/../lib/gcc/arm-none-eabi/7.3.1/../../../../arm-none-eabi/lib/thumb/v6-m/libc_nano.a(lib_a-sbrkr.o)
                0x000000000800913c                _sbrk_r
 .text.__malloc_lock
                0x0000000008009160        0x2 /home/arielo/Ac6/SystemWorkbench/plugins/fr.ac6.mcu.externaltools.arm-none.linux64_1.17.0.201812190825/tools/compiler/bin/../lib/gcc/arm-none-eabi/7.3.1/../../../../arm-none-eabi/lib/thumb/v6-m/libc_nano.a(lib_a-mlock.o)
                0x0000000008009160                __malloc_lock
 .text.__malloc_unlock
                0x0000000008009162        0x2 /home/arielo/Ac6/SystemWorkbench/plugins/fr.ac6.mcu.externaltools.arm-none.linux64_1.17.0.201812190825/tools/compiler/bin/../lib/gcc/arm-none-eabi/7.3.1/../../../../arm-none-eabi/lib/thumb/v6-m/libc_nano.a(lib_a-mlock.o)
                0x0000000008009162                __malloc_unlock
 .text._malloc_usable_size_r
                0x0000000008009164       0x10 /home/arielo/Ac6/SystemWorkbench/plugins/fr.ac6.mcu.externaltools.arm-none.linux64_1.17.0.201812190825/tools/compiler/bin/../lib/gcc/arm-none-eabi/7.3.1/../../../../arm-none-eabi/lib/thumb/v6-m/libc_nano.a(lib_a-nano-msizer.o)
                0x0000000008009164                _malloc_usable_size_r
 *(.glue_7)
 .glue_7        0x0000000008009174        0x0 linker stubs
 *(.glue_7t)
 .glue_7t       0x0000000008009174        0x0 linker stubs
 *(.eh_frame)
 .eh_frame      0x0000000008009174        0x0 /home/arielo/Ac6/SystemWorkbench/plugins/fr.ac6.mcu.externaltools.arm-none.linux64_1.17.0.201812190825/tools/compiler/bin/../lib/gcc/arm-none-eabi/7.3.1/thumb/v6-m/crtbegin.o
 *(.init)
 .init          0x0000000008009174        0x4 /home/arielo/Ac6/SystemWorkbench/plugins/fr.ac6.mcu.externaltools.arm-none.linux64_1.17.0.201812190825/tools/compiler/bin/../lib/gcc/arm-none-eabi/7.3.1/thumb/v6-m/crti.o
                0x0000000008009174                _init
 .init          0x0000000008009178        0x8 /home/arielo/Ac6/SystemWorkbench/plugins/fr.ac6.mcu.externaltools.arm-none.linux64_1.17.0.201812190825/tools/compiler/bin/../lib/gcc/arm-none-eabi/7.3.1/thumb/v6-m/crtn.o
 *(.fini)
 .fini          0x0000000008009180        0x4 /home/arielo/Ac6/SystemWorkbench/plugins/fr.ac6.mcu.externaltools.arm-none.linux64_1.17.0.201812190825/tools/compiler/bin/../lib/gcc/arm-none-eabi/7.3.1/thumb/v6-m/crti.o
                0x0000000008009180                _fini
 .fini          0x0000000008009184        0x8 /home/arielo/Ac6/SystemWorkbench/plugins/fr.ac6.mcu.externaltools.arm-none.linux64_1.17.0.201812190825/tools/compiler/bin/../lib/gcc/arm-none-eabi/7.3.1/thumb/v6-m/crtn.o
                0x000000000800918c                . = ALIGN (0x4)
                0x000000000800918c                _etext = .

.vfp11_veneer   0x000000000800918c        0x0
 .vfp11_veneer  0x000000000800918c        0x0 linker stubs

.v4_bx          0x000000000800918c        0x0
 .v4_bx         0x000000000800918c        0x0 linker stubs

.iplt           0x000000000800918c        0x0
 .iplt          0x000000000800918c        0x0 /home/arielo/Ac6/SystemWorkbench/plugins/fr.ac6.mcu.externaltools.arm-none.linux64_1.17.0.201812190825/tools/compiler/bin/../lib/gcc/arm-none-eabi/7.3.1/thumb/v6-m/crtbegin.o

.rodata         0x000000000800918c      0x468
                0x000000000800918c                . = ALIGN (0x4)
 *(.rodata)
 .rodata        0x000000000800918c       0x20 Drivers/STM32F0xx_HAL_Driver/Src/stm32f0xx_hal_rcc.o
 .rodata        0x00000000080091ac       0x60 Middlewares/ST/STM32_USB_Device_Library/Core/Src/usbd_ctlreq.o
 .rodata        0x000000000800920c       0x28 Src/main.o
 .rodata        0x0000000008009234       0x18 Src/system_stm32f0xx.o
                0x0000000008009234                AHBPrescTable
                0x0000000008009244                APBPrescTable
 .rodata        0x000000000800924c       0x80 /home/arielo/Ac6/SystemWorkbench/plugins/fr.ac6.mcu.externaltools.arm-none.linux64_1.17.0.201812190825/tools/compiler/bin/../lib/gcc/arm-none-eabi/7.3.1/thumb/v6-m/libgcc.a(divsf3.o)
 .rodata        0x00000000080092cc       0x40 /home/arielo/Ac6/SystemWorkbench/plugins/fr.ac6.mcu.externaltools.arm-none.linux64_1.17.0.201812190825/tools/compiler/bin/../lib/gcc/arm-none-eabi/7.3.1/thumb/v6-m/libgcc.a(mulsf3.o)
 *(.rodata*)
 .rodata.str1.4
                0x000000000800930c      0x160 Src/main.o
 .rodata.str1.4
                0x000000000800946c       0x48 Src/usbd_desc.o
                                         0x46 (size before relaxing)
 .rodata._setlocale_r.str1.1
                0x00000000080094b4        0x8 /home/arielo/Ac6/SystemWorkbench/plugins/fr.ac6.mcu.externaltools.arm-none.linux64_1.17.0.201812190825/tools/compiler/bin/../lib/gcc/arm-none-eabi/7.3.1/../../../../arm-none-eabi/lib/thumb/v6-m/libc_nano.a(lib_a-locale.o)
                                          0x9 (size before relaxing)
 .rodata.str1.1
                0x00000000080094bc        0x2 /home/arielo/Ac6/SystemWorkbench/plugins/fr.ac6.mcu.externaltools.arm-none.linux64_1.17.0.201812190825/tools/compiler/bin/../lib/gcc/arm-none-eabi/7.3.1/../../../../arm-none-eabi/lib/thumb/v6-m/libc_nano.a(lib_a-locale.o)
 .rodata._svfprintf_r.str1.1
                0x00000000080094be       0x11 /home/arielo/Ac6/SystemWorkbench/plugins/fr.ac6.mcu.externaltools.arm-none.linux64_1.17.0.201812190825/tools/compiler/bin/../lib/gcc/arm-none-eabi/7.3.1/../../../../arm-none-eabi/lib/thumb/v6-m/libc_nano.a(lib_a-nano-svfprintf.o)
 .rodata._printf_i.str1.1
                0x00000000080094cf       0x22 /home/arielo/Ac6/SystemWorkbench/plugins/fr.ac6.mcu.externaltools.arm-none.linux64_1.17.0.201812190825/tools/compiler/bin/../lib/gcc/arm-none-eabi/7.3.1/../../../../arm-none-eabi/lib/thumb/v6-m/libc_nano.a(lib_a-nano-vfprintf_i.o)
 .rodata._ctype_
                0x00000000080094f1      0x101 /home/arielo/Ac6/SystemWorkbench/plugins/fr.ac6.mcu.externaltools.arm-none.linux64_1.17.0.201812190825/tools/compiler/bin/../lib/gcc/arm-none-eabi/7.3.1/../../../../arm-none-eabi/lib/thumb/v6-m/libc_nano.a(lib_a-ctype_.o)
                0x00000000080094f1                _ctype_
                0x00000000080095f4                . = ALIGN (0x4)
 *fill*         0x00000000080095f2        0x2 

.rel.dyn        0x00000000080095f4        0x0
 .rel.iplt      0x00000000080095f4        0x0 /home/arielo/Ac6/SystemWorkbench/plugins/fr.ac6.mcu.externaltools.arm-none.linux64_1.17.0.201812190825/tools/compiler/bin/../lib/gcc/arm-none-eabi/7.3.1/thumb/v6-m/crtbegin.o

.ARM.extab
 *(.ARM.extab* .gnu.linkonce.armextab.*)

.ARM            0x00000000080095f4        0x0
                0x00000000080095f4                __exidx_start = .
 *(.ARM.exidx*)
                0x00000000080095f4                __exidx_end = .

.preinit_array  0x00000000080095f4        0x0
                0x00000000080095f4                PROVIDE (__preinit_array_start = .)
 *(.preinit_array*)
                0x00000000080095f4                PROVIDE (__preinit_array_end = .)

.init_array     0x00000000080095f4        0x4
                0x00000000080095f4                PROVIDE (__init_array_start = .)
 *(SORT_BY_NAME(.init_array.*))
 *(.init_array*)
 .init_array    0x00000000080095f4        0x4 /home/arielo/Ac6/SystemWorkbench/plugins/fr.ac6.mcu.externaltools.arm-none.linux64_1.17.0.201812190825/tools/compiler/bin/../lib/gcc/arm-none-eabi/7.3.1/thumb/v6-m/crtbegin.o
                0x00000000080095f8                PROVIDE (__init_array_end = .)

.fini_array     0x00000000080095f8        0x4
                [!provide]                        PROVIDE (__fini_array_start = .)
 *(SORT_BY_NAME(.fini_array.*))
 *(.fini_array*)
 .fini_array    0x00000000080095f8        0x4 /home/arielo/Ac6/SystemWorkbench/plugins/fr.ac6.mcu.externaltools.arm-none.linux64_1.17.0.201812190825/tools/compiler/bin/../lib/gcc/arm-none-eabi/7.3.1/thumb/v6-m/crtbegin.o
                [!provide]                        PROVIDE (__fini_array_end = .)
                0x00000000080095fc                _sidata = LOADADDR (.data)

.data           0x0000000020000000      0x36c load address 0x00000000080095fc
                0x0000000020000000                . = ALIGN (0x4)
                0x0000000020000000                _sdata = .
 *(.data)
 .data          0x0000000020000000      0x110 Middlewares/ST/STM32_USB_Device_Library/Class/CDC/Src/usbd_cdc.o
                0x0000000020000000                USBD_CDC_CfgFSDesc
                0x0000000020000044                USBD_CDC_CfgHSDesc
                0x0000000020000088                USBD_CDC_OtherSpeedCfgDesc
                0x00000000200000d8                USBD_CDC
 .data          0x0000000020000110       0x28 Src/main.o
                0x0000000020000110                VirtAddVarTab
 .data          0x0000000020000138        0x4 Src/system_stm32f0xx.o
                0x0000000020000138                SystemCoreClock
 .data          0x000000002000013c       0x10 Src/usbd_cdc_if.o
                0x000000002000013c                USBD_Interface_fops_FS
 .data          0x000000002000014c       0x50 Src/usbd_desc.o
                0x000000002000014c                USBD_FS_DeviceDesc
                0x0000000020000160                USBD_LangIDDesc
                0x0000000020000164                USBD_StringSerial
                0x0000000020000180                FS_Desc
 *(.data*)
 .data._impure_ptr
                0x000000002000019c        0x4 /home/arielo/Ac6/SystemWorkbench/plugins/fr.ac6.mcu.externaltools.arm-none.linux64_1.17.0.201812190825/tools/compiler/bin/../lib/gcc/arm-none-eabi/7.3.1/../../../../arm-none-eabi/lib/thumb/v6-m/libc_nano.a(lib_a-impure.o)
                0x000000002000019c                _impure_ptr
 .data.impure_data
                0x00000000200001a0       0x60 /home/arielo/Ac6/SystemWorkbench/plugins/fr.ac6.mcu.externaltools.arm-none.linux64_1.17.0.201812190825/tools/compiler/bin/../lib/gcc/arm-none-eabi/7.3.1/../../../../arm-none-eabi/lib/thumb/v6-m/libc_nano.a(lib_a-impure.o)
 .data.__global_locale
                0x0000000020000200      0x16c /home/arielo/Ac6/SystemWorkbench/plugins/fr.ac6.mcu.externaltools.arm-none.linux64_1.17.0.201812190825/tools/compiler/bin/../lib/gcc/arm-none-eabi/7.3.1/../../../../arm-none-eabi/lib/thumb/v6-m/libc_nano.a(lib_a-locale.o)
                0x0000000020000200                __global_locale
                0x000000002000036c                . = ALIGN (0x4)
                0x000000002000036c                _edata = .

.igot.plt       0x000000002000036c        0x0 load address 0x0000000008009968
 .igot.plt      0x000000002000036c        0x0 /home/arielo/Ac6/SystemWorkbench/plugins/fr.ac6.mcu.externaltools.arm-none.linux64_1.17.0.201812190825/tools/compiler/bin/../lib/gcc/arm-none-eabi/7.3.1/thumb/v6-m/crtbegin.o
                0x000000002000036c                . = ALIGN (0x4)

.bss            0x0000000020000370     0x16e0 load address 0x0000000008009968
                0x0000000020000370                _sbss = .
                0x0000000020000370                __bss_start__ = _sbss
 *(.bss)
 .bss           0x0000000020000370       0x1c /home/arielo/Ac6/SystemWorkbench/plugins/fr.ac6.mcu.externaltools.arm-none.linux64_1.17.0.201812190825/tools/compiler/bin/../lib/gcc/arm-none-eabi/7.3.1/thumb/v6-m/crtbegin.o
 .bss           0x000000002000038c        0x1 Middlewares/ST/STM32_USB_Device_Library/Class/CDC/Src/usbd_cdc.o
 .bss           0x000000002000038d        0x1 Middlewares/ST/STM32_USB_Device_Library/Core/Src/usbd_ctlreq.o
 .bss           0x000000002000038e        0x2 Src/eeprom.o
                0x000000002000038e                DataVar
 .bss           0x0000000020000390        0x8 Src/syscalls.o
                0x0000000020000394                __env
 .bss           0x0000000020000398      0x220 Src/usbd_conf.o
 *(.bss*)
 .bss.__malloc_free_list
                0x00000000200005b8        0x4 /home/arielo/Ac6/SystemWorkbench/plugins/fr.ac6.mcu.externaltools.arm-none.linux64_1.17.0.201812190825/tools/compiler/bin/../lib/gcc/arm-none-eabi/7.3.1/../../../../arm-none-eabi/lib/thumb/v6-m/libc_nano.a(lib_a-nano-mallocr.o)
                0x00000000200005b8                __malloc_free_list
 .bss.__malloc_sbrk_start
                0x00000000200005bc        0x4 /home/arielo/Ac6/SystemWorkbench/plugins/fr.ac6.mcu.externaltools.arm-none.linux64_1.17.0.201812190825/tools/compiler/bin/../lib/gcc/arm-none-eabi/7.3.1/../../../../arm-none-eabi/lib/thumb/v6-m/libc_nano.a(lib_a-nano-mallocr.o)
                0x00000000200005bc                __malloc_sbrk_start
 *(COMMON)
 COMMON         0x00000000200005c0        0x4 Drivers/STM32F0xx_HAL_Driver/Src/stm32f0xx_hal.o
                0x00000000200005c0                uwTick
 *fill*         0x00000000200005c4        0x4 
 COMMON         0x00000000200005c8       0x20 Drivers/STM32F0xx_HAL_Driver/Src/stm32f0xx_hal_flash.o
                0x00000000200005c8                pFlash
 COMMON         0x00000000200005e8      0x650 Src/main.o
                0x00000000200005e8                DispV
                0x00000000200005ec                f_sumX_DAC
                0x00000000200005f0                uc_RD
                0x00000000200005f4                EEPROM_Check
                0x00000000200005fc                i_VDAC
                0x0000000020000600                f_sumX2_fb2
                0x0000000020000604                f_sumXY_fb
                0x0000000020000608                f_sumX_fb2
                0x000000002000060c                flg_newData
                0x0000000020000610                f_Vfb
                0x0000000020000614                uc_Digit
                0x0000000020000618                f_sumXY_fb2
                0x000000002000061c                e_timeout
                0x0000000020000620                htim15
                0x0000000020000660                flg_received
                0x0000000020000661                flg_tick
                0x0000000020000662                flg_IlessThan10
                0x0000000020000664                f_DataX_Set
                0x0000000020000668                f_sumY_DAC
                0x000000002000066c                htim17
                0x00000000200006ac                length
                0x00000000200006b0                f_CalAux2
                0x00000000200006b4                msjlength
                0x00000000200006b8                f_VDAC
                0x00000000200006bc                flg_lessThan10
                0x00000000200006c0                f_DataX_DAC
                0x00000000200006c4                htim3
                0x0000000020000704                f_Vfb2
                0x0000000020000708                flg_debug
                0x0000000020000709                tx_counter
                0x000000002000070a                flg_TS
                0x000000002000070b                flg_calibrate
                0x000000002000070c                flg_RD
                0x0000000020000710                f_newData
                0x0000000020000714                hdma_usart2_tx
                0x0000000020000758                DispC
                0x000000002000075c                ADCBuffer
                0x000000002000076c                Process
                0x0000000020000770                f_sumY
                0x0000000020000774                QuadEnc
                0x0000000020000794                uc_NPoints
                0x0000000020000795                data
                0x0000000020000798                htim1
                0x00000000200007d8                flg_CalEnd
                0x00000000200007dc                f_sumX2_fb
                0x00000000200007e0                f_VSet
                0x00000000200007e4                f_sumX2_Set
                0x00000000200007e8                RxBuf
                0x000000002000081c                Buffer
                0x00000000200008e4                uc_timer
                0x00000000200008e8                f_sumXY_DAC
                0x00000000200008ec                hspi1
                0x0000000020000950                f_sumX_Set
                0x0000000020000954                Convert
                0x0000000020000984                RxMsj
                0x00000000200009b6                show
                0x00000000200009b8                htim2
                0x00000000200009f8                huart2
                0x0000000020000a68                f_DataX_fb
                0x0000000020000a6c                htim14
                0x0000000020000aac                UART_RX
                0x0000000020000ae0                f_DataX_fb2
                0x0000000020000ae4                f_sumX_fb
                0x0000000020000ae8                MultiPointCal
                0x0000000020000af0                ui_contadorDisplay
                0x0000000020000af4                hdma_adc
                0x0000000020000b38                intShow
                0x0000000020000b3c                uc_NOP
                0x0000000020000b40                hadc
                0x0000000020000b8c                FrontPanel
                0x0000000020000b90                htim16
                0x0000000020000bd0                f_sumX2_DAC
                0x0000000020000bd4                ADCReadout
                0x0000000020000c30                f_sumXY_Set
                0x0000000020000c34                f_CalAux
 COMMON         0x0000000020000c38      0x224 Src/usb_device.o
                0x0000000020000c38                hUsbDeviceFS
 COMMON         0x0000000020000e5c      0x7d0 Src/usbd_cdc_if.o
                0x0000000020000e5c                UserRxBufferFS
                0x0000000020001244                UserTxBufferFS
 COMMON         0x000000002000162c      0x220 Src/usbd_conf.o
                0x000000002000162c                hpcd_USB_FS
 COMMON         0x000000002000184c      0x200 Src/usbd_desc.o
                0x000000002000184c                USBD_StrDesc
 COMMON         0x0000000020001a4c        0x4 /home/arielo/Ac6/SystemWorkbench/plugins/fr.ac6.mcu.externaltools.arm-none.linux64_1.17.0.201812190825/tools/compiler/bin/../lib/gcc/arm-none-eabi/7.3.1/../../../../arm-none-eabi/lib/thumb/v6-m/libc_nano.a(lib_a-reent.o)
                0x0000000020001a4c                errno
                0x0000000020001a50                . = ALIGN (0x4)
                0x0000000020001a50                _ebss = .
                0x0000000020001a50                __bss_end__ = _ebss

._user_heap_stack
                0x0000000020001a50      0x600 load address 0x0000000008009968
                0x0000000020001a50                . = ALIGN (0x8)
                0x0000000020001a50                PROVIDE (end = .)
                [!provide]                        PROVIDE (_end = .)
                0x0000000020001c50                . = (. + _Min_Heap_Size)
 *fill*         0x0000000020001a50      0x200 
                0x0000000020002050                . = (. + _Min_Stack_Size)
 *fill*         0x0000000020001c50      0x400 
                0x0000000020002050                . = ALIGN (0x8)

/DISCARD/
 libc.a(*)
 libm.a(*)
 libgcc.a(*)

.ARM.attributes
                0x0000000000000000       0x28
 *(.ARM.attributes)
 .ARM.attributes
                0x0000000000000000       0x1e /home/arielo/Ac6/SystemWorkbench/plugins/fr.ac6.mcu.externaltools.arm-none.linux64_1.17.0.201812190825/tools/compiler/bin/../lib/gcc/arm-none-eabi/7.3.1/thumb/v6-m/crti.o
 .ARM.attributes
                0x000000000000001e       0x2c /home/arielo/Ac6/SystemWorkbench/plugins/fr.ac6.mcu.externaltools.arm-none.linux64_1.17.0.201812190825/tools/compiler/bin/../lib/gcc/arm-none-eabi/7.3.1/thumb/v6-m/crtbegin.o
 .ARM.attributes
                0x000000000000004a       0x31 Drivers/STM32F0xx_HAL_Driver/Src/stm32f0xx_hal.o
 .ARM.attributes
                0x000000000000007b       0x31 Drivers/STM32F0xx_HAL_Driver/Src/stm32f0xx_hal_adc.o
 .ARM.attributes
                0x00000000000000ac       0x31 Drivers/STM32F0xx_HAL_Driver/Src/stm32f0xx_hal_cortex.o
 .ARM.attributes
                0x00000000000000dd       0x31 Drivers/STM32F0xx_HAL_Driver/Src/stm32f0xx_hal_dma.o
 .ARM.attributes
                0x000000000000010e       0x31 Drivers/STM32F0xx_HAL_Driver/Src/stm32f0xx_hal_flash.o
 .ARM.attributes
                0x000000000000013f       0x31 Drivers/STM32F0xx_HAL_Driver/Src/stm32f0xx_hal_flash_ex.o
 .ARM.attributes
                0x0000000000000170       0x31 Drivers/STM32F0xx_HAL_Driver/Src/stm32f0xx_hal_gpio.o
 .ARM.attributes
                0x00000000000001a1       0x31 Drivers/STM32F0xx_HAL_Driver/Src/stm32f0xx_hal_pcd.o
 .ARM.attributes
                0x00000000000001d2       0x31 Drivers/STM32F0xx_HAL_Driver/Src/stm32f0xx_hal_pcd_ex.o
 .ARM.attributes
                0x0000000000000203       0x31 Drivers/STM32F0xx_HAL_Driver/Src/stm32f0xx_hal_rcc.o
 .ARM.attributes
                0x0000000000000234       0x31 Drivers/STM32F0xx_HAL_Driver/Src/stm32f0xx_hal_rcc_ex.o
 .ARM.attributes
                0x0000000000000265       0x31 Drivers/STM32F0xx_HAL_Driver/Src/stm32f0xx_hal_spi.o
 .ARM.attributes
                0x0000000000000296       0x31 Drivers/STM32F0xx_HAL_Driver/Src/stm32f0xx_hal_tim.o
 .ARM.attributes
                0x00000000000002c7       0x31 Drivers/STM32F0xx_HAL_Driver/Src/stm32f0xx_hal_tim_ex.o
 .ARM.attributes
                0x00000000000002f8       0x31 Drivers/STM32F0xx_HAL_Driver/Src/stm32f0xx_hal_uart.o
 .ARM.attributes
                0x0000000000000329       0x31 Drivers/STM32F0xx_HAL_Driver/Src/stm32f0xx_hal_uart_ex.o
 .ARM.attributes
                0x000000000000035a       0x31 Middlewares/ST/STM32_USB_Device_Library/Class/CDC/Src/usbd_cdc.o
 .ARM.attributes
                0x000000000000038b       0x31 Middlewares/ST/STM32_USB_Device_Library/Core/Src/usbd_core.o
 .ARM.attributes
                0x00000000000003bc       0x31 Middlewares/ST/STM32_USB_Device_Library/Core/Src/usbd_ctlreq.o
 .ARM.attributes
                0x00000000000003ed       0x31 Middlewares/ST/STM32_USB_Device_Library/Core/Src/usbd_ioreq.o
 .ARM.attributes
                0x000000000000041e       0x31 Src/eeprom.o
 .ARM.attributes
                0x000000000000044f       0x31 Src/main.o
 .ARM.attributes
                0x0000000000000480       0x31 Src/stm32f0xx_hal_msp.o
 .ARM.attributes
                0x00000000000004b1       0x31 Src/stm32f0xx_it.o
 .ARM.attributes
                0x00000000000004e2       0x31 Src/syscalls.o
 .ARM.attributes
                0x0000000000000513       0x31 Src/system_stm32f0xx.o
 .ARM.attributes
                0x0000000000000544       0x31 Src/usb_device.o
 .ARM.attributes
                0x0000000000000575       0x31 Src/usbd_cdc_if.o
 .ARM.attributes
                0x00000000000005a6       0x31 Src/usbd_conf.o
 .ARM.attributes
                0x00000000000005d7       0x31 Src/usbd_desc.o
 .ARM.attributes
                0x0000000000000608       0x21 startup/startup_stm32f072xb.o
 .ARM.attributes
                0x0000000000000629       0x1e /home/arielo/Ac6/SystemWorkbench/plugins/fr.ac6.mcu.externaltools.arm-none.linux64_1.17.0.201812190825/tools/compiler/bin/../lib/gcc/arm-none-eabi/7.3.1/thumb/v6-m/libgcc.a(_udivsi3.o)
 .ARM.attributes
                0x0000000000000647       0x1e /home/arielo/Ac6/SystemWorkbench/plugins/fr.ac6.mcu.externaltools.arm-none.linux64_1.17.0.201812190825/tools/compiler/bin/../lib/gcc/arm-none-eabi/7.3.1/thumb/v6-m/libgcc.a(_divsi3.o)
 .ARM.attributes
                0x0000000000000665       0x1e /home/arielo/Ac6/SystemWorkbench/plugins/fr.ac6.mcu.externaltools.arm-none.linux64_1.17.0.201812190825/tools/compiler/bin/../lib/gcc/arm-none-eabi/7.3.1/thumb/v6-m/libgcc.a(_dvmd_tls.o)
 .ARM.attributes
                0x0000000000000683       0x1e /home/arielo/Ac6/SystemWorkbench/plugins/fr.ac6.mcu.externaltools.arm-none.linux64_1.17.0.201812190825/tools/compiler/bin/../lib/gcc/arm-none-eabi/7.3.1/thumb/v6-m/libgcc.a(_arm_cmpsf2.o)
 .ARM.attributes
                0x00000000000006a1       0x2c /home/arielo/Ac6/SystemWorkbench/plugins/fr.ac6.mcu.externaltools.arm-none.linux64_1.17.0.201812190825/tools/compiler/bin/../lib/gcc/arm-none-eabi/7.3.1/thumb/v6-m/libgcc.a(addsf3.o)
 .ARM.attributes
                0x00000000000006cd       0x2c /home/arielo/Ac6/SystemWorkbench/plugins/fr.ac6.mcu.externaltools.arm-none.linux64_1.17.0.201812190825/tools/compiler/bin/../lib/gcc/arm-none-eabi/7.3.1/thumb/v6-m/libgcc.a(divsf3.o)
 .ARM.attributes
                0x00000000000006f9       0x2c /home/arielo/Ac6/SystemWorkbench/plugins/fr.ac6.mcu.externaltools.arm-none.linux64_1.17.0.201812190825/tools/compiler/bin/../lib/gcc/arm-none-eabi/7.3.1/thumb/v6-m/libgcc.a(eqsf2.o)
 .ARM.attributes
                0x0000000000000725       0x2c /home/arielo/Ac6/SystemWorkbench/plugins/fr.ac6.mcu.externaltools.arm-none.linux64_1.17.0.201812190825/tools/compiler/bin/../lib/gcc/arm-none-eabi/7.3.1/thumb/v6-m/libgcc.a(gesf2.o)
 .ARM.attributes
                0x0000000000000751       0x2c /home/arielo/Ac6/SystemWorkbench/plugins/fr.ac6.mcu.externaltools.arm-none.linux64_1.17.0.201812190825/tools/compiler/bin/../lib/gcc/arm-none-eabi/7.3.1/thumb/v6-m/libgcc.a(lesf2.o)
 .ARM.attributes
                0x000000000000077d       0x2c /home/arielo/Ac6/SystemWorkbench/plugins/fr.ac6.mcu.externaltools.arm-none.linux64_1.17.0.201812190825/tools/compiler/bin/../lib/gcc/arm-none-eabi/7.3.1/thumb/v6-m/libgcc.a(mulsf3.o)
 .ARM.attributes
                0x00000000000007a9       0x2c /home/arielo/Ac6/SystemWorkbench/plugins/fr.ac6.mcu.externaltools.arm-none.linux64_1.17.0.201812190825/tools/compiler/bin/../lib/gcc/arm-none-eabi/7.3.1/thumb/v6-m/libgcc.a(subsf3.o)
 .ARM.attributes
                0x00000000000007d5       0x2c /home/arielo/Ac6/SystemWorkbench/plugins/fr.ac6.mcu.externaltools.arm-none.linux64_1.17.0.201812190825/tools/compiler/bin/../lib/gcc/arm-none-eabi/7.3.1/thumb/v6-m/libgcc.a(fixsfsi.o)
 .ARM.attributes
                0x0000000000000801       0x2c /home/arielo/Ac6/SystemWorkbench/plugins/fr.ac6.mcu.externaltools.arm-none.linux64_1.17.0.201812190825/tools/compiler/bin/../lib/gcc/arm-none-eabi/7.3.1/thumb/v6-m/libgcc.a(floatsisf.o)
 .ARM.attributes
                0x000000000000082d       0x2c /home/arielo/Ac6/SystemWorkbench/plugins/fr.ac6.mcu.externaltools.arm-none.linux64_1.17.0.201812190825/tools/compiler/bin/../lib/gcc/arm-none-eabi/7.3.1/thumb/v6-m/libgcc.a(floatunsisf.o)
 .ARM.attributes
                0x0000000000000859       0x1e /home/arielo/Ac6/SystemWorkbench/plugins/fr.ac6.mcu.externaltools.arm-none.linux64_1.17.0.201812190825/tools/compiler/bin/../lib/gcc/arm-none-eabi/7.3.1/thumb/v6-m/libgcc.a(_clzsi2.o)
 .ARM.attributes
                0x0000000000000877       0x2c /home/arielo/Ac6/SystemWorkbench/plugins/fr.ac6.mcu.externaltools.arm-none.linux64_1.17.0.201812190825/tools/compiler/bin/../lib/gcc/arm-none-eabi/7.3.1/../../../../arm-none-eabi/lib/thumb/v6-m/libc_nano.a(lib_a-atol.o)
 .ARM.attributes
                0x00000000000008a3       0x2c /home/arielo/Ac6/SystemWorkbench/plugins/fr.ac6.mcu.externaltools.arm-none.linux64_1.17.0.201812190825/tools/compiler/bin/../lib/gcc/arm-none-eabi/7.3.1/../../../../arm-none-eabi/lib/thumb/v6-m/libc_nano.a(lib_a-errno.o)
 .ARM.attributes
                0x00000000000008cf       0x2c /home/arielo/Ac6/SystemWorkbench/plugins/fr.ac6.mcu.externaltools.arm-none.linux64_1.17.0.201812190825/tools/compiler/bin/../lib/gcc/arm-none-eabi/7.3.1/../../../../arm-none-eabi/lib/thumb/v6-m/libc_nano.a(lib_a-impure.o)
 .ARM.attributes
                0x00000000000008fb       0x2c /home/arielo/Ac6/SystemWorkbench/plugins/fr.ac6.mcu.externaltools.arm-none.linux64_1.17.0.201812190825/tools/compiler/bin/../lib/gcc/arm-none-eabi/7.3.1/../../../../arm-none-eabi/lib/thumb/v6-m/libc_nano.a(lib_a-init.o)
 .ARM.attributes
                0x0000000000000927       0x2c /home/arielo/Ac6/SystemWorkbench/plugins/fr.ac6.mcu.externaltools.arm-none.linux64_1.17.0.201812190825/tools/compiler/bin/../lib/gcc/arm-none-eabi/7.3.1/../../../../arm-none-eabi/lib/thumb/v6-m/libc_nano.a(lib_a-memset.o)
 .ARM.attributes
                0x0000000000000953       0x2c /home/arielo/Ac6/SystemWorkbench/plugins/fr.ac6.mcu.externaltools.arm-none.linux64_1.17.0.201812190825/tools/compiler/bin/../lib/gcc/arm-none-eabi/7.3.1/../../../../arm-none-eabi/lib/thumb/v6-m/libc_nano.a(lib_a-sprintf.o)
 .ARM.attributes
                0x000000000000097f       0x2c /home/arielo/Ac6/SystemWorkbench/plugins/fr.ac6.mcu.externaltools.arm-none.linux64_1.17.0.201812190825/tools/compiler/bin/../lib/gcc/arm-none-eabi/7.3.1/../../../../arm-none-eabi/lib/thumb/v6-m/libc_nano.a(lib_a-strcat.o)
 .ARM.attributes
                0x00000000000009ab       0x2c /home/arielo/Ac6/SystemWorkbench/plugins/fr.ac6.mcu.externaltools.arm-none.linux64_1.17.0.201812190825/tools/compiler/bin/../lib/gcc/arm-none-eabi/7.3.1/../../../../arm-none-eabi/lib/thumb/v6-m/libc_nano.a(lib_a-strchr.o)
 .ARM.attributes
                0x00000000000009d7       0x2c /home/arielo/Ac6/SystemWorkbench/plugins/fr.ac6.mcu.externaltools.arm-none.linux64_1.17.0.201812190825/tools/compiler/bin/../lib/gcc/arm-none-eabi/7.3.1/../../../../arm-none-eabi/lib/thumb/v6-m/libc_nano.a(lib_a-strcpy.o)
 .ARM.attributes
                0x0000000000000a03       0x2c /home/arielo/Ac6/SystemWorkbench/plugins/fr.ac6.mcu.externaltools.arm-none.linux64_1.17.0.201812190825/tools/compiler/bin/../lib/gcc/arm-none-eabi/7.3.1/../../../../arm-none-eabi/lib/thumb/v6-m/libc_nano.a(lib_a-strncpy.o)
 .ARM.attributes
                0x0000000000000a2f       0x2c /home/arielo/Ac6/SystemWorkbench/plugins/fr.ac6.mcu.externaltools.arm-none.linux64_1.17.0.201812190825/tools/compiler/bin/../lib/gcc/arm-none-eabi/7.3.1/../../../../arm-none-eabi/lib/thumb/v6-m/libc_nano.a(lib_a-strstr.o)
 .ARM.attributes
                0x0000000000000a5b       0x2c /home/arielo/Ac6/SystemWorkbench/plugins/fr.ac6.mcu.externaltools.arm-none.linux64_1.17.0.201812190825/tools/compiler/bin/../lib/gcc/arm-none-eabi/7.3.1/../../../../arm-none-eabi/lib/thumb/v6-m/libc_nano.a(lib_a-strtol.o)
 .ARM.attributes
                0x0000000000000a87       0x2c /home/arielo/Ac6/SystemWorkbench/plugins/fr.ac6.mcu.externaltools.arm-none.linux64_1.17.0.201812190825/tools/compiler/bin/../lib/gcc/arm-none-eabi/7.3.1/../../../../arm-none-eabi/lib/thumb/v6-m/libc_nano.a(lib_a-locale.o)
 .ARM.attributes
                0x0000000000000ab3       0x2c /home/arielo/Ac6/SystemWorkbench/plugins/fr.ac6.mcu.externaltools.arm-none.linux64_1.17.0.201812190825/tools/compiler/bin/../lib/gcc/arm-none-eabi/7.3.1/../../../../arm-none-eabi/lib/thumb/v6-m/libc_nano.a(lib_a-mbtowc_r.o)
 .ARM.attributes
                0x0000000000000adf       0x2c /home/arielo/Ac6/SystemWorkbench/plugins/fr.ac6.mcu.externaltools.arm-none.linux64_1.17.0.201812190825/tools/compiler/bin/../lib/gcc/arm-none-eabi/7.3.1/../../../../arm-none-eabi/lib/thumb/v6-m/libc_nano.a(lib_a-nano-svfprintf.o)
 .ARM.attributes
                0x0000000000000b0b       0x2c /home/arielo/Ac6/SystemWorkbench/plugins/fr.ac6.mcu.externaltools.arm-none.linux64_1.17.0.201812190825/tools/compiler/bin/../lib/gcc/arm-none-eabi/7.3.1/../../../../arm-none-eabi/lib/thumb/v6-m/libc_nano.a(lib_a-nano-vfprintf_i.o)
 .ARM.attributes
                0x0000000000000b37       0x2c /home/arielo/Ac6/SystemWorkbench/plugins/fr.ac6.mcu.externaltools.arm-none.linux64_1.17.0.201812190825/tools/compiler/bin/../lib/gcc/arm-none-eabi/7.3.1/../../../../arm-none-eabi/lib/thumb/v6-m/libc_nano.a(lib_a-wctomb_r.o)
 .ARM.attributes
                0x0000000000000b63       0x2c /home/arielo/Ac6/SystemWorkbench/plugins/fr.ac6.mcu.externaltools.arm-none.linux64_1.17.0.201812190825/tools/compiler/bin/../lib/gcc/arm-none-eabi/7.3.1/../../../../arm-none-eabi/lib/thumb/v6-m/libc_nano.a(lib_a-ctype_.o)
 .ARM.attributes
                0x0000000000000b8f       0x2c /home/arielo/Ac6/SystemWorkbench/plugins/fr.ac6.mcu.externaltools.arm-none.linux64_1.17.0.201812190825/tools/compiler/bin/../lib/gcc/arm-none-eabi/7.3.1/../../../../arm-none-eabi/lib/thumb/v6-m/libc_nano.a(lib_a-memchr-stub.o)
 .ARM.attributes
                0x0000000000000bbb       0x2c /home/arielo/Ac6/SystemWorkbench/plugins/fr.ac6.mcu.externaltools.arm-none.linux64_1.17.0.201812190825/tools/compiler/bin/../lib/gcc/arm-none-eabi/7.3.1/../../../../arm-none-eabi/lib/thumb/v6-m/libc_nano.a(lib_a-memcpy-stub.o)
 .ARM.attributes
                0x0000000000000be7       0x2c /home/arielo/Ac6/SystemWorkbench/plugins/fr.ac6.mcu.externaltools.arm-none.linux64_1.17.0.201812190825/tools/compiler/bin/../lib/gcc/arm-none-eabi/7.3.1/../../../../arm-none-eabi/lib/thumb/v6-m/libc_nano.a(lib_a-memmove.o)
 .ARM.attributes
                0x0000000000000c13       0x2c /home/arielo/Ac6/SystemWorkbench/plugins/fr.ac6.mcu.externaltools.arm-none.linux64_1.17.0.201812190825/tools/compiler/bin/../lib/gcc/arm-none-eabi/7.3.1/../../../../arm-none-eabi/lib/thumb/v6-m/libc_nano.a(lib_a-nano-freer.o)
 .ARM.attributes
                0x0000000000000c3f       0x2c /home/arielo/Ac6/SystemWorkbench/plugins/fr.ac6.mcu.externaltools.arm-none.linux64_1.17.0.201812190825/tools/compiler/bin/../lib/gcc/arm-none-eabi/7.3.1/../../../../arm-none-eabi/lib/thumb/v6-m/libc_nano.a(lib_a-nano-mallocr.o)
 .ARM.attributes
                0x0000000000000c6b       0x2c /home/arielo/Ac6/SystemWorkbench/plugins/fr.ac6.mcu.externaltools.arm-none.linux64_1.17.0.201812190825/tools/compiler/bin/../lib/gcc/arm-none-eabi/7.3.1/../../../../arm-none-eabi/lib/thumb/v6-m/libc_nano.a(lib_a-nano-reallocr.o)
 .ARM.attributes
                0x0000000000000c97       0x2c /home/arielo/Ac6/SystemWorkbench/plugins/fr.ac6.mcu.externaltools.arm-none.linux64_1.17.0.201812190825/tools/compiler/bin/../lib/gcc/arm-none-eabi/7.3.1/../../../../arm-none-eabi/lib/thumb/v6-m/libc_nano.a(lib_a-sbrkr.o)
 .ARM.attributes
                0x0000000000000cc3       0x2c /home/arielo/Ac6/SystemWorkbench/plugins/fr.ac6.mcu.externaltools.arm-none.linux64_1.17.0.201812190825/tools/compiler/bin/../lib/gcc/arm-none-eabi/7.3.1/../../../../arm-none-eabi/lib/thumb/v6-m/libc_nano.a(lib_a-mlock.o)
 .ARM.attributes
                0x0000000000000cef       0x2c /home/arielo/Ac6/SystemWorkbench/plugins/fr.ac6.mcu.externaltools.arm-none.linux64_1.17.0.201812190825/tools/compiler/bin/../lib/gcc/arm-none-eabi/7.3.1/../../../../arm-none-eabi/lib/thumb/v6-m/libc_nano.a(lib_a-nano-msizer.o)
 .ARM.attributes
                0x0000000000000d1b       0x2c /home/arielo/Ac6/SystemWorkbench/plugins/fr.ac6.mcu.externaltools.arm-none.linux64_1.17.0.201812190825/tools/compiler/bin/../lib/gcc/arm-none-eabi/7.3.1/../../../../arm-none-eabi/lib/thumb/v6-m/libc_nano.a(lib_a-reent.o)
 .ARM.attributes
                0x0000000000000d47       0x1e /home/arielo/Ac6/SystemWorkbench/plugins/fr.ac6.mcu.externaltools.arm-none.linux64_1.17.0.201812190825/tools/compiler/bin/../lib/gcc/arm-none-eabi/7.3.1/thumb/v6-m/crtn.o
OUTPUT(LPS3005_fv0_1.elf elf32-littlearm)

.debug_info     0x0000000000000000    0x2b434
 .debug_info    0x0000000000000000      0xe93 Drivers/STM32F0xx_HAL_Driver/Src/stm32f0xx_hal.o
 .debug_info    0x0000000000000e93     0x1681 Drivers/STM32F0xx_HAL_Driver/Src/stm32f0xx_hal_adc.o
 .debug_info    0x0000000000002514      0xff7 Drivers/STM32F0xx_HAL_Driver/Src/stm32f0xx_hal_cortex.o
 .debug_info    0x000000000000350b     0x106a Drivers/STM32F0xx_HAL_Driver/Src/stm32f0xx_hal_dma.o
 .debug_info    0x0000000000004575      0xe80 Drivers/STM32F0xx_HAL_Driver/Src/stm32f0xx_hal_flash.o
 .debug_info    0x00000000000053f5     0x12e7 Drivers/STM32F0xx_HAL_Driver/Src/stm32f0xx_hal_flash_ex.o
 .debug_info    0x00000000000066dc      0xe69 Drivers/STM32F0xx_HAL_Driver/Src/stm32f0xx_hal_gpio.o
 .debug_info    0x0000000000007545     0x1bb3 Drivers/STM32F0xx_HAL_Driver/Src/stm32f0xx_hal_pcd.o
 .debug_info    0x00000000000090f8      0xdb9 Drivers/STM32F0xx_HAL_Driver/Src/stm32f0xx_hal_pcd_ex.o
 .debug_info    0x0000000000009eb1     0x1177 Drivers/STM32F0xx_HAL_Driver/Src/stm32f0xx_hal_rcc.o