Archive member included to satisfy reference by file (symbol)

/home/arielo/Ac6/SystemWorkbench/plugins/fr.ac6.mcu.externaltools.arm-none.linux64_1.17.0.201812190825/tools/compiler/bin/../lib/gcc/arm-none-eabi/7.3.1/thumb/v6-m/libgcc.a(_udivsi3.o)
                              Drivers/STM32F0xx_HAL_Driver/Src/stm32f0xx_hal.o (__aeabi_uidiv)
/home/arielo/Ac6/SystemWorkbench/plugins/fr.ac6.mcu.externaltools.arm-none.linux64_1.17.0.201812190825/tools/compiler/bin/../lib/gcc/arm-none-eabi/7.3.1/thumb/v6-m/libgcc.a(_divsi3.o)
                              Src/main.o (__aeabi_idiv)
/home/arielo/Ac6/SystemWorkbench/plugins/fr.ac6.mcu.externaltools.arm-none.linux64_1.17.0.201812190825/tools/compiler/bin/../lib/gcc/arm-none-eabi/7.3.1/thumb/v6-m/libgcc.a(_dvmd_tls.o)
                              /home/arielo/Ac6/SystemWorkbench/plugins/fr.ac6.mcu.externaltools.arm-none.linux64_1.17.0.201812190825/tools/compiler/bin/../lib/gcc/arm-none-eabi/7.3.1/thumb/v6-m/libgcc.a(_udivsi3.o) (__aeabi_idiv0)
/home/arielo/Ac6/SystemWorkbench/plugins/fr.ac6.mcu.externaltools.arm-none.linux64_1.17.0.201812190825/tools/compiler/bin/../lib/gcc/arm-none-eabi/7.3.1/thumb/v6-m/libgcc.a(_arm_cmpsf2.o)
                              Src/main.o (__aeabi_fcmpeq)
/home/arielo/Ac6/SystemWorkbench/plugins/fr.ac6.mcu.externaltools.arm-none.linux64_1.17.0.201812190825/tools/compiler/bin/../lib/gcc/arm-none-eabi/7.3.1/thumb/v6-m/libgcc.a(addsf3.o)
                              Src/main.o (__aeabi_fadd)
/home/arielo/Ac6/SystemWorkbench/plugins/fr.ac6.mcu.externaltools.arm-none.linux64_1.17.0.201812190825/tools/compiler/bin/../lib/gcc/arm-none-eabi/7.3.1/thumb/v6-m/libgcc.a(divsf3.o)
                              Src/main.o (__aeabi_fdiv)
/home/arielo/Ac6/SystemWorkbench/plugins/fr.ac6.mcu.externaltools.arm-none.linux64_1.17.0.201812190825/tools/compiler/bin/../lib/gcc/arm-none-eabi/7.3.1/thumb/v6-m/libgcc.a(eqsf2.o)
                              /home/arielo/Ac6/SystemWorkbench/plugins/fr.ac6.mcu.externaltools.arm-none.linux64_1.17.0.201812190825/tools/compiler/bin/../lib/gcc/arm-none-eabi/7.3.1/thumb/v6-m/libgcc.a(_arm_cmpsf2.o) (__eqsf2)
/home/arielo/Ac6/SystemWorkbench/plugins/fr.ac6.mcu.externaltools.arm-none.linux64_1.17.0.201812190825/tools/compiler/bin/../lib/gcc/arm-none-eabi/7.3.1/thumb/v6-m/libgcc.a(gesf2.o)
                              /home/arielo/Ac6/SystemWorkbench/plugins/fr.ac6.mcu.externaltools.arm-none.linux64_1.17.0.201812190825/tools/compiler/bin/../lib/gcc/arm-none-eabi/7.3.1/thumb/v6-m/libgcc.a(_arm_cmpsf2.o) (__gesf2)
/home/arielo/Ac6/SystemWorkbench/plugins/fr.ac6.mcu.externaltools.arm-none.linux64_1.17.0.201812190825/tools/compiler/bin/../lib/gcc/arm-none-eabi/7.3.1/thumb/v6-m/libgcc.a(lesf2.o)
                              /home/arielo/Ac6/SystemWorkbench/plugins/fr.ac6.mcu.externaltools.arm-none.linux64_1.17.0.201812190825/tools/compiler/bin/../lib/gcc/arm-none-eabi/7.3.1/thumb/v6-m/libgcc.a(_arm_cmpsf2.o) (__lesf2)
/home/arielo/Ac6/SystemWorkbench/plugins/fr.ac6.mcu.externaltools.arm-none.linux64_1.17.0.201812190825/tools/compiler/bin/../lib/gcc/arm-none-eabi/7.3.1/thumb/v6-m/libgcc.a(mulsf3.o)
                              Src/main.o (__aeabi_fmul)
/home/arielo/Ac6/SystemWorkbench/plugins/fr.ac6.mcu.externaltools.arm-none.linux64_1.17.0.201812190825/tools/compiler/bin/../lib/gcc/arm-none-eabi/7.3.1/thumb/v6-m/libgcc.a(subsf3.o)
                              Src/main.o (__aeabi_fsub)
/home/arielo/Ac6/SystemWorkbench/plugins/fr.ac6.mcu.externaltools.arm-none.linux64_1.17.0.201812190825/tools/compiler/bin/../lib/gcc/arm-none-eabi/7.3.1/thumb/v6-m/libgcc.a(fixsfsi.o)
                              Src/main.o (__aeabi_f2iz)
/home/arielo/Ac6/SystemWorkbench/plugins/fr.ac6.mcu.externaltools.arm-none.linux64_1.17.0.201812190825/tools/compiler/bin/../lib/gcc/arm-none-eabi/7.3.1/thumb/v6-m/libgcc.a(floatsisf.o)
                              Src/main.o (__aeabi_i2f)
/home/arielo/Ac6/SystemWorkbench/plugins/fr.ac6.mcu.externaltools.arm-none.linux64_1.17.0.201812190825/tools/compiler/bin/../lib/gcc/arm-none-eabi/7.3.1/thumb/v6-m/libgcc.a(floatunsisf.o)
                              Src/main.o (__aeabi_ui2f)
/home/arielo/Ac6/SystemWorkbench/plugins/fr.ac6.mcu.externaltools.arm-none.linux64_1.17.0.201812190825/tools/compiler/bin/../lib/gcc/arm-none-eabi/7.3.1/thumb/v6-m/libgcc.a(_clzsi2.o)
                              /home/arielo/Ac6/SystemWorkbench/plugins/fr.ac6.mcu.externaltools.arm-none.linux64_1.17.0.201812190825/tools/compiler/bin/../lib/gcc/arm-none-eabi/7.3.1/thumb/v6-m/libgcc.a(addsf3.o) (__clzsi2)
/home/arielo/Ac6/SystemWorkbench/plugins/fr.ac6.mcu.externaltools.arm-none.linux64_1.17.0.201812190825/tools/compiler/bin/../lib/gcc/arm-none-eabi/7.3.1/../../../../arm-none-eabi/lib/thumb/v6-m/libc_nano.a(lib_a-atol.o)
                              Src/main.o (atol)
[...]
Memory Configuration

Name             Origin             Length             Attributes
RAM              0x0000000020000000 0x0000000000004000 xrw
FLASH            0x0000000008000000 0x0000000000020000 xr
*default*        0x0000000000000000 0xffffffffffffffff

Linker script and memory map

LOAD /home/arielo/Ac6/SystemWorkbench/plugins/fr.ac6.mcu.externaltools.arm-none.linux64_1.17.0.201812190825/tools/compiler/bin/../lib/gcc/arm-none-eabi/7.3.1/thumb/v6-m/crti.o
LOAD /home/arielo/Ac6/SystemWorkbench/plugins/fr.ac6.mcu.externaltools.arm-none.linux64_1.17.0.201812190825/tools/compiler/bin/../lib/gcc/arm-none-eabi/7.3.1/thumb/v6-m/crtbegin.o
LOAD /home/arielo/Ac6/SystemWorkbench/plugins/fr.ac6.mcu.externaltools.arm-none.linux64_1.17.0.201812190825/tools/compiler/bin/../lib/gcc/arm-none-eabi/7.3.1/../../../../arm-none-eabi/lib/thumb/v6-m/crt0.o
LOAD Drivers/STM32F0xx_HAL_Driver/Src/stm32f0xx_hal.o
LOAD Drivers/STM32F0xx_HAL_Driver/Src/stm32f0xx_hal_adc.o
LOAD Drivers/STM32F0xx_HAL_Driver/Src/stm32f0xx_hal_adc_ex.o
LOAD Drivers/STM32F0xx_HAL_Driver/Src/stm32f0xx_hal_cortex.o
LOAD Drivers/STM32F0xx_HAL_Driver/Src/stm32f0xx_hal_dac.o
LOAD Drivers/STM32F0xx_HAL_Driver/Src/stm32f0xx_hal_dac_ex.o
LOAD Drivers/STM32F0xx_HAL_Driver/Src/stm32f0xx_hal_dma.o
LOAD Drivers/STM32F0xx_HAL_Driver/Src/stm32f0xx_hal_flash.o
LOAD Drivers/STM32F0xx_HAL_Driver/Src/stm32f0xx_hal_flash_ex.o
LOAD Drivers/STM32F0xx_HAL_Driver/Src/stm32f0xx_hal_gpio.o
LOAD Drivers/STM32F0xx_HAL_Driver/Src/stm32f0xx_hal_i2c.o
LOAD Drivers/STM32F0xx_HAL_Driver/Src/stm32f0xx_hal_i2c_ex.o
LOAD Drivers/STM32F0xx_HAL_Driver/Src/stm32f0xx_hal_pcd.o
LOAD Drivers/STM32F0xx_HAL_Driver/Src/stm32f0xx_hal_pcd_ex.o
LOAD Drivers/STM32F0xx_HAL_Driver/Src/stm32f0xx_hal_pwr.o
LOAD Drivers/STM32F0xx_HAL_Driver/Src/stm32f0xx_hal_pwr_ex.o
LOAD Drivers/STM32F0xx_HAL_Driver/Src/stm32f0xx_hal_rcc.o
LOAD Drivers/STM32F0xx_HAL_Driver/Src/stm32f0xx_hal_rcc_ex.o
LOAD Drivers/STM32F0xx_HAL_Driver/Src/stm32f0xx_hal_spi.o
LOAD Drivers/STM32F0xx_HAL_Driver/Src/stm32f0xx_hal_spi_ex.o
LOAD Drivers/STM32F0xx_HAL_Driver/Src/stm32f0xx_hal_tim.o
LOAD Drivers/STM32F0xx_HAL_Driver/Src/stm32f0xx_hal_tim_ex.o
LOAD Drivers/STM32F0xx_HAL_Driver/Src/stm32f0xx_hal_uart.o
LOAD Drivers/STM32F0xx_HAL_Driver/Src/stm32f0xx_hal_uart_ex.o
LOAD Middlewares/ST/STM32_USB_Device_Library/Class/CDC/Src/usbd_cdc.o
LOAD Middlewares/ST/STM32_USB_Device_Library/Core/Src/usbd_core.o
LOAD Middlewares/ST/STM32_USB_Device_Library/Core/Src/usbd_ctlreq.o
LOAD Middlewares/ST/STM32_USB_Device_Library/Core/Src/usbd_ioreq.o
LOAD Src/eeprom.o
LOAD Src/main.o
LOAD Src/stm32f0xx_hal_msp.o
LOAD Src/stm32f0xx_it.o
LOAD Src/syscalls.o
LOAD Src/system_stm32f0xx.o
LOAD Src/usb_device.o
LOAD Src/usbd_cdc_if.o
LOAD Src/usbd_conf.o
LOAD Src/usbd_desc.o
LOAD startup/startup_stm32f072xb.o
LOAD /home/arielo/Ac6/SystemWorkbench/plugins/fr.ac6.mcu.externaltools.arm-none.linux64_1.17.0.201812190825/tools/compiler/bin/../lib/gcc/arm-none-eabi/7.3.1/../../../../arm-none-eabi/lib/thumb/v6-m/libm.a
START GROUP
LOAD /home/arielo/Ac6/SystemWorkbench/plugins/fr.ac6.mcu.externaltools.arm-none.linux64_1.17.0.201812190825/tools/compiler/bin/../lib/gcc/arm-none-eabi/7.3.1/thumb/v6-m/libgcc.a
LOAD /home/arielo/Ac6/SystemWorkbench/plugins/fr.ac6.mcu.externaltools.arm-none.linux64_1.17.0.201812190825/tools/compiler/bin/../lib/gcc/arm-none-eabi/7.3.1/../../../../arm-none-eabi/lib/thumb/v6-m/libc_nano.a
END GROUP
START GROUP
LOAD /home/arielo/Ac6/SystemWorkbench/plugins/fr.ac6.mcu.externaltools.arm-none.linux64_1.17.0.201812190825/tools/compiler/bin/../lib/gcc/arm-none-eabi/7.3.1/thumb/v6-m/libgcc.a
LOAD /home/arielo/Ac6/SystemWorkbench/plugins/fr.ac6.mcu.externaltools.arm-none.linux64_1.17.0.201812190825/tools/compiler/bin/../lib/gcc/arm-none-eabi/7.3.1/../../../../arm-none-eabi/lib/thumb/v6-m/libc_nano.a
LOAD /home/arielo/Ac6/SystemWorkbench/plugins/fr.ac6.mcu.externaltools.arm-none.linux64_1.17.0.201812190825/tools/compiler/bin/../lib/gcc/arm-none-eabi/7.3.1/../../../../arm-none-eabi/lib/thumb/v6-m/libnosys.a
END GROUP
START GROUP
LOAD /home/arielo/Ac6/SystemWorkbench/plugins/fr.ac6.mcu.externaltools.arm-none.linux64_1.17.0.201812190825/tools/compiler/bin/../lib/gcc/arm-none-eabi/7.3.1/thumb/v6-m/libgcc.a
LOAD /home/arielo/Ac6/SystemWorkbench/plugins/fr.ac6.mcu.externaltools.arm-none.linux64_1.17.0.201812190825/tools/compiler/bin/../lib/gcc/arm-none-eabi/7.3.1/../../../../arm-none-eabi/lib/thumb/v6-m/libc_nano.a
LOAD /home/arielo/Ac6/SystemWorkbench/plugins/fr.ac6.mcu.externaltools.arm-none.linux64_1.17.0.201812190825/tools/compiler/bin/../lib/gcc/arm-none-eabi/7.3.1/../../../../arm-none-eabi/lib/thumb/v6-m/libnosys.a
END GROUP
LOAD /home/arielo/Ac6/SystemWorkbench/plugins/fr.ac6.mcu.externaltools.arm-none.linux64_1.17.0.201812190825/tools/compiler/bin/../lib/gcc/arm-none-eabi/7.3.1/thumb/v6-m/crtend.o
LOAD /home/arielo/Ac6/SystemWorkbench/plugins/fr.ac6.mcu.externaltools.arm-none.linux64_1.17.0.201812190825/tools/compiler/bin/../lib/gcc/arm-none-eabi/7.3.1/thumb/v6-m/crtn.o
                0x0000000020004000                _estack = 0x20004000
                0x0000000000000200                _Min_Heap_Size = 0x200
                0x0000000000000400                _Min_Stack_Size = 0x400

.isr_vector     0x0000000008000000       0xc0
                0x0000000008000000                . = ALIGN (0x4)
 *(.isr_vector)
 .isr_vector    0x0000000008000000       0xc0 startup/startup_stm32f072xb.o
                0x0000000008000000                g_pfnVectors
                0x00000000080000c0                . = ALIGN (0x4)

.text           0x00000000080000c0     0x9118
                0x00000000080000c0                . = ALIGN (0x4)
 *(.text)
 .text          0x00000000080000c0       0x48 /home/arielo/Ac6/SystemWorkbench/plugins/fr.ac6.mcu.externaltools.arm-none.linux64_1.17.0.201812190825/tools/compiler/bin/../lib/gcc/arm-none-eabi/7.3.1/thumb/v6-m/crtbegin.o
 .text          0x0000000008000108      0x114 /home/arielo/Ac6/SystemWorkbench/plugins/fr.ac6.mcu.externaltools.arm-none.linux64_1.17.0.201812190825/tools/compiler/bin/../lib/gcc/arm-none-eabi/7.3.1/thumb/v6-m/libgcc.a(_udivsi3.o)
                0x0000000008000108                __udivsi3
                0x0000000008000108                __aeabi_uidiv
                0x0000000008000214                __aeabi_uidivmod
 .text          0x000000000800021c      0x1d4 /home/arielo/Ac6/SystemWorkbench/plugins/fr.ac6.mcu.externaltools.arm-none.linux64_1.17.0.201812190825/tools/compiler/bin/../lib/gcc/arm-none-eabi/7.3.1/thumb/v6-m/libgcc.a(_divsi3.o)
                0x000000000800021c                __aeabi_idiv
                0x000000000800021c                __divsi3
                0x00000000080003e8                __aeabi_idivmod
 .text          0x00000000080003f0        0x4 /home/arielo/Ac6/SystemWorkbench/plugins/fr.ac6.mcu.externaltools.arm-none.linux64_1.17.0.201812190825/tools/compiler/bin/../lib/gcc/arm-none-eabi/7.3.1/thumb/v6-m/libgcc.a(_dvmd_tls.o)
                0x00000000080003f0                __aeabi_ldiv0
                0x00000000080003f0                __aeabi_idiv0
 .text          0x00000000080003f4       0x74 /home/arielo/Ac6/SystemWorkbench/plugins/fr.ac6.mcu.externaltools.arm-none.linux64_1.17.0.201812190825/tools/compiler/bin/../lib/gcc/arm-none-eabi/7.3.1/thumb/v6-m/libgcc.a(_arm_cmpsf2.o)
                0x00000000080003f4                __aeabi_cfrcmple
                0x00000000080003fc                __aeabi_cfcmple
                0x00000000080003fc                __aeabi_cfcmpeq
                0x000000000800040c                __aeabi_fcmpeq
                0x0000000008000418                __aeabi_fcmplt
                0x000000000800042c                __aeabi_fcmple
                0x0000000008000440                __aeabi_fcmpgt
                0x0000000008000454                __aeabi_fcmpge
 .text          0x0000000008000468      0x334 /home/arielo/Ac6/SystemWorkbench/plugins/fr.ac6.mcu.externaltools.arm-none.linux64_1.17.0.201812190825/tools/compiler/bin/../lib/gcc/arm-none-eabi/7.3.1/thumb/v6-m/libgcc.a(addsf3.o)
                0x0000000008000468                __aeabi_fadd
 .text          0x000000000800079c      0x224 /home/arielo/Ac6/SystemWorkbench/plugins/fr.ac6.mcu.externaltools.arm-none.linux64_1.17.0.201812190825/tools/compiler/bin/../lib/gcc/arm-none-eabi/7.3.1/thumb/v6-m/libgcc.a(divsf3.o)
                0x000000000800079c                __aeabi_fdiv
 .text          0x00000000080009c0       0x50 /home/arielo/Ac6/SystemWorkbench/plugins/fr.ac6.mcu.externaltools.arm-none.linux64_1.17.0.201812190825/tools/compiler/bin/../lib/gcc/arm-none-eabi/7.3.1/thumb/v6-m/libgcc.a(eqsf2.o)
                0x00000000080009c0                __nesf2
                0x00000000080009c0                __eqsf2
 .text          0x0000000008000a10       0x9c /home/arielo/Ac6/SystemWorkbench/plugins/fr.ac6.mcu.externaltools.arm-none.linux64_1.17.0.201812190825/tools/compiler/bin/../lib/gcc/arm-none-eabi/7.3.1/thumb/v6-m/libgcc.a(gesf2.o)
                0x0000000008000a10                __gtsf2
                0x0000000008000a10                __gesf2
 .text          0x0000000008000aac       0xa0 /home/arielo/Ac6/SystemWorkbench/plugins/fr.ac6.mcu.externaltools.arm-none.linux64_1.17.0.201812190825/tools/compiler/bin/../lib/gcc/arm-none-eabi/7.3.1/thumb/v6-m/libgcc.a(lesf2.o)
                0x0000000008000aac                __lesf2
                0x0000000008000aac                __ltsf2
 .text          0x0000000008000b4c      0x264 /home/arielo/Ac6/SystemWorkbench/plugins/fr.ac6.mcu.externaltools.arm-none.linux64_1.17.0.201812190825/tools/compiler/bin/../lib/gcc/arm-none-eabi/7.3.1/thumb/v6-m/libgcc.a(mulsf3.o)
                0x0000000008000b4c                __aeabi_fmul
 .text          0x0000000008000db0      0x388 /home/arielo/Ac6/SystemWorkbench/plugins/fr.ac6.mcu.externaltools.arm-none.linux64_1.17.0.201812190825/tools/compiler/bin/../lib/gcc/arm-none-eabi/7.3.1/thumb/v6-m/libgcc.a(subsf3.o)
                0x0000000008000db0                __aeabi_fsub
 .text          0x0000000008001138       0x40 /home/arielo/Ac6/SystemWorkbench/plugins/fr.ac6.mcu.externaltools.arm-none.linux64_1.17.0.201812190825/tools/compiler/bin/../lib/gcc/arm-none-eabi/7.3.1/thumb/v6-m/libgcc.a(fixsfsi.o)
                0x0000000008001138                __aeabi_f2iz
 .text          0x0000000008001178       0x94 /home/arielo/Ac6/SystemWorkbench/plugins/fr.ac6.mcu.externaltools.arm-none.linux64_1.17.0.201812190825/tools/compiler/bin/../lib/gcc/arm-none-eabi/7.3.1/thumb/v6-m/libgcc.a(floatsisf.o)
                0x0000000008001178                __aeabi_i2f
 .text          0x000000000800120c       0x80 /home/arielo/Ac6/SystemWorkbench/plugins/fr.ac6.mcu.externaltools.arm-none.linux64_1.17.0.201812190825/tools/compiler/bin/../lib/gcc/arm-none-eabi/7.3.1/thumb/v6-m/libgcc.a(floatunsisf.o)
                0x000000000800120c                __aeabi_ui2f
 .text          0x000000000800128c       0x3c /home/arielo/Ac6/SystemWorkbench/plugins/fr.ac6.mcu.externaltools.arm-none.linux64_1.17.0.201812190825/tools/compiler/bin/../lib/gcc/arm-none-eabi/7.3.1/thumb/v6-m/libgcc.a(_clzsi2.o)
                0x000000000800128c                __clzsi2
 *(.text*)
 .text.HAL_InitTick
                0x00000000080012c8       0x24 Drivers/STM32F0xx_HAL_Driver/Src/stm32f0xx_hal.o
                0x00000000080012c8                HAL_InitTick
 .text.HAL_Init
                0x00000000080012ec       0x20 Drivers/STM32F0xx_HAL_Driver/Src/stm32f0xx_hal.o
                0x00000000080012ec                HAL_Init
 .text.HAL_GetTick
                0x000000000800130c        0xc Drivers/STM32F0xx_HAL_Driver/Src/stm32f0xx_hal.o
                0x000000000800130c                HAL_GetTick
 .text.ADC_Enable
                0x0000000008001318       0xa8 Drivers/STM32F0xx_HAL_Driver/Src/stm32f0xx_hal_adc.o
 .text.HAL_ADC_Init
                0x00000000080013c0      0x17c Drivers/STM32F0xx_HAL_Driver/Src/stm32f0xx_hal_adc.o
                0x00000000080013c0                HAL_ADC_Init
 .text.HAL_ADC_Start_DMA
                0x000000000800153c       0xa8 Drivers/STM32F0xx_HAL_Driver/Src/stm32f0xx_hal_adc.o
                0x000000000800153c                HAL_ADC_Start_DMA
 .text.ADC_DMAConvCplt
                0x00000000080015e4       0x70 Drivers/STM32F0xx_HAL_Driver/Src/stm32f0xx_hal_adc.o
 .text.HAL_ADC_ConvHalfCpltCallback
                0x0000000008001654        0x2 Drivers/STM32F0xx_HAL_Driver/Src/stm32f0xx_hal_adc.o
                0x0000000008001654                HAL_ADC_ConvHalfCpltCallback
 .text.ADC_DMAHalfConvCplt
                0x0000000008001656        0xa Drivers/STM32F0xx_HAL_Driver/Src/stm32f0xx_hal_adc.o
 .text.HAL_ADC_LevelOutOfWindowCallback
                0x0000000008001660        0x2 Drivers/STM32F0xx_HAL_Driver/Src/stm32f0xx_hal_adc.o
                0x0000000008001660                HAL_ADC_LevelOutOfWindowCallback
 .text.HAL_ADC_ErrorCallback
                0x0000000008001662        0x2 Drivers/STM32F0xx_HAL_Driver/Src/stm32f0xx_hal_adc.o
                0x0000000008001662                HAL_ADC_ErrorCallback
 .text.ADC_DMAError
                0x0000000008001664       0x1a Drivers/STM32F0xx_HAL_Driver/Src/stm32f0xx_hal_adc.o
 *fill*         0x000000000800167e        0x2 
 .text.HAL_ADC_IRQHandler
                0x0000000008001680       0xdc Drivers/STM32F0xx_HAL_Driver/Src/stm32f0xx_hal_adc.o
                0x0000000008001680                HAL_ADC_IRQHandler
 .text.HAL_ADC_ConfigChannel
                0x000000000800175c      0x14c Drivers/STM32F0xx_HAL_Driver/Src/stm32f0xx_hal_adc.o
                0x000000000800175c                HAL_ADC_ConfigChannel
 .text.HAL_NVIC_SetPriority
                0x00000000080018a8       0x60 Drivers/STM32F0xx_HAL_Driver/Src/stm32f0xx_hal_cortex.o
                0x00000000080018a8                HAL_NVIC_SetPriority
 .text.HAL_NVIC_EnableIRQ
                0x0000000008001908       0x14 Drivers/STM32F0xx_HAL_Driver/Src/stm32f0xx_hal_cortex.o
                0x0000000008001908                HAL_NVIC_EnableIRQ
 .text.HAL_SYSTICK_Config
                0x000000000800191c       0x38 Drivers/STM32F0xx_HAL_Driver/Src/stm32f0xx_hal_cortex.o
                0x000000000800191c                HAL_SYSTICK_Config
 .text.HAL_DAC_Init
                0x0000000008001954       0x28 Drivers/STM32F0xx_HAL_Driver/Src/stm32f0xx_hal_dac.o
                0x0000000008001954                HAL_DAC_Init
 .text.HAL_DAC_ConfigChannel
                0x000000000800197c       0x3c Drivers/STM32F0xx_HAL_Driver/Src/stm32f0xx_hal_dac_ex.o
                0x000000000800197c                HAL_DAC_ConfigChannel
 .text.DMA_SetConfig
                0x00000000080019b8       0x2a Drivers/STM32F0xx_HAL_Driver/Src/stm32f0xx_hal_dma.o
 *fill*         0x00000000080019e2        0x2 
 .text.DMA_CalcBaseAndBitshift
                0x00000000080019e4       0x28 Drivers/STM32F0xx_HAL_Driver/Src/stm32f0xx_hal_dma.o
 .text.HAL_DMA_Init
                0x0000000008001a0c       0x58 Drivers/STM32F0xx_HAL_Driver/Src/stm32f0xx_hal_dma.o
                0x0000000008001a0c                HAL_DMA_Init
 .text.HAL_DMA_Start_IT
                0x0000000008001a64       0x76 Drivers/STM32F0xx_HAL_Driver/Src/stm32f0xx_hal_dma.o
                0x0000000008001a64                HAL_DMA_Start_IT
 .text.HAL_DMA_Abort_IT
                0x0000000008001ada       0x4a Drivers/STM32F0xx_HAL_Driver/Src/stm32f0xx_hal_dma.o
                0x0000000008001ada                HAL_DMA_Abort_IT
 .text.HAL_DMA_IRQHandler
                0x0000000008001b24       0xaa Drivers/STM32F0xx_HAL_Driver/Src/stm32f0xx_hal_dma.o
                0x0000000008001b24                HAL_DMA_IRQHandler
 *fill*         0x0000000008001bce        0x2 
 .text.FLASH_Program_HalfWord
                0x0000000008001bd0       0x20 Drivers/STM32F0xx_HAL_Driver/Src/stm32f0xx_hal_flash.o
 .text.FLASH_SetErrorCode
                0x0000000008001bf0       0x3c Drivers/STM32F0xx_HAL_Driver/Src/stm32f0xx_hal_flash.o
 .text.HAL_FLASH_Unlock
                0x0000000008001c2c       0x28 Drivers/STM32F0xx_HAL_Driver/Src/stm32f0xx_hal_flash.o
                0x0000000008001c2c                HAL_FLASH_Unlock
 .text.HAL_FLASH_Lock
                0x0000000008001c54       0x14 Drivers/STM32F0xx_HAL_Driver/Src/stm32f0xx_hal_flash.o
                0x0000000008001c54                HAL_FLASH_Lock
 .text.FLASH_WaitForLastOperation
                0x0000000008001c68       0x5c Drivers/STM32F0xx_HAL_Driver/Src/stm32f0xx_hal_flash.o
                0x0000000008001c68                FLASH_WaitForLastOperation
 .text.HAL_FLASH_Program
                0x0000000008001cc4       0xa0 Drivers/STM32F0xx_HAL_Driver/Src/stm32f0xx_hal_flash.o
                0x0000000008001cc4                HAL_FLASH_Program
 .text.FLASH_MassErase
                0x0000000008001d64       0x24 Drivers/STM32F0xx_HAL_Driver/Src/stm32f0xx_hal_flash_ex.o
 .text.FLASH_PageErase
                0x0000000008001d88       0x24 Drivers/STM32F0xx_HAL_Driver/Src/stm32f0xx_hal_flash_ex.o
                0x0000000008001d88                FLASH_PageErase
 .text.HAL_FLASHEx_Erase
                0x0000000008001dac       0xa4 Drivers/STM32F0xx_HAL_Driver/Src/stm32f0xx_hal_flash_ex.o
                0x0000000008001dac                HAL_FLASHEx_Erase
 .text.HAL_GPIO_Init
                0x0000000008001e50      0x198 Drivers/STM32F0xx_HAL_Driver/Src/stm32f0xx_hal_gpio.o
                0x0000000008001e50                HAL_GPIO_Init
 .text.HAL_GPIO_ReadPin
                0x0000000008001fe8        0xe Drivers/STM32F0xx_HAL_Driver/Src/stm32f0xx_hal_gpio.o
                0x0000000008001fe8                HAL_GPIO_ReadPin
 .text.HAL_GPIO_WritePin
                0x0000000008001ff6        0xc Drivers/STM32F0xx_HAL_Driver/Src/stm32f0xx_hal_gpio.o
                0x0000000008001ff6                HAL_GPIO_WritePin
 *fill*         0x0000000008002002        0x2 
 .text.HAL_GPIO_EXTI_IRQHandler
                0x0000000008002004       0x1c Drivers/STM32F0xx_HAL_Driver/Src/stm32f0xx_hal_gpio.o
                0x0000000008002004                HAL_GPIO_EXTI_IRQHandler
 .text.HAL_PCD_Init
                0x0000000008002020       0xc0 Drivers/STM32F0xx_HAL_Driver/Src/stm32f0xx_hal_pcd.o
                0x0000000008002020                HAL_PCD_Init
 .text.HAL_PCD_Start
                0x00000000080020e0       0x18 Drivers/STM32F0xx_HAL_Driver/Src/stm32f0xx_hal_pcd.o
                0x00000000080020e0                HAL_PCD_Start
 .text.HAL_PCD_SetAddress
                0x00000000080020f8       0x36 Drivers/STM32F0xx_HAL_Driver/Src/stm32f0xx_hal_pcd.o
                0x00000000080020f8                HAL_PCD_SetAddress
 *fill*         0x000000000800212e        0x2 
 .text.HAL_PCD_EP_Open
                0x0000000008002130      0x354 Drivers/STM32F0xx_HAL_Driver/Src/stm32f0xx_hal_pcd.o
                0x0000000008002130                HAL_PCD_EP_Open
 .text.HAL_PCD_EP_Close
                0x0000000008002484      0x1d0 Drivers/STM32F0xx_HAL_Driver/Src/stm32f0xx_hal_pcd.o
                0x0000000008002484                HAL_PCD_EP_Close
 .text.HAL_PCD_EP_Receive
                0x0000000008002654      0x200 Drivers/STM32F0xx_HAL_Driver/Src/stm32f0xx_hal_pcd.o
                0x0000000008002654                HAL_PCD_EP_Receive
 .text.HAL_PCD_EP_GetRxCount
                0x0000000008002854       0x14 Drivers/STM32F0xx_HAL_Driver/Src/stm32f0xx_hal_pcd.o
                0x0000000008002854                HAL_PCD_EP_GetRxCount
 .text.HAL_PCD_EP_SetStall
                0x0000000008002868       0xc0 Drivers/STM32F0xx_HAL_Driver/Src/stm32f0xx_hal_pcd.o
                0x0000000008002868                HAL_PCD_EP_SetStall
 .text.HAL_PCD_EP_ClrStall
                0x0000000008002928       0xe0 Drivers/STM32F0xx_HAL_Driver/Src/stm32f0xx_hal_pcd.o
                0x0000000008002928                HAL_PCD_EP_ClrStall
 .text.PCD_WritePMA
                0x0000000008002a08       0x28 Drivers/STM32F0xx_HAL_Driver/Src/stm32f0xx_hal_pcd.o
                0x0000000008002a08                PCD_WritePMA
 .text.HAL_PCD_EP_Transmit
                0x0000000008002a30      0x218 Drivers/STM32F0xx_HAL_Driver/Src/stm32f0xx_hal_pcd.o
                0x0000000008002a30                HAL_PCD_EP_Transmit
 .text.PCD_ReadPMA
                0x0000000008002c48       0x2c Drivers/STM32F0xx_HAL_Driver/Src/stm32f0xx_hal_pcd.o
                0x0000000008002c48                PCD_ReadPMA
 .text.PCD_EP_ISR_Handler
                0x0000000008002c74      0x4ac Drivers/STM32F0xx_HAL_Driver/Src/stm32f0xx_hal_pcd.o
 .text.HAL_PCD_IRQHandler
                0x0000000008003120      0x11c Drivers/STM32F0xx_HAL_Driver/Src/stm32f0xx_hal_pcd.o
                0x0000000008003120                HAL_PCD_IRQHandler
 .text.HAL_PCDEx_PMAConfig
                0x000000000800323c       0x3a Drivers/STM32F0xx_HAL_Driver/Src/stm32f0xx_hal_pcd_ex.o
                0x000000000800323c                HAL_PCDEx_PMAConfig
 *fill*         0x0000000008003276        0x2 
 .text.HAL_RCC_OscConfig
                0x0000000008003278      0x4fc Drivers/STM32F0xx_HAL_Driver/Src/stm32f0xx_hal_rcc.o
                0x0000000008003278                HAL_RCC_OscConfig
 .text.HAL_RCC_GetSysClockFreq
                0x0000000008003774       0x94 Drivers/STM32F0xx_HAL_Driver/Src/stm32f0xx_hal_rcc.o
                0x0000000008003774                HAL_RCC_GetSysClockFreq
 .text.HAL_RCC_ClockConfig
                0x0000000008003808      0x184 Drivers/STM32F0xx_HAL_Driver/Src/stm32f0xx_hal_rcc.o
                0x0000000008003808                HAL_RCC_ClockConfig
 .text.HAL_RCC_GetHCLKFreq
                0x000000000800398c        0xc Drivers/STM32F0xx_HAL_Driver/Src/stm32f0xx_hal_rcc.o
                0x000000000800398c                HAL_RCC_GetHCLKFreq
 .text.HAL_RCC_GetPCLK1Freq
                0x0000000008003998       0x20 Drivers/STM32F0xx_HAL_Driver/Src/stm32f0xx_hal_rcc.o
                0x0000000008003998                HAL_RCC_GetPCLK1Freq
 .text.HAL_RCCEx_PeriphCLKConfig
                0x00000000080039b8      0x158 Drivers/STM32F0xx_HAL_Driver/Src/stm32f0xx_hal_rcc_ex.o
                0x00000000080039b8                HAL_RCCEx_PeriphCLKConfig
 .text.HAL_RCCEx_CRSConfig
                0x0000000008003b10       0x54 Drivers/STM32F0xx_HAL_Driver/Src/stm32f0xx_hal_rcc_ex.o
                0x0000000008003b10                HAL_RCCEx_CRSConfig
 .text.SPI_WaitFlagStateUntilTimeout
                0x0000000008003b64       0xa0 Drivers/STM32F0xx_HAL_Driver/Src/stm32f0xx_hal_spi.o
 .text.SPI_WaitFifoStateUntilTimeout
                0x0000000008003c04       0xb4 Drivers/STM32F0xx_HAL_Driver/Src/stm32f0xx_hal_spi.o
 .text.SPI_EndRxTxTransaction
                0x0000000008003cb8       0x68 Drivers/STM32F0xx_HAL_Driver/Src/stm32f0xx_hal_spi.o
 .text.HAL_SPI_Init
                0x0000000008003d20       0xcc Drivers/STM32F0xx_HAL_Driver/Src/stm32f0xx_hal_spi.o
                0x0000000008003d20                HAL_SPI_Init
 .text.HAL_SPI_Transmit
                0x0000000008003dec      0x1c4 Drivers/STM32F0xx_HAL_Driver/Src/stm32f0xx_hal_spi.o
                0x0000000008003dec                HAL_SPI_Transmit
 .text.TIM_OC1_SetConfig
                0x0000000008003fb0       0x88 Drivers/STM32F0xx_HAL_Driver/Src/stm32f0xx_hal_tim.o
 .text.TIM_OC3_SetConfig
                0x0000000008004038       0x90 Drivers/STM32F0xx_HAL_Driver/Src/stm32f0xx_hal_tim.o
 .text.TIM_OC4_SetConfig
                0x00000000080040c8       0x74 Drivers/STM32F0xx_HAL_Driver/Src/stm32f0xx_hal_tim.o
 .text.TIM_TI1_ConfigInputStage
                0x000000000800413c       0x22 Drivers/STM32F0xx_HAL_Driver/Src/stm32f0xx_hal_tim.o
 *fill*         0x000000000800415e        0x2 
 .text.TIM_TI2_ConfigInputStage
                0x0000000008004160       0x28 Drivers/STM32F0xx_HAL_Driver/Src/stm32f0xx_hal_tim.o
 .text.TIM_ITRx_SetConfig
                0x0000000008004188       0x10 Drivers/STM32F0xx_HAL_Driver/Src/stm32f0xx_hal_tim.o
 .text.TIM_Base_SetConfig
                0x0000000008004198       0xa4 Drivers/STM32F0xx_HAL_Driver/Src/stm32f0xx_hal_tim.o
                0x0000000008004198                TIM_Base_SetConfig
 .text.HAL_TIM_Base_Init
                0x000000000800423c       0x34 Drivers/STM32F0xx_HAL_Driver/Src/stm32f0xx_hal_tim.o
                0x000000000800423c                HAL_TIM_Base_Init
 .text.HAL_TIM_PWM_Init
                0x0000000008004270       0x34 Drivers/STM32F0xx_HAL_Driver/Src/stm32f0xx_hal_tim.o
                0x0000000008004270                HAL_TIM_PWM_Init
 .text.HAL_TIM_Encoder_Init
                0x00000000080042a4       0xa4 Drivers/STM32F0xx_HAL_Driver/Src/stm32f0xx_hal_tim.o
                0x00000000080042a4                HAL_TIM_Encoder_Init
 .text.TIM_OC2_SetConfig
                0x0000000008004348       0x88 Drivers/STM32F0xx_HAL_Driver/Src/stm32f0xx_hal_tim.o
                0x0000000008004348                TIM_OC2_SetConfig
 .text.HAL_TIM_PWM_ConfigChannel
                0x00000000080043d0       0xec Drivers/STM32F0xx_HAL_Driver/Src/stm32f0xx_hal_tim.o
                0x00000000080043d0                HAL_TIM_PWM_ConfigChannel
 .text.TIM_ETR_SetConfig
                0x00000000080044bc       0x18 Drivers/STM32F0xx_HAL_Driver/Src/stm32f0xx_hal_tim.o
                0x00000000080044bc                TIM_ETR_SetConfig
 .text.HAL_TIM_ConfigClockSource
                0x00000000080044d4      0x118 Drivers/STM32F0xx_HAL_Driver/Src/stm32f0xx_hal_tim.o
                0x00000000080044d4                HAL_TIM_ConfigClockSource
 .text.TIM_CCxChannelCmd
                0x00000000080045ec       0x16 Drivers/STM32F0xx_HAL_Driver/Src/stm32f0xx_hal_tim.o
                0x00000000080045ec                TIM_CCxChannelCmd
 *fill*         0x0000000008004602        0x2 
 .text.HAL_TIM_PWM_Start
                0x0000000008004604       0x50 Drivers/STM32F0xx_HAL_Driver/Src/stm32f0xx_hal_tim.o
                0x0000000008004604                HAL_TIM_PWM_Start
 .text.HAL_TIM_Encoder_Start_IT
                0x0000000008004654       0x6e Drivers/STM32F0xx_HAL_Driver/Src/stm32f0xx_hal_tim.o
                0x0000000008004654                HAL_TIM_Encoder_Start_IT
 .text.HAL_TIMEx_MasterConfigSynchronization
                0x00000000080046c2       0x4c Drivers/STM32F0xx_HAL_Driver/Src/stm32f0xx_hal_tim_ex.o
                0x00000000080046c2                HAL_TIMEx_MasterConfigSynchronization
 *fill*         0x000000000800470e        0x2 
 .text.HAL_TIMEx_ConfigBreakDeadTime
                0x0000000008004710       0x7c Drivers/STM32F0xx_HAL_Driver/Src/stm32f0xx_hal_tim_ex.o
                0x0000000008004710                HAL_TIMEx_ConfigBreakDeadTime
 .text.UART_EndTxTransfer
                0x000000000800478c       0x12 Drivers/STM32F0xx_HAL_Driver/Src/stm32f0xx_hal_uart.o
 *fill*         0x000000000800479e        0x2 
 .text.UART_EndRxTransfer
                0x00000000080047a0       0x24 Drivers/STM32F0xx_HAL_Driver/Src/stm32f0xx_hal_uart.o
 .text.HAL_UART_Receive_IT
                0x00000000080047c4       0xd4 Drivers/STM32F0xx_HAL_Driver/Src/stm32f0xx_hal_uart.o
                0x00000000080047c4                HAL_UART_Receive_IT
 .text.HAL_UART_Transmit_DMA
                0x0000000008004898       0xa8 Drivers/STM32F0xx_HAL_Driver/Src/stm32f0xx_hal_uart.o
                0x0000000008004898                HAL_UART_Transmit_DMA
 .text.HAL_UART_TxCpltCallback
                0x0000000008004940        0x2 Drivers/STM32F0xx_HAL_Driver/Src/stm32f0xx_hal_uart.o
                0x0000000008004940                HAL_UART_TxCpltCallback
 .text.UART_DMATransmitCplt
                0x0000000008004942       0x30 Drivers/STM32F0xx_HAL_Driver/Src/stm32f0xx_hal_uart.o
 .text.HAL_UART_TxHalfCpltCallback
                0x0000000008004972        0x2 Drivers/STM32F0xx_HAL_Driver/Src/stm32f0xx_hal_uart.o
                0x0000000008004972                HAL_UART_TxHalfCpltCallback
 .text.UART_DMATxHalfCplt
                0x0000000008004974        0xa Drivers/STM32F0xx_HAL_Driver/Src/stm32f0xx_hal_uart.o
 .text.HAL_UART_ErrorCallback
                0x000000000800497e        0x2 Drivers/STM32F0xx_HAL_Driver/Src/stm32f0xx_hal_uart.o
                0x000000000800497e                HAL_UART_ErrorCallback
 .text.UART_DMAError
                0x0000000008004980       0x50 Drivers/STM32F0xx_HAL_Driver/Src/stm32f0xx_hal_uart.o
 .text.UART_DMAAbortOnError
                0x00000000080049d0       0x14 Drivers/STM32F0xx_HAL_Driver/Src/stm32f0xx_hal_uart.o
 .text.UART_SetConfig
                0x00000000080049e4      0x20c Drivers/STM32F0xx_HAL_Driver/Src/stm32f0xx_hal_uart.o
                0x00000000080049e4                UART_SetConfig
 .text.UART_AdvFeatureConfig
                0x0000000008004bf0       0xe0 Drivers/STM32F0xx_HAL_Driver/Src/stm32f0xx_hal_uart.o
                0x0000000008004bf0                UART_AdvFeatureConfig
 .text.UART_WaitOnFlagUntilTimeout
                0x0000000008004cd0       0x6c Drivers/STM32F0xx_HAL_Driver/Src/stm32f0xx_hal_uart.o
                0x0000000008004cd0                UART_WaitOnFlagUntilTimeout
 .text.HAL_UART_Transmit
                0x0000000008004d3c       0xe2 Drivers/STM32F0xx_HAL_Driver/Src/stm32f0xx_hal_uart.o
                0x0000000008004d3c                HAL_UART_Transmit
 *fill*         0x0000000008004e1e        0x2 
 .text.UART_CheckIdleState
                0x0000000008004e20       0x84 Drivers/STM32F0xx_HAL_Driver/Src/stm32f0xx_hal_uart.o
                0x0000000008004e20                UART_CheckIdleState
 .text.HAL_UART_Init
                0x0000000008004ea4       0x70 Drivers/STM32F0xx_HAL_Driver/Src/stm32f0xx_hal_uart.o
                0x0000000008004ea4                HAL_UART_Init
 .text.UART_Transmit_IT
                0x0000000008004f14       0x6c Drivers/STM32F0xx_HAL_Driver/Src/stm32f0xx_hal_uart.o
                0x0000000008004f14                UART_Transmit_IT
 .text.UART_EndTransmit_IT
                0x0000000008004f80       0x1a Drivers/STM32F0xx_HAL_Driver/Src/stm32f0xx_hal_uart.o
                0x0000000008004f80                UART_EndTransmit_IT
 *fill*         0x0000000008004f9a        0x2 
 .text.UART_Receive_IT
                0x0000000008004f9c       0x88 Drivers/STM32F0xx_HAL_Driver/Src/stm32f0xx_hal_uart.o
                0x0000000008004f9c                UART_Receive_IT
 .text.HAL_UART_IRQHandler
                0x0000000008005024      0x144 Drivers/STM32F0xx_HAL_Driver/Src/stm32f0xx_hal_uart.o
                0x0000000008005024                HAL_UART_IRQHandler
 .text.HAL_UARTEx_WakeupCallback
                0x0000000008005168        0x2 Drivers/STM32F0xx_HAL_Driver/Src/stm32f0xx_hal_uart_ex.o
                0x0000000008005168                HAL_UARTEx_WakeupCallback
 .text.USBD_CDC_DataIn
                0x000000000800516a       0x1a Middlewares/ST/STM32_USB_Device_Library/Class/CDC/Src/usbd_cdc.o
 .text.USBD_CDC_EP0_RxReady
                0x0000000008005184       0x34 Middlewares/ST/STM32_USB_Device_Library/Class/CDC/Src/usbd_cdc.o
 .text.USBD_CDC_GetFSCfgDesc
                0x00000000080051b8        0xc Middlewares/ST/STM32_USB_Device_Library/Class/CDC/Src/usbd_cdc.o
 .text.USBD_CDC_GetHSCfgDesc
                0x00000000080051c4       0x10 Middlewares/ST/STM32_USB_Device_Library/Class/CDC/Src/usbd_cdc.o
 .text.USBD_CDC_GetOtherSpeedCfgDesc
                0x00000000080051d4       0x10 Middlewares/ST/STM32_USB_Device_Library/Class/CDC/Src/usbd_cdc.o
 .text.USBD_CDC_GetDeviceQualifierDescriptor
                0x00000000080051e4       0x10 Middlewares/ST/STM32_USB_Device_Library/Class/CDC/Src/usbd_cdc.o
                0x00000000080051e4                USBD_CDC_GetDeviceQualifierDescriptor
 .text.USBD_CDC_DataOut
                0x00000000080051f4       0x36 Middlewares/ST/STM32_USB_Device_Library/Class/CDC/Src/usbd_cdc.o
 *fill*         0x000000000800522a        0x2 
 .text.USBD_CDC_Setup
                0x000000000800522c       0x84 Middlewares/ST/STM32_USB_Device_Library/Class/CDC/Src/usbd_cdc.o
 .text.USBD_CDC_DeInit
                0x00000000080052b0       0x40 Middlewares/ST/STM32_USB_Device_Library/Class/CDC/Src/usbd_cdc.o
 .text.USBD_CDC_Init
                0x00000000080052f0       0xa4 Middlewares/ST/STM32_USB_Device_Library/Class/CDC/Src/usbd_cdc.o
 .text.USBD_CDC_RegisterInterface
                0x0000000008005394       0x12 Middlewares/ST/STM32_USB_Device_Library/Class/CDC/Src/usbd_cdc.o
                0x0000000008005394                USBD_CDC_RegisterInterface
 .text.USBD_CDC_SetTxBuffer
                0x00000000080053a6       0x16 Middlewares/ST/STM32_USB_Device_Library/Class/CDC/Src/usbd_cdc.o
                0x00000000080053a6                USBD_CDC_SetTxBuffer
 .text.USBD_CDC_SetRxBuffer
                0x00000000080053bc        0xe Middlewares/ST/STM32_USB_Device_Library/Class/CDC/Src/usbd_cdc.o
                0x00000000080053bc                USBD_CDC_SetRxBuffer
 .text.USBD_CDC_ReceivePacket
                0x00000000080053ca       0x3e Middlewares/ST/STM32_USB_Device_Library/Class/CDC/Src/usbd_cdc.o
                0x00000000080053ca                USBD_CDC_ReceivePacket
 .text.USBD_Init
                0x0000000008005408       0x38 Middlewares/ST/STM32_USB_Device_Library/Core/Src/usbd_core.o
                0x0000000008005408                USBD_Init
 .text.USBD_RegisterClass
                0x0000000008005440       0x12 Middlewares/ST/STM32_USB_Device_Library/Core/Src/usbd_core.o
                0x0000000008005440                USBD_RegisterClass
 .text.USBD_Start
                0x0000000008005452        0xa Middlewares/ST/STM32_USB_Device_Library/Core/Src/usbd_core.o
                0x0000000008005452                USBD_Start
 .text.USBD_SetClassConfig
                0x000000000800545c       0x20 Middlewares/ST/STM32_USB_Device_Library/Core/Src/usbd_core.o
                0x000000000800545c                USBD_SetClassConfig
 .text.USBD_ClrClassConfig
                0x000000000800547c       0x10 Middlewares/ST/STM32_USB_Device_Library/Core/Src/usbd_core.o
                0x000000000800547c                USBD_ClrClassConfig
 .text.USBD_LL_SetupStage
                0x000000000800548c       0x68 Middlewares/ST/STM32_USB_Device_Library/Core/Src/usbd_core.o
                0x000000000800548c                USBD_LL_SetupStage
 .text.USBD_LL_DataOutStage
                0x00000000080054f4       0x78 Middlewares/ST/STM32_USB_Device_Library/Core/Src/usbd_core.o
                0x00000000080054f4                USBD_LL_DataOutStage
 .text.USBD_LL_DataInStage
                0x000000000800556c       0xc2 Middlewares/ST/STM32_USB_Device_Library/Core/Src/usbd_core.o
                0x000000000800556c                USBD_LL_DataInStage
 .text.USBD_LL_Reset
                0x000000000800562e       0x46 Middlewares/ST/STM32_USB_Device_Library/Core/Src/usbd_core.o
                0x000000000800562e                USBD_LL_Reset
 .text.USBD_LL_SetSpeed
                0x0000000008005674        0x6 Middlewares/ST/STM32_USB_Device_Library/Core/Src/usbd_core.o
                0x0000000008005674                USBD_LL_SetSpeed
 .text.USBD_LL_Suspend
                0x000000000800567a       0x16 Middlewares/ST/STM32_USB_Device_Library/Core/Src/usbd_core.o
                0x000000000800567a                USBD_LL_Suspend
 .text.USBD_LL_Resume
                0x0000000008005690        0xe Middlewares/ST/STM32_USB_Device_Library/Core/Src/usbd_core.o
                0x0000000008005690                USBD_LL_Resume
 .text.USBD_LL_SOF
                0x000000000800569e       0x20 Middlewares/ST/STM32_USB_Device_Library/Core/Src/usbd_core.o
                0x000000000800569e                USBD_LL_SOF
 .text.USBD_GetLen
                0x00000000080056be       0x14 Middlewares/ST/STM32_USB_Device_Library/Core/Src/usbd_ctlreq.o
 .text.USBD_SetFeature
                0x00000000080056d2       0x22 Middlewares/ST/STM32_USB_Device_Library/Core/Src/usbd_ctlreq.o
 .text.USBD_ParseSetupRequest
                0x00000000080056f4       0x28 Middlewares/ST/STM32_USB_Device_Library/Core/Src/usbd_ctlreq.o
                0x00000000080056f4                USBD_ParseSetupRequest
 .text.USBD_CtlError
                0x000000000800571c       0x14 Middlewares/ST/STM32_USB_Device_Library/Core/Src/usbd_ctlreq.o
                0x000000000800571c                USBD_CtlError
 .text.USBD_GetDescriptor
                0x0000000008005730      0x15c Middlewares/ST/STM32_USB_Device_Library/Core/Src/usbd_ctlreq.o
 .text.USBD_SetAddress
                0x000000000800588c       0x58 Middlewares/ST/STM32_USB_Device_Library/Core/Src/usbd_ctlreq.o
 .text.USBD_SetConfig
                0x00000000080058e4       0xb0 Middlewares/ST/STM32_USB_Device_Library/Core/Src/usbd_ctlreq.o
 .text.USBD_GetConfig
                0x0000000008005994       0x3c Middlewares/ST/STM32_USB_Device_Library/Core/Src/usbd_ctlreq.o
 .text.USBD_GetStatus
                0x00000000080059d0       0x34 Middlewares/ST/STM32_USB_Device_Library/Core/Src/usbd_ctlreq.o
 .text.USBD_ClrFeature
                0x0000000008005a04       0x36 Middlewares/ST/STM32_USB_Device_Library/Core/Src/usbd_ctlreq.o
 *fill*         0x0000000008005a3a        0x2 
 .text.USBD_StdDevReq
                0x0000000008005a3c       0x48 Middlewares/ST/STM32_USB_Device_Library/Core/Src/usbd_ctlreq.o
                0x0000000008005a3c                USBD_StdDevReq
 .text.USBD_StdItfReq
                0x0000000008005a84       0x3e Middlewares/ST/STM32_USB_Device_Library/Core/Src/usbd_ctlreq.o
                0x0000000008005a84                USBD_StdItfReq
 .text.USBD_StdEPReq
                0x0000000008005ac2      0x138 Middlewares/ST/STM32_USB_Device_Library/Core/Src/usbd_ctlreq.o
                0x0000000008005ac2                USBD_StdEPReq
 .text.USBD_GetString
                0x0000000008005bfa       0x3c Middlewares/ST/STM32_USB_Device_Library/Core/Src/usbd_ctlreq.o
                0x0000000008005bfa                USBD_GetString
 .text.USBD_CtlSendData
                0x0000000008005c36       0x1c Middlewares/ST/STM32_USB_Device_Library/Core/Src/usbd_ioreq.o
                0x0000000008005c36                USBD_CtlSendData
 .text.USBD_CtlContinueSendData
                0x0000000008005c52       0x10 Middlewares/ST/STM32_USB_Device_Library/Core/Src/usbd_ioreq.o
                0x0000000008005c52                USBD_CtlContinueSendData
 .text.USBD_CtlPrepareRx
                0x0000000008005c62       0x20 Middlewares/ST/STM32_USB_Device_Library/Core/Src/usbd_ioreq.o
                0x0000000008005c62                USBD_CtlPrepareRx
 .text.USBD_CtlContinueRx
                0x0000000008005c82       0x10 Middlewares/ST/STM32_USB_Device_Library/Core/Src/usbd_ioreq.o
                0x0000000008005c82                USBD_CtlContinueRx
 .text.USBD_CtlSendStatus
                0x0000000008005c92       0x18 Middlewares/ST/STM32_USB_Device_Library/Core/Src/usbd_ioreq.o
                0x0000000008005c92                USBD_CtlSendStatus
 .text.USBD_CtlReceiveStatus
                0x0000000008005caa       0x18 Middlewares/ST/STM32_USB_Device_Library/Core/Src/usbd_ioreq.o
                0x0000000008005caa                USBD_CtlReceiveStatus
 *fill*         0x0000000008005cc2        0x2 
 .text.EE_VerifyPageFullyErased
                0x0000000008005cc4       0x28 Src/eeprom.o
 .text.EE_FindValidPage
                0x0000000008005cec       0x5c Src/eeprom.o
 .text.EE_VerifyPageFullWriteVariable
                0x0000000008005d48       0x64 Src/eeprom.o
 .text.EE_Format
                0x0000000008005dac       0x5c Src/eeprom.o
 .text.EE_ReadVariable
                0x0000000008005e08       0x4c Src/eeprom.o
                0x0000000008005e08                EE_ReadVariable
 .text.EE_Init  0x0000000008005e54      0x270 Src/eeprom.o
                0x0000000008005e54                EE_Init
 .text.EE_PageTransfer
                0x00000000080060c4       0xd4 Src/eeprom.o
 .text.EE_WriteVariable
                0x0000000008006198       0x1a Src/eeprom.o
                0x0000000008006198                EE_WriteVariable
 *fill*         0x00000000080061b2        0x2 
 .text.MX_GPIO_Init
                0x00000000080061b4      0x118 Src/main.o
 .text.MX_DMA_Init
                0x00000000080062cc       0x40 Src/main.o
 .text.MX_ADC_Init
                0x000000000800630c       0xa4 Src/main.o
 .text.MX_SPI1_Init
                0x00000000080063b0       0x44 Src/main.o
 .text.MX_TIM1_Init
                0x00000000080063f4       0x6c Src/main.o
 .text.MX_TIM14_Init
                0x0000000008006460       0x28 Src/main.o
 .text.MX_TIM2_Init
                0x0000000008006488       0x98 Src/main.o
 .text.MX_TIM3_Init
                0x0000000008006520       0x64 Src/main.o
 .text.MX_TIM16_Init
                0x0000000008006584       0x84 Src/main.o
 .text.MX_TIM17_Init
                0x0000000008006608       0x88 Src/main.o
 .text.MX_TIM15_Init
                0x0000000008006690       0x94 Src/main.o
 .text.MX_USART2_UART_Init
                0x0000000008006724       0x30 Src/main.o
 .text.MX_DAC_Init
                0x0000000008006754       0x38 Src/main.o
 .text.Refresh_digits
                0x000000000800678c       0xa8 Src/main.o
                0x000000000800678c                Refresh_digits
 .text.Decode_7seg
                0x0000000008006834       0x3c Src/main.o
                0x0000000008006834                Decode_7seg
 .text.Process_number
                0x0000000008006870       0x78 Src/main.o
                0x0000000008006870                Process_number
 .text.SystemClock_Config
                0x00000000080068e8       0xa4 Src/main.o
                0x00000000080068e8                SystemClock_Config
 .text.HAL_GPIO_EXTI_Callback
                0x000000000800698c       0xbc Src/main.o
                0x000000000800698c                HAL_GPIO_EXTI_Callback
 .text.HAL_IncTick
                0x0000000008006a48      0x144 Src/main.o
                0x0000000008006a48                HAL_IncTick
 .text.HAL_ADC_ConvCpltCallback
                0x0000000008006b8c       0xb4 Src/main.o
                0x0000000008006b8c                HAL_ADC_ConvCpltCallback
 .text.CalV_MultiPoints
                0x0000000008006c40      0x590 Src/main.o
                0x0000000008006c40                CalV_MultiPoints
 .text.ProcessMsj
                0x00000000080071d0      0x1b4 Src/main.o
                0x00000000080071d0                ProcessMsj
 .text.CheckEEPROM
                0x0000000008007384      0x2d4 Src/main.o
                0x0000000008007384                CheckEEPROM
 .text.main     0x0000000008007658      0x5ac Src/main.o
                0x0000000008007658                main
 .text.HAL_UART_RxCpltCallback
                0x0000000008007c04       0x54 Src/main.o
                0x0000000008007c04                HAL_UART_RxCpltCallback
 .text.Error_Handler
                0x0000000008007c58        0x2 Src/main.o
                0x0000000008007c58                Error_Handler
 *fill*         0x0000000008007c5a        0x2 
 .text.HAL_MspInit
                0x0000000008007c5c       0x30 Src/stm32f0xx_hal_msp.o
                0x0000000008007c5c                HAL_MspInit
 .text.HAL_ADC_MspInit
                0x0000000008007c8c       0xd0 Src/stm32f0xx_hal_msp.o
                0x0000000008007c8c                HAL_ADC_MspInit
 .text.HAL_DAC_MspInit
                0x0000000008007d5c       0x60 Src/stm32f0xx_hal_msp.o
                0x0000000008007d5c                HAL_DAC_MspInit
 .text.HAL_SPI_MspInit
                0x0000000008007dbc       0x64 Src/stm32f0xx_hal_msp.o
                0x0000000008007dbc                HAL_SPI_MspInit
 .text.HAL_TIM_Encoder_MspInit
                0x0000000008007e20       0x68 Src/stm32f0xx_hal_msp.o
                0x0000000008007e20                HAL_TIM_Encoder_MspInit
 .text.HAL_TIM_Base_MspInit
                0x0000000008007e88       0x88 Src/stm32f0xx_hal_msp.o
                0x0000000008007e88                HAL_TIM_Base_MspInit
 .text.HAL_TIM_PWM_MspInit
                0x0000000008007f10       0x4c Src/stm32f0xx_hal_msp.o
                0x0000000008007f10                HAL_TIM_PWM_MspInit
 .text.HAL_TIM_MspPostInit
                0x0000000008007f5c      0x154 Src/stm32f0xx_hal_msp.o
                0x0000000008007f5c                HAL_TIM_MspPostInit
 .text.HAL_UART_MspInit
                0x00000000080080b0       0xa8 Src/stm32f0xx_hal_msp.o
                0x00000000080080b0                HAL_UART_MspInit
 .text.NMI_Handler
                0x0000000008008158        0x2 Src/stm32f0xx_it.o
                0x0000000008008158                NMI_Handler
 .text.HardFault_Handler
                0x000000000800815a        0x2 Src/stm32f0xx_it.o
                0x000000000800815a                HardFault_Handler
 .text.SVC_Handler
                0x000000000800815c        0x2 Src/stm32f0xx_it.o
                0x000000000800815c                SVC_Handler
 .text.PendSV_Handler
                0x000000000800815e        0x2 Src/stm32f0xx_it.o
                0x000000000800815e                PendSV_Handler
 .text.SysTick_Handler
                0x0000000008008160        0x8 Src/stm32f0xx_it.o
                0x0000000008008160                SysTick_Handler
 .text.EXTI4_15_IRQHandler
                0x0000000008008168       0x18 Src/stm32f0xx_it.o
                0x0000000008008168                EXTI4_15_IRQHandler
 .text.DMA1_Channel1_IRQHandler
                0x0000000008008180       0x10 Src/stm32f0xx_it.o
                0x0000000008008180                DMA1_Channel1_IRQHandler
 .text.DMA1_Channel4_5_6_7_IRQHandler
                0x0000000008008190       0x10 Src/stm32f0xx_it.o
                0x0000000008008190                DMA1_Channel4_5_6_7_IRQHandler
 .text.ADC1_COMP_IRQHandler
                0x00000000080081a0       0x10 Src/stm32f0xx_it.o
                0x00000000080081a0                ADC1_COMP_IRQHandler
 .text.USART2_IRQHandler
                0x00000000080081b0       0x10 Src/stm32f0xx_it.o
                0x00000000080081b0                USART2_IRQHandler
 .text.USB_IRQHandler
                0x00000000080081c0       0x10 Src/stm32f0xx_it.o
                0x00000000080081c0                USB_IRQHandler
 .text._sbrk    0x00000000080081d0       0x3c Src/syscalls.o
                0x00000000080081d0                _sbrk
 .text.SystemInit
                0x000000000800820c       0x60 Src/system_stm32f0xx.o
                0x000000000800820c                SystemInit
 .text.MX_USB_DEVICE_Init
                0x000000000800826c       0x5c Src/usb_device.o
                0x000000000800826c                MX_USB_DEVICE_Init
 .text.CDC_DeInit_FS
                0x00000000080082c8        0x4 Src/usbd_cdc_if.o
 .text.CDC_Control_FS
                0x00000000080082cc        0x4 Src/usbd_cdc_if.o
 .text.CDC_Receive_FS
                0x00000000080082d0       0x1c Src/usbd_cdc_if.o
 .text.CDC_Init_FS
                0x00000000080082ec       0x28 Src/usbd_cdc_if.o
 .text.USBD_Get_USB_Status
                0x0000000008008314       0x14 Src/usbd_conf.o
 .text.SystemClockConfig_Resume
                0x0000000008008328        0x8 Src/usbd_conf.o
 .text.HAL_PCD_MspInit
                0x0000000008008330       0x40 Src/usbd_conf.o
                0x0000000008008330                HAL_PCD_MspInit
 .text.HAL_PCD_SetupStageCallback
                0x0000000008008370       0x14 Src/usbd_conf.o
                0x0000000008008370                HAL_PCD_SetupStageCallback
 .text.HAL_PCD_DataOutStageCallback
                0x0000000008008384       0x1e Src/usbd_conf.o
                0x0000000008008384                HAL_PCD_DataOutStageCallback
 .text.HAL_PCD_DataInStageCallback
                0x00000000080083a2       0x1a Src/usbd_conf.o
                0x00000000080083a2                HAL_PCD_DataInStageCallback
 .text.HAL_PCD_SOFCallback
                0x00000000080083bc        0xe Src/usbd_conf.o
                0x00000000080083bc                HAL_PCD_SOFCallback
 .text.HAL_PCD_ResetCallback
                0x00000000080083ca       0x22 Src/usbd_conf.o
                0x00000000080083ca                HAL_PCD_ResetCallback
 .text.HAL_PCD_SuspendCallback
                0x00000000080083ec       0x24 Src/usbd_conf.o
                0x00000000080083ec                HAL_PCD_SuspendCallback
 .text.HAL_PCD_ResumeCallback
                0x0000000008008410       0x2c Src/usbd_conf.o
                0x0000000008008410                HAL_PCD_ResumeCallback
 .text.USBD_LL_Init
                0x000000000800843c       0x84 Src/usbd_conf.o
                0x000000000800843c                USBD_LL_Init
 .text.USBD_LL_Start
                0x00000000080084c0       0x12 Src/usbd_conf.o
                0x00000000080084c0                USBD_LL_Start
 .text.USBD_LL_OpenEP
                0x00000000080084d2       0x18 Src/usbd_conf.o
                0x00000000080084d2                USBD_LL_OpenEP
 .text.USBD_LL_CloseEP
                0x00000000080084ea       0x12 Src/usbd_conf.o
                0x00000000080084ea                USBD_LL_CloseEP
 .text.USBD_LL_StallEP
                0x00000000080084fc       0x12 Src/usbd_conf.o
                0x00000000080084fc                USBD_LL_StallEP
 .text.USBD_LL_ClearStallEP
                0x000000000800850e       0x12 Src/usbd_conf.o
                0x000000000800850e                USBD_LL_ClearStallEP
 .text.USBD_LL_IsStallEP
                0x0000000008008520       0x34 Src/usbd_conf.o
                0x0000000008008520                USBD_LL_IsStallEP
 .text.USBD_LL_SetUSBAddress
                0x0000000008008554       0x12 Src/usbd_conf.o
                0x0000000008008554                USBD_LL_SetUSBAddress
 .text.USBD_LL_Transmit
                0x0000000008008566       0x12 Src/usbd_conf.o
                0x0000000008008566                USBD_LL_Transmit
 .text.USBD_LL_PrepareReceive
                0x0000000008008578       0x12 Src/usbd_conf.o
                0x0000000008008578                USBD_LL_PrepareReceive
 .text.USBD_LL_GetRxDataSize
                0x000000000800858a        0xe Src/usbd_conf.o
                0x000000000800858a                USBD_LL_GetRxDataSize
 .text.USBD_static_malloc
                0x0000000008008598        0x8 Src/usbd_conf.o
                0x0000000008008598                USBD_static_malloc
 .text.USBD_static_free
                0x00000000080085a0        0x2 Src/usbd_conf.o
                0x00000000080085a0                USBD_static_free
 *fill*         0x00000000080085a2        0x2 
 .text.USBD_FS_DeviceDescriptor
                0x00000000080085a4        0xc Src/usbd_desc.o
                0x00000000080085a4                USBD_FS_DeviceDescriptor
 .text.USBD_FS_LangIDStrDescriptor
                0x00000000080085b0       0x10 Src/usbd_desc.o
                0x00000000080085b0                USBD_FS_LangIDStrDescriptor
 .text.IntToUnicode
                0x00000000080085c0       0x30 Src/usbd_desc.o
 .text.Get_SerialNum
                0x00000000080085f0       0x40 Src/usbd_desc.o
 .text.USBD_FS_SerialStrDescriptor
                0x0000000008008630       0x14 Src/usbd_desc.o
                0x0000000008008630                USBD_FS_SerialStrDescriptor
 .text.USBD_FS_ProductStrDescriptor
                0x0000000008008644       0x28 Src/usbd_desc.o
                0x0000000008008644                USBD_FS_ProductStrDescriptor
 .text.USBD_FS_ManufacturerStrDescriptor
                0x000000000800866c       0x1c Src/usbd_desc.o
                0x000000000800866c                USBD_FS_ManufacturerStrDescriptor
 .text.USBD_FS_ConfigStrDescriptor
                0x0000000008008688       0x28 Src/usbd_desc.o
                0x0000000008008688                USBD_FS_ConfigStrDescriptor
 .text.USBD_FS_InterfaceStrDescriptor
                0x00000000080086b0       0x28 Src/usbd_desc.o
                0x00000000080086b0                USBD_FS_InterfaceStrDescriptor
 .text.Reset_Handler
                0x00000000080086d8       0x50 startup/startup_stm32f072xb.o
                0x00000000080086d8                Reset_Handler
 .text.Default_Handler
                0x0000000008008728        0x2 startup/startup_stm32f072xb.o
                0x0000000008008728                TIM1_CC_IRQHandler
                0x0000000008008728                TSC_IRQHandler
                0x0000000008008728                I2C1_IRQHandler
                0x0000000008008728                RCC_CRS_IRQHandler
                0x0000000008008728                SPI1_IRQHandler
                0x0000000008008728                TIM6_DAC_IRQHandler
                0x0000000008008728                USART3_4_IRQHandler
                0x0000000008008728                EXTI2_3_IRQHandler
                0x0000000008008728                I2C2_IRQHandler
                0x0000000008008728                TIM17_IRQHandler
                0x0000000008008728                CEC_CAN_IRQHandler
                0x0000000008008728                RTC_IRQHandler
                0x0000000008008728                PVD_VDDIO2_IRQHandler
                0x0000000008008728                TIM16_IRQHandler
                0x0000000008008728                TIM3_IRQHandler
                0x0000000008008728                Default_Handler
                0x0000000008008728                TIM14_IRQHandler
                0x0000000008008728                TIM7_IRQHandler
                0x0000000008008728                TIM15_IRQHandler
                0x0000000008008728                EXTI0_1_IRQHandler
                0x0000000008008728                SPI2_IRQHandler
                0x0000000008008728                WWDG_IRQHandler
                0x0000000008008728                TIM2_IRQHandler
                0x0000000008008728                DMA1_Channel2_3_IRQHandler
                0x0000000008008728                FLASH_IRQHandler
                0x0000000008008728                USART1_IRQHandler
                0x0000000008008728                TIM1_BRK_UP_TRG_COM_IRQHandler
 .text.atol     0x000000000800872a        0xc /home/arielo/Ac6/SystemWorkbench/plugins/fr.ac6.mcu.externaltools.arm-none.linux64_1.17.0.201812190825/tools/compiler/bin/../lib/gcc/arm-none-eabi/7.3.1/../../../../arm-none-eabi/lib/thumb/v6-m/libc_nano.a(lib_a-atol.o)
                0x000000000800872a                atol
 *fill*         0x0000000008008736        0x2 
 .text.__errno  0x0000000008008738        0xc /home/arielo/Ac6/SystemWorkbench/plugins/fr.ac6.mcu.externaltools.arm-none.linux64_1.17.0.201812190825/tools/compiler/bin/../lib/gcc/arm-none-eabi/7.3.1/../../../../arm-none-eabi/lib/thumb/v6-m/libc_nano.a(lib_a-errno.o)
                0x0000000008008738                __errno
 .text.__libc_init_array
                0x0000000008008744       0x48 /home/arielo/Ac6/SystemWorkbench/plugins/fr.ac6.mcu.externaltools.arm-none.linux64_1.17.0.201812190825/tools/compiler/bin/../lib/gcc/arm-none-eabi/7.3.1/../../../../arm-none-eabi/lib/thumb/v6-m/libc_nano.a(lib_a-init.o)
                0x0000000008008744                __libc_init_array
 .text.memset   0x000000000800878c       0x10 /home/arielo/Ac6/SystemWorkbench/plugins/fr.ac6.mcu.externaltools.arm-none.linux64_1.17.0.201812190825/tools/compiler/bin/../lib/gcc/arm-none-eabi/7.3.1/../../../../arm-none-eabi/lib/thumb/v6-m/libc_nano.a(lib_a-memset.o)
                0x000000000800878c                memset
 .text.sprintf  0x000000000800879c       0x40 /home/arielo/Ac6/SystemWorkbench/plugins/fr.ac6.mcu.externaltools.arm-none.linux64_1.17.0.201812190825/tools/compiler/bin/../lib/gcc/arm-none-eabi/7.3.1/../../../../arm-none-eabi/lib/thumb/v6-m/libc_nano.a(lib_a-sprintf.o)
                0x000000000800879c                sprintf
                0x000000000800879c                siprintf
 .text.strcat   0x00000000080087dc       0x1c /home/arielo/Ac6/SystemWorkbench/plugins/fr.ac6.mcu.externaltools.arm-none.linux64_1.17.0.201812190825/tools/compiler/bin/../lib/gcc/arm-none-eabi/7.3.1/../../../../arm-none-eabi/lib/thumb/v6-m/libc_nano.a(lib_a-strcat.o)
                0x00000000080087dc                strcat
 .text.strchr   0x00000000080087f8       0x1c /home/arielo/Ac6/SystemWorkbench/plugins/fr.ac6.mcu.externaltools.arm-none.linux64_1.17.0.201812190825/tools/compiler/bin/../lib/gcc/arm-none-eabi/7.3.1/../../../../arm-none-eabi/lib/thumb/v6-m/libc_nano.a(lib_a-strchr.o)
                0x00000000080087f8                strchr
 .text.strcpy   0x0000000008008814       0x10 /home/arielo/Ac6/SystemWorkbench/plugins/fr.ac6.mcu.externaltools.arm-none.linux64_1.17.0.201812190825/tools/compiler/bin/../lib/gcc/arm-none-eabi/7.3.1/../../../../arm-none-eabi/lib/thumb/v6-m/libc_nano.a(lib_a-strcpy.o)
                0x0000000008008814                strcpy
 .text.strncpy  0x0000000008008824       0x28 /home/arielo/Ac6/SystemWorkbench/plugins/fr.ac6.mcu.externaltools.arm-none.linux64_1.17.0.201812190825/tools/compiler/bin/../lib/gcc/arm-none-eabi/7.3.1/../../../../arm-none-eabi/lib/thumb/v6-m/libc_nano.a(lib_a-strncpy.o)
                0x0000000008008824                strncpy
 .text.strstr   0x000000000800884c       0x32 /home/arielo/Ac6/SystemWorkbench/plugins/fr.ac6.mcu.externaltools.arm-none.linux64_1.17.0.201812190825/tools/compiler/bin/../lib/gcc/arm-none-eabi/7.3.1/../../../../arm-none-eabi/lib/thumb/v6-m/libc_nano.a(lib_a-strstr.o)
                0x000000000800884c                strstr
 *fill*         0x000000000800887e        0x2 
 .text._strtol_l.isra.0
                0x0000000008008880      0x104 /home/arielo/Ac6/SystemWorkbench/plugins/fr.ac6.mcu.externaltools.arm-none.linux64_1.17.0.201812190825/tools/compiler/bin/../lib/gcc/arm-none-eabi/7.3.1/../../../../arm-none-eabi/lib/thumb/v6-m/libc_nano.a(lib_a-strtol.o)
 .text.strtol   0x0000000008008984       0x28 /home/arielo/Ac6/SystemWorkbench/plugins/fr.ac6.mcu.externaltools.arm-none.linux64_1.17.0.201812190825/tools/compiler/bin/../lib/gcc/arm-none-eabi/7.3.1/../../../../arm-none-eabi/lib/thumb/v6-m/libc_nano.a(lib_a-strtol.o)
                0x0000000008008984                strtol
 .text.__locale_ctype_ptr_l
                0x00000000080089ac        0x6 /home/arielo/Ac6/SystemWorkbench/plugins/fr.ac6.mcu.externaltools.arm-none.linux64_1.17.0.201812190825/tools/compiler/bin/../lib/gcc/arm-none-eabi/7.3.1/../../../../arm-none-eabi/lib/thumb/v6-m/libc_nano.a(lib_a-locale.o)
                0x00000000080089ac                __locale_ctype_ptr_l
 .text.__ascii_mbtowc
                0x00000000080089b2       0x24 /home/arielo/Ac6/SystemWorkbench/plugins/fr.ac6.mcu.externaltools.arm-none.linux64_1.17.0.201812190825/tools/compiler/bin/../lib/gcc/arm-none-eabi/7.3.1/../../../../arm-none-eabi/lib/thumb/v6-m/libc_nano.a(lib_a-mbtowc_r.o)
                0x00000000080089b2                __ascii_mbtowc
 *fill*         0x00000000080089d6        0x2 
 .text.__ssputs_r
                0x00000000080089d8       0xc4 /home/arielo/Ac6/SystemWorkbench/plugins/fr.ac6.mcu.externaltools.arm-none.linux64_1.17.0.201812190825/tools/compiler/bin/../lib/gcc/arm-none-eabi/7.3.1/../../../../arm-none-eabi/lib/thumb/v6-m/libc_nano.a(lib_a-nano-svfprintf.o)
                0x00000000080089d8                __ssputs_r
 .text._svfprintf_r
                0x0000000008008a9c      0x1fc /home/arielo/Ac6/SystemWorkbench/plugins/fr.ac6.mcu.externaltools.arm-none.linux64_1.17.0.201812190825/tools/compiler/bin/../lib/gcc/arm-none-eabi/7.3.1/../../../../arm-none-eabi/lib/thumb/v6-m/libc_nano.a(lib_a-nano-svfprintf.o)
                0x0000000008008a9c                _svfprintf_r
                0x0000000008008a9c                _svfiprintf_r
 .text._printf_common
                0x0000000008008c98       0xda /home/arielo/Ac6/SystemWorkbench/plugins/fr.ac6.mcu.externaltools.arm-none.linux64_1.17.0.201812190825/tools/compiler/bin/../lib/gcc/arm-none-eabi/7.3.1/../../../../arm-none-eabi/lib/thumb/v6-m/libc_nano.a(lib_a-nano-vfprintf_i.o)
                0x0000000008008c98                _printf_common
 *fill*         0x0000000008008d72        0x2 
 .text._printf_i
                0x0000000008008d74      0x210 /home/arielo/Ac6/SystemWorkbench/plugins/fr.ac6.mcu.externaltools.arm-none.linux64_1.17.0.201812190825/tools/compiler/bin/../lib/gcc/arm-none-eabi/7.3.1/../../../../arm-none-eabi/lib/thumb/v6-m/libc_nano.a(lib_a-nano-vfprintf_i.o)
                0x0000000008008d74                _printf_i
 .text.__ascii_wctomb
                0x0000000008008f84       0x18 /home/arielo/Ac6/SystemWorkbench/plugins/fr.ac6.mcu.externaltools.arm-none.linux64_1.17.0.201812190825/tools/compiler/bin/../lib/gcc/arm-none-eabi/7.3.1/../../../../arm-none-eabi/lib/thumb/v6-m/libc_nano.a(lib_a-wctomb_r.o)
                0x0000000008008f84                __ascii_wctomb
 .text.memchr   0x0000000008008f9c       0x16 /home/arielo/Ac6/SystemWorkbench/plugins/fr.ac6.mcu.externaltools.arm-none.linux64_1.17.0.201812190825/tools/compiler/bin/../lib/gcc/arm-none-eabi/7.3.1/../../../../arm-none-eabi/lib/thumb/v6-m/libc_nano.a(lib_a-memchr-stub.o)
                0x0000000008008f9c                memchr
 .text.memcpy   0x0000000008008fb2       0x12 /home/arielo/Ac6/SystemWorkbench/plugins/fr.ac6.mcu.externaltools.arm-none.linux64_1.17.0.201812190825/tools/compiler/bin/../lib/gcc/arm-none-eabi/7.3.1/../../../../arm-none-eabi/lib/thumb/v6-m/libc_nano.a(lib_a-memcpy-stub.o)
                0x0000000008008fb2                memcpy
 .text.memmove  0x0000000008008fc4       0x26 /home/arielo/Ac6/SystemWorkbench/plugins/fr.ac6.mcu.externaltools.arm-none.linux64_1.17.0.201812190825/tools/compiler/bin/../lib/gcc/arm-none-eabi/7.3.1/../../../../arm-none-eabi/lib/thumb/v6-m/libc_nano.a(lib_a-memmove.o)
                0x0000000008008fc4                memmove
 *fill*         0x0000000008008fea        0x2 
 .text._free_r  0x0000000008008fec       0x94 /home/arielo/Ac6/SystemWorkbench/plugins/fr.ac6.mcu.externaltools.arm-none.linux64_1.17.0.201812190825/tools/compiler/bin/../lib/gcc/arm-none-eabi/7.3.1/../../../../arm-none-eabi/lib/thumb/v6-m/libc_nano.a(lib_a-nano-freer.o)
                0x0000000008008fec                _free_r
 .text._malloc_r
                0x0000000008009080       0xbc /home/arielo/Ac6/SystemWorkbench/plugins/fr.ac6.mcu.externaltools.arm-none.linux64_1.17.0.201812190825/tools/compiler/bin/../lib/gcc/arm-none-eabi/7.3.1/../../../../arm-none-eabi/lib/thumb/v6-m/libc_nano.a(lib_a-nano-mallocr.o)
                0x0000000008009080                _malloc_r
 .text._realloc_r
                0x000000000800913c       0x4c /home/arielo/Ac6/SystemWorkbench/plugins/fr.ac6.mcu.externaltools.arm-none.linux64_1.17.0.201812190825/tools/compiler/bin/../lib/gcc/arm-none-eabi/7.3.1/../../../../arm-none-eabi/lib/thumb/v6-m/libc_nano.a(lib_a-nano-reallocr.o)
                0x000000000800913c                _realloc_r
 .text._sbrk_r  0x0000000008009188       0x24 /home/arielo/Ac6/SystemWorkbench/plugins/fr.ac6.mcu.externaltools.arm-none.linux64_1.17.0.201812190825/tools/compiler/bin/../lib/gcc/arm-none-eabi/7.3.1/../../../../arm-none-eabi/lib/thumb/v6-m/libc_nano.a(lib_a-sbrkr.o)
                0x0000000008009188                _sbrk_r
 .text.__malloc_lock
                0x00000000080091ac        0x2 /home/arielo/Ac6/SystemWorkbench/plugins/fr.ac6.mcu.externaltools.arm-none.linux64_1.17.0.201812190825/tools/compiler/bin/../lib/gcc/arm-none-eabi/7.3.1/../../../../arm-none-eabi/lib/thumb/v6-m/libc_nano.a(lib_a-mlock.o)
                0x00000000080091ac                __malloc_lock
 .text.__malloc_unlock
                0x00000000080091ae        0x2 /home/arielo/Ac6/SystemWorkbench/plugins/fr.ac6.mcu.externaltools.arm-none.linux64_1.17.0.201812190825/tools/compiler/bin/../lib/gcc/arm-none-eabi/7.3.1/../../../../arm-none-eabi/lib/thumb/v6-m/libc_nano.a(lib_a-mlock.o)
                0x00000000080091ae                __malloc_unlock
 .text._malloc_usable_size_r
                0x00000000080091b0       0x10 /home/arielo/Ac6/SystemWorkbench/plugins/fr.ac6.mcu.externaltools.arm-none.linux64_1.17.0.201812190825/tools/compiler/bin/../lib/gcc/arm-none-eabi/7.3.1/../../../../arm-none-eabi/lib/thumb/v6-m/libc_nano.a(lib_a-nano-msizer.o)
                0x00000000080091b0                _malloc_usable_size_r
 *(.glue_7)
 .glue_7        0x00000000080091c0        0x0 linker stubs
 *(.glue_7t)
 .glue_7t       0x00000000080091c0        0x0 linker stubs
 *(.eh_frame)
 .eh_frame      0x00000000080091c0        0x0 /home/arielo/Ac6/SystemWorkbench/plugins/fr.ac6.mcu.externaltools.arm-none.linux64_1.17.0.201812190825/tools/compiler/bin/../lib/gcc/arm-none-eabi/7.3.1/thumb/v6-m/crtbegin.o
 *(.init)
 .init          0x00000000080091c0        0x4 /home/arielo/Ac6/SystemWorkbench/plugins/fr.ac6.mcu.externaltools.arm-none.linux64_1.17.0.201812190825/tools/compiler/bin/../lib/gcc/arm-none-eabi/7.3.1/thumb/v6-m/crti.o
                0x00000000080091c0                _init
 .init          0x00000000080091c4        0x8 /home/arielo/Ac6/SystemWorkbench/plugins/fr.ac6.mcu.externaltools.arm-none.linux64_1.17.0.201812190825/tools/compiler/bin/../lib/gcc/arm-none-eabi/7.3.1/thumb/v6-m/crtn.o
 *(.fini)
 .fini          0x00000000080091cc        0x4 /home/arielo/Ac6/SystemWorkbench/plugins/fr.ac6.mcu.externaltools.arm-none.linux64_1.17.0.201812190825/tools/compiler/bin/../lib/gcc/arm-none-eabi/7.3.1/thumb/v6-m/crti.o
                0x00000000080091cc                _fini
 .fini          0x00000000080091d0        0x8 /home/arielo/Ac6/SystemWorkbench/plugins/fr.ac6.mcu.externaltools.arm-none.linux64_1.17.0.201812190825/tools/compiler/bin/../lib/gcc/arm-none-eabi/7.3.1/thumb/v6-m/crtn.o
                0x00000000080091d8                . = ALIGN (0x4)
                0x00000000080091d8                _etext = .

.vfp11_veneer   0x00000000080091d8        0x0
 .vfp11_veneer  0x00000000080091d8        0x0 linker stubs

.v4_bx          0x00000000080091d8        0x0
 .v4_bx         0x00000000080091d8        0x0 linker stubs

.iplt           0x00000000080091d8        0x0
 .iplt          0x00000000080091d8        0x0 /home/arielo/Ac6/SystemWorkbench/plugins/fr.ac6.mcu.externaltools.arm-none.linux64_1.17.0.201812190825/tools/compiler/bin/../lib/gcc/arm-none-eabi/7.3.1/thumb/v6-m/crtbegin.o

.rodata         0x00000000080091d8      0x468
                0x00000000080091d8                . = ALIGN (0x4)
 *(.rodata)
 .rodata        0x00000000080091d8       0x20 Drivers/STM32F0xx_HAL_Driver/Src/stm32f0xx_hal_rcc.o
 .rodata        0x00000000080091f8       0x60 Middlewares/ST/STM32_USB_Device_Library/Core/Src/usbd_ctlreq.o
 .rodata        0x0000000008009258       0x28 Src/main.o
 .rodata        0x0000000008009280       0x18 Src/system_stm32f0xx.o
                0x0000000008009280                AHBPrescTable
                0x0000000008009290                APBPrescTable
 .rodata        0x0000000008009298       0x80 /home/arielo/Ac6/SystemWorkbench/plugins/fr.ac6.mcu.externaltools.arm-none.linux64_1.17.0.201812190825/tools/compiler/bin/../lib/gcc/arm-none-eabi/7.3.1/thumb/v6-m/libgcc.a(divsf3.o)
 .rodata        0x0000000008009318       0x40 /home/arielo/Ac6/SystemWorkbench/plugins/fr.ac6.mcu.externaltools.arm-none.linux64_1.17.0.201812190825/tools/compiler/bin/../lib/gcc/arm-none-eabi/7.3.1/thumb/v6-m/libgcc.a(mulsf3.o)
 *(.rodata*)
 .rodata.str1.4
                0x0000000008009358      0x160 Src/main.o
 .rodata.str1.4
                0x00000000080094b8       0x48 Src/usbd_desc.o
                                         0x46 (size before relaxing)
 .rodata._setlocale_r.str1.1
                0x0000000008009500        0x8 /home/arielo/Ac6/SystemWorkbench/plugins/fr.ac6.mcu.externaltools.arm-none.linux64_1.17.0.201812190825/tools/compiler/bin/../lib/gcc/arm-none-eabi/7.3.1/../../../../arm-none-eabi/lib/thumb/v6-m/libc_nano.a(lib_a-locale.o)
                                          0x9 (size before relaxing)
 .rodata.str1.1
                0x0000000008009508        0x2 /home/arielo/Ac6/SystemWorkbench/plugins/fr.ac6.mcu.externaltools.arm-none.linux64_1.17.0.201812190825/tools/compiler/bin/../lib/gcc/arm-none-eabi/7.3.1/../../../../arm-none-eabi/lib/thumb/v6-m/libc_nano.a(lib_a-locale.o)
 .rodata._svfprintf_r.str1.1
                0x000000000800950a       0x11 /home/arielo/Ac6/SystemWorkbench/plugins/fr.ac6.mcu.externaltools.arm-none.linux64_1.17.0.201812190825/tools/compiler/bin/../lib/gcc/arm-none-eabi/7.3.1/../../../../arm-none-eabi/lib/thumb/v6-m/libc_nano.a(lib_a-nano-svfprintf.o)
 .rodata._printf_i.str1.1
                0x000000000800951b       0x22 /home/arielo/Ac6/SystemWorkbench/plugins/fr.ac6.mcu.externaltools.arm-none.linux64_1.17.0.201812190825/tools/compiler/bin/../lib/gcc/arm-none-eabi/7.3.1/../../../../arm-none-eabi/lib/thumb/v6-m/libc_nano.a(lib_a-nano-vfprintf_i.o)
 .rodata._ctype_
                0x000000000800953d      0x101 /home/arielo/Ac6/SystemWorkbench/plugins/fr.ac6.mcu.externaltools.arm-none.linux64_1.17.0.201812190825/tools/compiler/bin/../lib/gcc/arm-none-eabi/7.3.1/../../../../arm-none-eabi/lib/thumb/v6-m/libc_nano.a(lib_a-ctype_.o)
                0x000000000800953d                _ctype_
                0x0000000008009640                . = ALIGN (0x4)
 *fill*         0x000000000800963e        0x2 

.rel.dyn        0x0000000008009640        0x0
 .rel.iplt      0x0000000008009640        0x0 /home/arielo/Ac6/SystemWorkbench/plugins/fr.ac6.mcu.externaltools.arm-none.linux64_1.17.0.201812190825/tools/compiler/bin/../lib/gcc/arm-none-eabi/7.3.1/thumb/v6-m/crtbegin.o

.ARM.extab
 *(.ARM.extab* .gnu.linkonce.armextab.*)

.ARM            0x0000000008009640        0x0
                0x0000000008009640                __exidx_start = .
 *(.ARM.exidx*)
                0x0000000008009640                __exidx_end = .

.preinit_array  0x0000000008009640        0x0
                0x0000000008009640                PROVIDE (__preinit_array_start = .)
 *(.preinit_array*)
                0x0000000008009640                PROVIDE (__preinit_array_end = .)

.init_array     0x0000000008009640        0x4
                0x0000000008009640                PROVIDE (__init_array_start = .)
 *(SORT_BY_NAME(.init_array.*))
 *(.init_array*)
 .init_array    0x0000000008009640        0x4 /home/arielo/Ac6/SystemWorkbench/plugins/fr.ac6.mcu.externaltools.arm-none.linux64_1.17.0.201812190825/tools/compiler/bin/../lib/gcc/arm-none-eabi/7.3.1/thumb/v6-m/crtbegin.o
                0x0000000008009644                PROVIDE (__init_array_end = .)

.fini_array     0x0000000008009644        0x4
                [!provide]                        PROVIDE (__fini_array_start = .)
 *(SORT_BY_NAME(.fini_array.*))
 *(.fini_array*)
 .fini_array    0x0000000008009644        0x4 /home/arielo/Ac6/SystemWorkbench/plugins/fr.ac6.mcu.externaltools.arm-none.linux64_1.17.0.201812190825/tools/compiler/bin/../lib/gcc/arm-none-eabi/7.3.1/thumb/v6-m/crtbegin.o
                [!provide]                        PROVIDE (__fini_array_end = .)
                0x0000000008009648                _sidata = LOADADDR (.data)

.data           0x0000000020000000      0x36c load address 0x0000000008009648
                0x0000000020000000                . = ALIGN (0x4)
                0x0000000020000000                _sdata = .
 *(.data)
 .data          0x0000000020000000      0x110 Middlewares/ST/STM32_USB_Device_Library/Class/CDC/Src/usbd_cdc.o
                0x0000000020000000                USBD_CDC_CfgFSDesc
                0x0000000020000044                USBD_CDC_CfgHSDesc
                0x0000000020000088                USBD_CDC_OtherSpeedCfgDesc
                0x00000000200000d8                USBD_CDC
 .data          0x0000000020000110       0x28 Src/main.o
                0x0000000020000110                VirtAddVarTab
 .data          0x0000000020000138        0x4 Src/system_stm32f0xx.o
                0x0000000020000138                SystemCoreClock
 .data          0x000000002000013c       0x10 Src/usbd_cdc_if.o
                0x000000002000013c                USBD_Interface_fops_FS
 .data          0x000000002000014c       0x50 Src/usbd_desc.o
                0x000000002000014c                USBD_FS_DeviceDesc
                0x0000000020000160                USBD_LangIDDesc
                0x0000000020000164                USBD_StringSerial
                0x0000000020000180                FS_Desc
 *(.data*)
 .data._impure_ptr
                0x000000002000019c        0x4 /home/arielo/Ac6/SystemWorkbench/plugins/fr.ac6.mcu.externaltools.arm-none.linux64_1.17.0.201812190825/tools/compiler/bin/../lib/gcc/arm-none-eabi/7.3.1/../../../../arm-none-eabi/lib/thumb/v6-m/libc_nano.a(lib_a-impure.o)
                0x000000002000019c                _impure_ptr
 .data.impure_data
                0x00000000200001a0       0x60 /home/arielo/Ac6/SystemWorkbench/plugins/fr.ac6.mcu.externaltools.arm-none.linux64_1.17.0.201812190825/tools/compiler/bin/../lib/gcc/arm-none-eabi/7.3.1/../../../../arm-none-eabi/lib/thumb/v6-m/libc_nano.a(lib_a-impure.o)
 .data.__global_locale
                0x0000000020000200      0x16c /home/arielo/Ac6/SystemWorkbench/plugins/fr.ac6.mcu.externaltools.arm-none.linux64_1.17.0.201812190825/tools/compiler/bin/../lib/gcc/arm-none-eabi/7.3.1/../../../../arm-none-eabi/lib/thumb/v6-m/libc_nano.a(lib_a-locale.o)
                0x0000000020000200                __global_locale
                0x000000002000036c                . = ALIGN (0x4)
                0x000000002000036c                _edata = .

.igot.plt       0x000000002000036c        0x0 load address 0x00000000080099b4
 .igot.plt      0x000000002000036c        0x0 /home/arielo/Ac6/SystemWorkbench/plugins/fr.ac6.mcu.externaltools.arm-none.linux64_1.17.0.201812190825/tools/compiler/bin/../lib/gcc/arm-none-eabi/7.3.1/thumb/v6-m/crtbegin.o
                0x000000002000036c                . = ALIGN (0x4)

.bss            0x0000000020000370     0x16f4 load address 0x00000000080099b4
                0x0000000020000370                _sbss = .
                0x0000000020000370                __bss_start__ = _sbss
 *(.bss)
 .bss           0x0000000020000370       0x1c /home/arielo/Ac6/SystemWorkbench/plugins/fr.ac6.mcu.externaltools.arm-none.linux64_1.17.0.201812190825/tools/compiler/bin/../lib/gcc/arm-none-eabi/7.3.1/thumb/v6-m/crtbegin.o
 .bss           0x000000002000038c        0x1 Middlewares/ST/STM32_USB_Device_Library/Class/CDC/Src/usbd_cdc.o
 .bss           0x000000002000038d        0x1 Middlewares/ST/STM32_USB_Device_Library/Core/Src/usbd_ctlreq.o
 .bss           0x000000002000038e        0x2 Src/eeprom.o
                0x000000002000038e                DataVar
 .bss           0x0000000020000390        0x8 Src/syscalls.o
                0x0000000020000394                __env
 .bss           0x0000000020000398      0x220 Src/usbd_conf.o
 *(.bss*)
 .bss.__malloc_free_list
                0x00000000200005b8        0x4 /home/arielo/Ac6/SystemWorkbench/plugins/fr.ac6.mcu.externaltools.arm-none.linux64_1.17.0.201812190825/tools/compiler/bin/../lib/gcc/arm-none-eabi/7.3.1/../../../../arm-none-eabi/lib/thumb/v6-m/libc_nano.a(lib_a-nano-mallocr.o)
                0x00000000200005b8                __malloc_free_list
 .bss.__malloc_sbrk_start
                0x00000000200005bc        0x4 /home/arielo/Ac6/SystemWorkbench/plugins/fr.ac6.mcu.externaltools.arm-none.linux64_1.17.0.201812190825/tools/compiler/bin/../lib/gcc/arm-none-eabi/7.3.1/../../../../arm-none-eabi/lib/thumb/v6-m/libc_nano.a(lib_a-nano-mallocr.o)
                0x00000000200005bc                __malloc_sbrk_start
 *(COMMON)
 COMMON         0x00000000200005c0        0x4 Drivers/STM32F0xx_HAL_Driver/Src/stm32f0xx_hal.o
                0x00000000200005c0                uwTick
 *fill*         0x00000000200005c4        0x4 
 COMMON         0x00000000200005c8       0x20 Drivers/STM32F0xx_HAL_Driver/Src/stm32f0xx_hal_flash.o
                0x00000000200005c8                pFlash
 COMMON         0x00000000200005e8      0x664 Src/main.o
                0x00000000200005e8                DispV
                0x00000000200005ec                f_sumX_DAC
                0x00000000200005f0                uc_RD
                0x00000000200005f4                EEPROM_Check
                0x00000000200005fc                i_VDAC
                0x0000000020000600                f_sumX2_fb2
                0x0000000020000604                f_sumXY_fb
                0x0000000020000608                f_sumX_fb2
                0x000000002000060c                flg_newData
                0x0000000020000610                f_Vfb
                0x0000000020000614                uc_Digit
                0x0000000020000618                f_sumXY_fb2
                0x000000002000061c                e_timeout
                0x0000000020000620                htim15
                0x0000000020000660                flg_received
                0x0000000020000661                flg_tick
                0x0000000020000662                flg_IlessThan10
                0x0000000020000664                f_DataX_Set
                0x0000000020000668                f_sumY_DAC
                0x000000002000066c                htim17
                0x00000000200006ac                length
                0x00000000200006b0                f_CalAux2
                0x00000000200006b4                msjlength
                0x00000000200006b8                f_VDAC
                0x00000000200006bc                flg_lessThan10
                0x00000000200006c0                f_DataX_DAC
                0x00000000200006c4                htim3
                0x0000000020000704                f_Vfb2
                0x0000000020000708                flg_debug
                0x0000000020000709                tx_counter
                0x000000002000070a                flg_TS
                0x000000002000070b                flg_calibrate
                0x000000002000070c                flg_RD
                0x0000000020000710                f_newData
                0x0000000020000714                hdma_usart2_tx
                0x0000000020000758                DispC
                0x000000002000075c                ADCBuffer
                0x000000002000076c                hdac
                0x0000000020000780                Process
                0x0000000020000784                f_sumY
                0x0000000020000788                QuadEnc
                0x00000000200007a8                uc_NPoints
                0x00000000200007a9                data
                0x00000000200007ac                htim1
                0x00000000200007ec                flg_CalEnd
                0x00000000200007f0                f_sumX2_fb
                0x00000000200007f4                f_VSet
                0x00000000200007f8                f_sumX2_Set
                0x00000000200007fc                RxBuf
                0x0000000020000830                Buffer
                0x00000000200008f8                uc_timer
                0x00000000200008fc                f_sumXY_DAC
                0x0000000020000900                hspi1
                0x0000000020000964                f_sumX_Set
                0x0000000020000968                Convert
                0x0000000020000998                RxMsj
                0x00000000200009ca                show
                0x00000000200009cc                htim2
                0x0000000020000a0c                huart2
                0x0000000020000a7c                f_DataX_fb
                0x0000000020000a80                htim14
                0x0000000020000ac0                UART_RX
                0x0000000020000af4                f_DataX_fb2
                0x0000000020000af8                f_sumX_fb
                0x0000000020000afc                MultiPointCal
                0x0000000020000b04                ui_contadorDisplay
                0x0000000020000b08                hdma_adc
                0x0000000020000b4c                intShow
                0x0000000020000b50                uc_NOP
                0x0000000020000b54                hadc
                0x0000000020000ba0                FrontPanel
                0x0000000020000ba4                htim16
                0x0000000020000be4                f_sumX2_DAC
                0x0000000020000be8                ADCReadout
                0x0000000020000c44                f_sumXY_Set
                0x0000000020000c48                f_CalAux
 COMMON         0x0000000020000c4c      0x224 Src/usb_device.o
                0x0000000020000c4c                hUsbDeviceFS
 COMMON         0x0000000020000e70      0x7d0 Src/usbd_cdc_if.o
                0x0000000020000e70                UserRxBufferFS
                0x0000000020001258                UserTxBufferFS
 COMMON         0x0000000020001640      0x220 Src/usbd_conf.o
                0x0000000020001640                hpcd_USB_FS
 COMMON         0x0000000020001860      0x200 Src/usbd_desc.o
                0x0000000020001860                USBD_StrDesc
 COMMON         0x0000000020001a60        0x4 /home/arielo/Ac6/SystemWorkbench/plugins/fr.ac6.mcu.externaltools.arm-none.linux64_1.17.0.201812190825/tools/compiler/bin/../lib/gcc/arm-none-eabi/7.3.1/../../../../arm-none-eabi/lib/thumb/v6-m/libc_nano.a(lib_a-reent.o)
                0x0000000020001a60                errno
                0x0000000020001a64                . = ALIGN (0x4)
                0x0000000020001a64                _ebss = .
                0x0000000020001a64                __bss_end__ = _ebss

._user_heap_stack
                0x0000000020001a64      0x604 load address 0x00000000080099b4
                0x0000000020001a68                . = ALIGN (0x8)
 *fill*         0x0000000020001a64        0x4 
                0x0000000020001a68                PROVIDE (end = .)
                [!provide]                        PROVIDE (_end = .)
                0x0000000020001c68                . = (. + _Min_Heap_Size)
 *fill*         0x0000000020001a68      0x200 
                0x0000000020002068                . = (. + _Min_Stack_Size)
 *fill*         0x0000000020001c68      0x400 
                0x0000000020002068                . = ALIGN (0x8)

/DISCARD/
 libc.a(*)
 libm.a(*)
 libgcc.a(*)

.ARM.attributes
                0x0000000000000000       0x28
 *(.ARM.attributes)
 .ARM.attributes
                0x0000000000000000       0x1e /home/arielo/Ac6/SystemWorkbench/plugins/fr.ac6.mcu.externaltools.arm-none.linux64_1.17.0.201812190825/tools/compiler/bin/../lib/gcc/arm-none-eabi/7.3.1/thumb/v6-m/crti.o
 .ARM.attributes
                0x000000000000001e       0x2c /home/arielo/Ac6/SystemWorkbench/plugins/fr.ac6.mcu.externaltools.arm-none.linux64_1.17.0.201812190825/tools/compiler/bin/../lib/gcc/arm-none-eabi/7.3.1/thumb/v6-m/crtbegin.o
 .ARM.attributes
                0x000000000000004a       0x31 Drivers/STM32F0xx_HAL_Driver/Src/stm32f0xx_hal.o
 .ARM.attributes
                0x000000000000007b       0x31 Drivers/STM32F0xx_HAL_Driver/Src/stm32f0xx_hal_adc.o
 .ARM.attributes
                0x00000000000000ac       0x31 Drivers/STM32F0xx_HAL_Driver/Src/stm32f0xx_hal_cortex.o
 .ARM.attributes
                0x00000000000000dd       0x31 Drivers/STM32F0xx_HAL_Driver/Src/stm32f0xx_hal_dac.o
 .ARM.attributes
                0x000000000000010e       0x31 Drivers/STM32F0xx_HAL_Driver/Src/stm32f0xx_hal_dac_ex.o
 .ARM.attributes
                0x000000000000013f       0x31 Drivers/STM32F0xx_HAL_Driver/Src/stm32f0xx_hal_dma.o
 .ARM.attributes
                0x0000000000000170       0x31 Drivers/STM32F0xx_HAL_Driver/Src/stm32f0xx_hal_flash.o
 .ARM.attributes
                0x00000000000001a1       0x31 Drivers/STM32F0xx_HAL_Driver/Src/stm32f0xx_hal_flash_ex.o
 .ARM.attributes
                0x00000000000001d2       0x31 Drivers/STM32F0xx_HAL_Driver/Src/stm32f0xx_hal_gpio.o
 .ARM.attributes
                0x0000000000000203       0x31 Drivers/STM32F0xx_HAL_Driver/Src/stm32f0xx_hal_pcd.o
 .ARM.attributes
                0x0000000000000234       0x31 Drivers/STM32F0xx_HAL_Driver/Src/stm32f0xx_hal_pcd_ex.o
 .ARM.attributes
                0x0000000000000265       0x31 Drivers/STM32F0xx_HAL_Driver/Src/stm32f0xx_hal_rcc.o
 .ARM.attributes
                0x0000000000000296       0x31 Drivers/STM32F0xx_HAL_Driver/Src/stm32f0xx_hal_rcc_ex.o
 .ARM.attributes
                0x00000000000002c7       0x31 Drivers/STM32F0xx_HAL_Driver/Src/stm32f0xx_hal_spi.o
 .ARM.attributes
                0x00000000000002f8       0x31 Drivers/STM32F0xx_HAL_Driver/Src/stm32f0xx_hal_tim.o
 .ARM.attributes
                0x0000000000000329       0x31 Drivers/STM32F0xx_HAL_Driver/Src/stm32f0xx_hal_tim_ex.o
 .ARM.attributes
                0x000000000000035a       0x31 Drivers/STM32F0xx_HAL_Driver/Src/stm32f0xx_hal_uart.o
 .ARM.attributes
                0x000000000000038b       0x31 Drivers/STM32F0xx_HAL_Driver/Src/stm32f0xx_hal_uart_ex.o
 .ARM.attributes
                0x00000000000003bc       0x31 Middlewares/ST/STM32_USB_Device_Library/Class/CDC/Src/usbd_cdc.o
 .ARM.attributes
                0x00000000000003ed       0x31 Middlewares/ST/STM32_USB_Device_Library/Core/Src/usbd_core.o
 .ARM.attributes
                0x000000000000041e       0x31 Middlewares/ST/STM32_USB_Device_Library/Core/Src/usbd_ctlreq.o
 .ARM.attributes
                0x000000000000044f       0x31 Middlewares/ST/STM32_USB_Device_Library/Core/Src/usbd_ioreq.o
 .ARM.attributes
                0x0000000000000480       0x31 Src/eeprom.o
 .ARM.attributes
                0x00000000000004b1       0x31 Src/main.o
 .ARM.attributes
                0x00000000000004e2       0x31 Src/stm32f0xx_hal_msp.o
 .ARM.attributes
                0x0000000000000513       0x31 Src/stm32f0xx_it.o
 .ARM.attributes
                0x0000000000000544       0x31 Src/syscalls.o
 .ARM.attributes
                0x0000000000000575       0x31 Src/system_stm32f0xx.o
 .ARM.attributes
                0x00000000000005a6       0x31 Src/usb_device.o
 .ARM.attributes
                0x00000000000005d7       0x31 Src/usbd_cdc_if.o
 .ARM.attributes
                0x0000000000000608       0x31 Src/usbd_conf.o
 .ARM.attributes
                0x0000000000000639       0x31 Src/usbd_desc.o
 .ARM.attributes
                0x000000000000066a       0x21 startup/startup_stm32f072xb.o
 .ARM.attributes
                0x000000000000068b       0x1e /home/arielo/Ac6/SystemWorkbench/plugins/fr.ac6.mcu.externaltools.arm-none.linux64_1.17.0.201812190825/tools/compiler/bin/../lib/gcc/arm-none-eabi/7.3.1/thumb/v6-m/libgcc.a(_udivsi3.o)
 .ARM.attributes
                0x00000000000006a9       0x1e /home/arielo/Ac6/SystemWorkbench/plugins/fr.ac6.mcu.externaltools.arm-none.linux64_1.17.0.201812190825/tools/compiler/bin/../lib/gcc/arm-none-eabi/7.3.1/thumb/v6-m/libgcc.a(_divsi3.o)
 .ARM.attributes
                0x00000000000006c7       0x1e /home/arielo/Ac6/SystemWorkbench/plugins/fr.ac6.mcu.externaltools.arm-none.linux64_1.17.0.201812190825/tools/compiler/bin/../lib/gcc/arm-none-eabi/7.3.1/thumb/v6-m/libgcc.a(_dvmd_tls.o)
 .ARM.attributes
                0x00000000000006e5       0x1e /home/arielo/Ac6/SystemWorkbench/plugins/fr.ac6.mcu.externaltools.arm-none.linux64_1.17.0.201812190825/tools/compiler/bin/../lib/gcc/arm-none-eabi/7.3.1/thumb/v6-m/libgcc.a(_arm_cmpsf2.o)
 .ARM.attributes
                0x0000000000000703       0x2c /home/arielo/Ac6/SystemWorkbench/plugins/fr.ac6.mcu.externaltools.arm-none.linux64_1.17.0.201812190825/tools/compiler/bin/../lib/gcc/arm-none-eabi/7.3.1/thumb/v6-m/libgcc.a(addsf3.o)
 .ARM.attributes
                0x000000000000072f       0x2c /home/arielo/Ac6/SystemWorkbench/plugins/fr.ac6.mcu.externaltools.arm-none.linux64_1.17.0.201812190825/tools/compiler/bin/../lib/gcc/arm-none-eabi/7.3.1/thumb/v6-m/libgcc.a(divsf3.o)
 .ARM.attributes
                0x000000000000075b       0x2c /home/arielo/Ac6/SystemWorkbench/plugins/fr.ac6.mcu.externaltools.arm-none.linux64_1.17.0.201812190825/tools/compiler/bin/../lib/gcc/arm-none-eabi/7.3.1/thumb/v6-m/libgcc.a(eqsf2.o)
 .ARM.attributes
                0x0000000000000787       0x2c /home/arielo/Ac6/SystemWorkbench/plugins/fr.ac6.mcu.externaltools.arm-none.linux64_1.17.0.201812190825/tools/compiler/bin/../lib/gcc/arm-none-eabi/7.3.1/thumb/v6-m/libgcc.a(gesf2.o)
 .ARM.attributes
                0x00000000000007b3       0x2c /home/arielo/Ac6/SystemWorkbench/plugins/fr.ac6.mcu.externaltools.arm-none.linux64_1.17.0.201812190825/tools/compiler/bin/../lib/gcc/arm-none-eabi/7.3.1/thumb/v6-m/libgcc.a(lesf2.o)
 .ARM.attributes
                0x00000000000007df       0x2c /home/arielo/Ac6/SystemWorkbench/plugins/fr.ac6.mcu.externaltools.arm-none.linux64_1.17.0.201812190825/tools/compiler/bin/../lib/gcc/arm-none-eabi/7.3.1/thumb/v6-m/libgcc.a(mulsf3.o)
 .ARM.attributes
                0x000000000000080b       0x2c /home/arielo/Ac6/SystemWorkbench/plugins/fr.ac6.mcu.externaltools.arm-none.linux64_1.17.0.201812190825/tools/compiler/bin/../lib/gcc/arm-none-eabi/7.3.1/thumb/v6-m/libgcc.a(subsf3.o)
 .ARM.attributes
                0x0000000000000837       0x2c /home/arielo/Ac6/SystemWorkbench/plugins/fr.ac6.mcu.externaltools.arm-none.linux64_1.17.0.201812190825/tools/compiler/bin/../lib/gcc/arm-none-eabi/7.3.1/thumb/v6-m/libgcc.a(fixsfsi.o)
 .ARM.attributes
                0x0000000000000863       0x2c /home/arielo/Ac6/SystemWorkbench/plugins/fr.ac6.mcu.externaltools.arm-none.linux64_1.17.0.201812190825/tools/compiler/bin/../lib/gcc/arm-none-eabi/7.3.1/thumb/v6-m/libgcc.a(floatsisf.o)
 .ARM.attributes
                0x000000000000088f       0x2c /home/arielo/Ac6/SystemWorkbench/plugins/fr.ac6.mcu.externaltools.arm-none.linux64_1.17.0.201812190825/tools/compiler/bin/../lib/gcc/arm-none-eabi/7.3.1/thumb/v6-m/libgcc.a(floatunsisf.o)
 .ARM.attributes
                0x00000000000008bb       0x1e /home/arielo/Ac6/SystemWorkbench/plugins/fr.ac6.mcu.externaltools.arm-none.linux64_1.17.0.201812190825/tools/compiler/bin/../lib/gcc/arm-none-eabi/7.3.1/thumb/v6-m/libgcc.a(_clzsi2.o)
 .ARM.attributes
                0x00000000000008d9       0x2c /home/arielo/Ac6/SystemWorkbench/plugins/fr.ac6.mcu.externaltools.arm-none.linux64_1.17.0.201812190825/tools/compiler/bin/../lib/gcc/arm-none-eabi/7.3.1/../../../../arm-none-eabi/lib/thumb/v6-m/libc_nano.a(lib_a-atol.o)
 .ARM.attributes
                0x0000000000000905       0x2c /home/arielo/Ac6/SystemWorkbench/plugins/fr.ac6.mcu.externaltools.arm-none.linux64_1.17.0.201812190825/tools/compiler/bin/../lib/gcc/arm-none-eabi/7.3.1/../../../../arm-none-eabi/lib/thumb/v6-m/libc_nano.a(lib_a-errno.o)
 .ARM.attributes
                0x0000000000000931       0x2c /home/arielo/Ac6/SystemWorkbench/plugins/fr.ac6.mcu.externaltools.arm-none.linux64_1.17.0.201812190825/tools/compiler/bin/../lib/gcc/arm-none-eabi/7.3.1/../../../../arm-none-eabi/lib/thumb/v6-m/libc_nano.a(lib_a-impure.o)
 .ARM.attributes
                0x000000000000095d       0x2c /home/arielo/Ac6/SystemWorkbench/plugins/fr.ac6.mcu.externaltools.arm-none.linux64_1.17.0.201812190825/tools/compiler/bin/../lib/gcc/arm-none-eabi/7.3.1/../../../../arm-none-eabi/lib/thumb/v6-m/libc_nano.a(lib_a-init.o)
 .ARM.attributes
                0x0000000000000989       0x2c /home/arielo/Ac6/SystemWorkbench/plugins/fr.ac6.mcu.externaltools.arm-none.linux64_1.17.0.201812190825/tools/compiler/bin/../lib/gcc/arm-none-eabi/7.3.1/../../../../arm-none-eabi/lib/thumb/v6-m/libc_nano.a(lib_a-memset.o)
 .ARM.attributes
                0x00000000000009b5       0x2c /home/arielo/Ac6/SystemWorkbench/plugins/fr.ac6.mcu.externaltools.arm-none.linux64_1.17.0.201812190825/tools/compiler/bin/../lib/gcc/arm-none-eabi/7.3.1/../../../../arm-none-eabi/lib/thumb/v6-m/libc_nano.a(lib_a-sprintf.o)
 .ARM.attributes
                0x00000000000009e1       0x2c /home/arielo/Ac6/SystemWorkbench/plugins/fr.ac6.mcu.externaltools.arm-none.linux64_1.17.0.201812190825/tools/compiler/bin/../lib/gcc/arm-none-eabi/7.3.1/../../../../arm-none-eabi/lib/thumb/v6-m/libc_nano.a(lib_a-strcat.o)
 .ARM.attributes
                0x0000000000000a0d       0x2c /home/arielo/Ac6/SystemWorkbench/plugins/fr.ac6.mcu.externaltools.arm-none.linux64_1.17.0.201812190825/tools/compiler/bin/../lib/gcc/arm-none-eabi/7.3.1/../../../../arm-none-eabi/lib/thumb/v6-m/libc_nano.a(lib_a-strchr.o)
 .ARM.attributes
                0x0000000000000a39       0x2c /home/arielo/Ac6/SystemWorkbench/plugins/fr.ac6.mcu.externaltools.arm-none.linux64_1.17.0.201812190825/tools/compiler/bin/../lib/gcc/arm-none-eabi/7.3.1/../../../../arm-none-eabi/lib/thumb/v6-m/libc_nano.a(lib_a-strcpy.o)
 .ARM.attributes
                0x0000000000000a65       0x2c /home/arielo/Ac6/SystemWorkbench/plugins/fr.ac6.mcu.externaltools.arm-none.linux64_1.17.0.201812190825/tools/compiler/bin/../lib/gcc/arm-none-eabi/7.3.1/../../../../arm-none-eabi/lib/thumb/v6-m/libc_nano.a(lib_a-strncpy.o)
 .ARM.attributes
                0x0000000000000a91       0x2c /home/arielo/Ac6/SystemWorkbench/plugins/fr.ac6.mcu.externaltools.arm-none.linux64_1.17.0.201812190825/tools/compiler/bin/../lib/gcc/arm-none-eabi/7.3.1/../../../../arm-none-eabi/lib/thumb/v6-m/libc_nano.a(lib_a-strstr.o)
 .ARM.attributes
                0x0000000000000abd       0x2c /home/arielo/Ac6/SystemWorkbench/plugins/fr.ac6.mcu.externaltools.arm-none.linux64_1.17.0.201812190825/tools/compiler/bin/../lib/gcc/arm-none-eabi/7.3.1/../../../../arm-none-eabi/lib/thumb/v6-m/libc_nano.a(lib_a-strtol.o)
 .ARM.attributes
                0x0000000000000ae9       0x2c /home/arielo/Ac6/SystemWorkbench/plugins/fr.ac6.mcu.externaltools.arm-none.linux64_1.17.0.201812190825/tools/compiler/bin/../lib/gcc/arm-none-eabi/7.3.1/../../../../arm-none-eabi/lib/thumb/v6-m/libc_nano.a(lib_a-locale.o)
 .ARM.attributes
                0x0000000000000b15       0x2c /home/arielo/Ac6/SystemWorkbench/plugins/fr.ac6.mcu.externaltools.arm-none.linux64_1.17.0.201812190825/tools/compiler/bin/../lib/gcc/arm-none-eabi/7.3.1/../../../../arm-none-eabi/lib/thumb/v6-m/libc_nano.a(lib_a-mbtowc_r.o)
 .ARM.attributes
                0x0000000000000b41       0x2c /home/arielo/Ac6/SystemWorkbench/plugins/fr.ac6.mcu.externaltools.arm-none.linux64_1.17.0.201812190825/tools/compiler/bin/../lib/gcc/arm-none-eabi/7.3.1/../../../../arm-none-eabi/lib/thumb/v6-m/libc_nano.a(lib_a-nano-svfprintf.o)
 .ARM.attributes
                0x0000000000000b6d       0x2c /home/arielo/Ac6/SystemWorkbench/plugins/fr.ac6.mcu.externaltools.arm-none.linux64_1.17.0.201812190825/tools/compiler/bin/../lib/gcc/arm-none-eabi/7.3.1/../../../../arm-none-eabi/lib/thumb/v6-m/libc_nano.a(lib_a-nano-vfprintf_i.o)
 .ARM.attributes